<html>
<body>
<pre>
<h1>礦ision Build Log</h1>
<h2>Tool Versions:</h2>
IDE-Version: μVision V5.14.0.0
Copyright (C) 2015 ARM Ltd and ARM Germany GmbH. All rights reserved.
License Information: NI Ervin, Ni, LIC=14HV2-9XZVI-SBPEJ-UFA04-XHREG-II879
 
Tool Versions:
Toolchain:       MDK-ARM Standard  Version: 5.14.0.0
Toolchain Path:  D:\MDK5\ARM\ARMCC\Bin
C Compiler:      Armcc.exe V5.05 update 1 (build 106)
Assembler:       Armasm.exe V5.05 update 1 (build 106)
Linker/Locator:  ArmLink.exe V5.05 update 1 (build 106)
Library Manager: ArmAr.exe V5.05 update 1 (build 106)
Hex Converter:   FromElf.exe V5.05 update 1 (build 106)
CPU DLL:         SARMCM3.DLL V5.14.0.0
Dialog DLL:      DCM.DLL V1.13.1.0
Target DLL:      STLink\ST-LINKIII-KEIL_SWO.dll V2.0.14.0_KEIL
Dialog DLL:      TCM.DLL V1.14.4.0
 
<h2>Project:</h2>
C:\Users\16081\Desktop\SmartTerminal\terminal_firmware\SmartTerminal\MDK-ARM\DriverTester_F407.uvprojx
Project File Date:  05/05/2024

<h2>Output:</h2>
Build target 'DriverTester_F407'
compiling UI.c...
..\App\UI\UI.c(66): warning:  #1035-D: single-precision operand implicitly converted to double-precision
                                        if(getMotorAngle()<_3_PI_4 - angleDiff){
..\App\UI\UI.c(76): warning:  #1035-D: single-precision operand implicitly converted to double-precision
                                        if(getMotorAngle()>_PI_4 - angleDiff){
..\App\UI\UI.c(77): warning:  #1035-D: single-precision operand implicitly converted to double-precision
                                                targetAngle = _PI - angleDiff;
..\App\UI\UI.c(107): warning:  #1035-D: single-precision operand implicitly converted to double-precision
                        float minAngle = _PI - angleDiff; //最小边界值
..\App\UI\UI.c(124): warning:  #1035-D: single-precision operand implicitly converted to double-precision
                                        case BriBar: setScreenBri((float)getCurrentpage().data*2.55);break;
..\App\UI\UI.c(125): warning:  #1035-D: single-precision operand implicitly converted to double-precision
                                        case IntensBar:setIntens((float)getCurrentpage().data*0.4+20);break;
..\App\UI\UI.c(194): warning:  #1035-D: single-precision operand implicitly converted to double-precision
                                                        case Bright1: diffAngle = _PI - targetAngle;    break;
..\App\UI\UI.c(202): warning:  #1035-D: single-precision operand implicitly converted to double-precision
                                                diffAngle = -(float)getCurrentpage().data*_PI/50 + _PI - targetAngle;
..\App\UI\UI.c(254): warning:  #223-D: function "printf" declared implicitly
                printf("%d\n", getCurrentpageId());
..\App\UI\UI.c: 9 warnings, 0 errors
linking...
Program Size: Code=28008 RO-data=5928 RW-data=464 ZI-data=20576  
FromELF: creating hex file...
"DriverTester_F407\DriverTester_F407.axf" - 0 Error(s), 9 Warning(s).

<h2>Software Packages used:</h2>

Package Vendor: ARM
                http://www.keil.com/pack/ARM.CMSIS.4.2.0.pack
                ARM::CMSIS:CORE:3.40.0
                CMSIS (Cortex Microcontroller Software Interface Standard)
   * Component: CORE Version: 3.40.0

<h2>Collection of Component include folders:</h2>
  C:\Users\16081\Desktop\SmartTerminal\terminal_firmware\SmartTerminal\MDK-ARM\RTE
  D:\MDK5\ARM\PACK\ARM\CMSIS\4.2.0\CMSIS\Include
  D:\MDK5\ARM\PACK\Keil\STM32F4xx_DFP\2.17.1

<h2>Collection of Component Files used:</h2>

   * Component: ARM::CMSIS:CORE:3.40.0
      Source file:   CMSIS\UserCodeTemplates\ARM\ITM_Retarget.c
</pre>
</body>
</html>
