Component: ARM Compiler 5.05 update 1 (build 106) Tool: armlink [4d0efa]

==============================================================================

Section Cross References

    startup_stm32f407xx.o(RESET) refers to startup_stm32f407xx.o(STACK) for __initial_sp
    startup_stm32f407xx.o(RESET) refers to startup_stm32f407xx.o(.text) for Reset_Handler
    startup_stm32f407xx.o(RESET) refers to stm32f4xx_it.o(i.NMI_Handler) for NMI_Handler
    startup_stm32f407xx.o(RESET) refers to stm32f4xx_it.o(i.HardFault_Handler) for HardFault_Handler
    startup_stm32f407xx.o(RESET) refers to stm32f4xx_it.o(i.MemManage_Handler) for MemManage_Handler
    startup_stm32f407xx.o(RESET) refers to stm32f4xx_it.o(i.BusFault_Handler) for BusFault_Handler
    startup_stm32f407xx.o(RESET) refers to stm32f4xx_it.o(i.UsageFault_Handler) for UsageFault_Handler
    startup_stm32f407xx.o(RESET) refers to port.o(.emb_text) for SVC_Handler
    startup_stm32f407xx.o(RESET) refers to stm32f4xx_it.o(i.DebugMon_Handler) for DebugMon_Handler
    startup_stm32f407xx.o(RESET) refers to cmsis_os2.o(i.SysTick_Handler) for SysTick_Handler
    startup_stm32f407xx.o(RESET) refers to stm32f4xx_it.o(i.CAN1_RX0_IRQHandler) for CAN1_RX0_IRQHandler
    startup_stm32f407xx.o(RESET) refers to stm32f4xx_it.o(i.TIM4_IRQHandler) for TIM4_IRQHandler
    startup_stm32f407xx.o(RESET) refers to stm32f4xx_it.o(i.DMA2_Stream0_IRQHandler) for DMA2_Stream0_IRQHandler
    startup_stm32f407xx.o(.text) refers to system_stm32f4xx.o(i.SystemInit) for SystemInit
    startup_stm32f407xx.o(.text) refers to entry.o(.ARM.Collect$$$$00000000) for __main
    main.o(i.HAL_TIM_PeriodElapsedCallback) refers to stm32f4xx_hal.o(i.HAL_IncTick) for HAL_IncTick
    main.o(i.SystemClock_Config) refers to memseta.o(.text) for __aeabi_memclr4
    main.o(i.SystemClock_Config) refers to stm32f4xx_hal_rcc.o(i.HAL_RCC_OscConfig) for HAL_RCC_OscConfig
    main.o(i.SystemClock_Config) refers to stm32f4xx_hal_rcc.o(i.HAL_RCC_ClockConfig) for HAL_RCC_ClockConfig
    main.o(i.main) refers to stm32f4xx_hal.o(i.HAL_Init) for HAL_Init
    main.o(i.main) refers to main.o(i.SystemClock_Config) for SystemClock_Config
    main.o(i.main) refers to gpio.o(i.MX_GPIO_Init) for MX_GPIO_Init
    main.o(i.main) refers to dma.o(i.MX_DMA_Init) for MX_DMA_Init
    main.o(i.main) refers to can.o(i.MX_CAN1_Init) for MX_CAN1_Init
    main.o(i.main) refers to usart.o(i.MX_USART1_UART_Init) for MX_USART1_UART_Init
    main.o(i.main) refers to adc.o(i.MX_ADC1_Init) for MX_ADC1_Init
    main.o(i.main) refers to i2c.o(i.MX_I2C1_Init) for MX_I2C1_Init
    main.o(i.main) refers to cmsis_os2.o(i.osKernelInitialize) for osKernelInitialize
    main.o(i.main) refers to freertos.o(i.MX_FREERTOS_Init) for MX_FREERTOS_Init
    main.o(i.main) refers to cmsis_os2.o(i.osKernelStart) for osKernelStart
    gpio.o(i.MX_GPIO_Init) refers to memseta.o(.text) for __aeabi_memclr4
    gpio.o(i.MX_GPIO_Init) refers to stm32f4xx_hal_gpio.o(i.HAL_GPIO_WritePin) for HAL_GPIO_WritePin
    gpio.o(i.MX_GPIO_Init) refers to stm32f4xx_hal_gpio.o(i.HAL_GPIO_Init) for HAL_GPIO_Init
    freertos.o(i.MX_FREERTOS_Init) refers to driver_oled.o(i.OLED_Init) for OLED_Init
    freertos.o(i.MX_FREERTOS_Init) refers to driver_joystick.o(i.JoyStickInit) for JoyStickInit
    freertos.o(i.MX_FREERTOS_Init) refers to driver_motorcomm.o(i.MotorCommInit) for MotorCommInit
    freertos.o(i.MX_FREERTOS_Init) refers to mpu6050.o(i.MPU_Init) for MPU_Init
    freertos.o(i.MX_FREERTOS_Init) refers to inv_mpu.o(i.mpu_dmp_init) for mpu_dmp_init
    freertos.o(i.MX_FREERTOS_Init) refers to printfa.o(i.__0printf) for __2printf
    freertos.o(i.MX_FREERTOS_Init) refers to cmsis_os2.o(i.osThreadNew) for osThreadNew
    freertos.o(i.MX_FREERTOS_Init) refers to freertos.o(.constdata) for .constdata
    freertos.o(i.MX_FREERTOS_Init) refers to freertos.o(i.StartDefaultTask) for StartDefaultTask
    freertos.o(i.MX_FREERTOS_Init) refers to freertos.o(.data) for .data
    freertos.o(i.StartDefaultTask) refers to cmsis_os2.o(i.osDelay) for osDelay
    freertos.o(.constdata) refers to freertos.o(.conststring) for .conststring
    adc.o(i.HAL_ADC_MspDeInit) refers to stm32f4xx_hal_gpio.o(i.HAL_GPIO_DeInit) for HAL_GPIO_DeInit
    adc.o(i.HAL_ADC_MspDeInit) refers to stm32f4xx_hal_dma.o(i.HAL_DMA_DeInit) for HAL_DMA_DeInit
    adc.o(i.HAL_ADC_MspInit) refers to memseta.o(.text) for __aeabi_memclr4
    adc.o(i.HAL_ADC_MspInit) refers to stm32f4xx_hal_gpio.o(i.HAL_GPIO_Init) for HAL_GPIO_Init
    adc.o(i.HAL_ADC_MspInit) refers to stm32f4xx_hal_dma.o(i.HAL_DMA_Init) for HAL_DMA_Init
    adc.o(i.HAL_ADC_MspInit) refers to main.o(i.Error_Handler) for Error_Handler
    adc.o(i.HAL_ADC_MspInit) refers to adc.o(.bss) for .bss
    adc.o(i.MX_ADC1_Init) refers to stm32f4xx_hal_adc.o(i.HAL_ADC_Init) for HAL_ADC_Init
    adc.o(i.MX_ADC1_Init) refers to main.o(i.Error_Handler) for Error_Handler
[...]
    i.pxPortInitialiseStack                  0x08006558   Section        0  port.o(i.pxPortInitialiseStack)
    i.run_self_test                          0x08006584   Section        0  inv_mpu.o(i.run_self_test)
    i.set_int_enable                         0x0800660c   Section        0  inv_mpu.o(i.set_int_enable)
    set_int_enable                           0x0800660d   Thumb Code    84  inv_mpu.o(i.set_int_enable)
    i.uxListRemove                           0x08006664   Section        0  list.o(i.uxListRemove)
    i.vApplicationGetIdleTaskMemory          0x0800668c   Section        0  cmsis_os2.o(i.vApplicationGetIdleTaskMemory)
    i.vApplicationGetTimerTaskMemory         0x080066a0   Section        0  cmsis_os2.o(i.vApplicationGetTimerTaskMemory)
    i.vListInitialise                        0x080066b8   Section        0  list.o(i.vListInitialise)
    i.vListInitialiseItem                    0x080066ce   Section        0  list.o(i.vListInitialiseItem)
    i.vListInsert                            0x080066d4   Section        0  list.o(i.vListInsert)
    i.vListInsertEnd                         0x08006704   Section        0  list.o(i.vListInsertEnd)
    i.vPortEnterCritical                     0x0800671c   Section        0  port.o(i.vPortEnterCritical)
    i.vPortExitCritical                      0x0800675c   Section        0  port.o(i.vPortExitCritical)
    i.vPortFree                              0x08006784   Section        0  heap_4.o(i.vPortFree)
    i.vPortSetupTimerInterrupt               0x080067e8   Section        0  port.o(i.vPortSetupTimerInterrupt)
    i.vPortValidateInterruptPriority         0x0800680c   Section        0  port.o(i.vPortValidateInterruptPriority)
    i.vQueueAddToRegistry                    0x08006860   Section        0  queue.o(i.vQueueAddToRegistry)
    i.vQueueWaitForMessageRestricted         0x08006888   Section        0  queue.o(i.vQueueWaitForMessageRestricted)
    i.vTaskDelay                             0x080068cc   Section        0  tasks.o(i.vTaskDelay)
    i.vTaskInternalSetTimeOutState           0x08006918   Section        0  tasks.o(i.vTaskInternalSetTimeOutState)
    i.vTaskMissedYield                       0x08006928   Section        0  tasks.o(i.vTaskMissedYield)
    i.vTaskPlaceOnEventList                  0x08006934   Section        0  tasks.o(i.vTaskPlaceOnEventList)
    i.vTaskPlaceOnEventListRestricted        0x08006964   Section        0  tasks.o(i.vTaskPlaceOnEventListRestricted)
    i.vTaskStartScheduler                    0x0800699c   Section        0  tasks.o(i.vTaskStartScheduler)
    i.vTaskSuspendAll                        0x08006a24   Section        0  tasks.o(i.vTaskSuspendAll)
    i.vTaskSwitchContext                     0x08006a34   Section        0  tasks.o(i.vTaskSwitchContext)
    i.xPortStartScheduler                    0x08006a98   Section        0  port.o(i.xPortStartScheduler)
    i.xPortSysTickHandler                    0x08006b8c   Section        0  port.o(i.xPortSysTickHandler)
    i.xQueueGenericCreateStatic              0x08006bb8   Section        0  queue.o(i.xQueueGenericCreateStatic)
    i.xQueueGenericReset                     0x08006c20   Section        0  queue.o(i.xQueueGenericReset)
    i.xQueueGenericSend                      0x08006ca8   Section        0  queue.o(i.xQueueGenericSend)
    i.xQueueGenericSendFromISR               0x08006e08   Section        0  queue.o(i.xQueueGenericSendFromISR)
    i.xQueueReceive                          0x08006ec8   Section        0  queue.o(i.xQueueReceive)
    i.xTaskCheckForTimeOut                   0x08007000   Section        0  tasks.o(i.xTaskCheckForTimeOut)
    i.xTaskCreate                            0x08007074   Section        0  tasks.o(i.xTaskCreate)
    i.xTaskCreateStatic                      0x080070ce   Section        0  tasks.o(i.xTaskCreateStatic)
    i.xTaskGetSchedulerState                 0x08007124   Section        0  tasks.o(i.xTaskGetSchedulerState)
    i.xTaskGetTickCount                      0x08007140   Section        0  tasks.o(i.xTaskGetTickCount)
    i.xTaskIncrementTick                     0x0800714c   Section        0  tasks.o(i.xTaskIncrementTick)
    i.xTaskPriorityDisinherit                0x08007214   Section        0  tasks.o(i.xTaskPriorityDisinherit)
    i.xTaskRemoveFromEventList               0x08007294   Section        0  tasks.o(i.xTaskRemoveFromEventList)
    i.xTaskResumeAll                         0x08007304   Section        0  tasks.o(i.xTaskResumeAll)
    i.xTimerCreateTimerTask                  0x080073c8   Section        0  timers.o(i.xTimerCreateTimerTask)
    i.xTimerGenericCommand                   0x08007428   Section        0  timers.o(i.xTimerGenericCommand)
    .constdata                               0x08007490   Section       36  freertos.o(.constdata)
    .constdata                               0x080074b4   Section        8  stm32f4xx_hal_dma.o(.constdata)
    flagBitshiftOffset                       0x080074b4   Data           8  stm32f4xx_hal_dma.o(.constdata)
    .constdata                               0x080074bc   Section       16  system_stm32f4xx.o(.constdata)
    .constdata                               0x080074cc   Section        8  system_stm32f4xx.o(.constdata)
    .constdata                               0x080074d4   Section       27  inv_mpu.o(.constdata)
    .constdata                               0x080074f0   Section       12  inv_mpu.o(.constdata)
    .constdata                               0x080074fc   Section       40  inv_mpu.o(.constdata)
    .constdata                               0x08007524   Section     3062  inv_mpu_dmp_motion_driver.o(.constdata)
    dmp_memory                               0x08007524   Data        3062  inv_mpu_dmp_motion_driver.o(.constdata)
    .conststring                             0x0800811c   Section       12  freertos.o(.conststring)
    .conststring                             0x08008128   Section       77  inv_mpu.o(.conststring)
    .data                                    0x20000000   Section        4  freertos.o(.data)
    .data                                    0x20000004   Section       12  stm32f4xx_hal.o(.data)
    .data                                    0x20000010   Section        4  system_stm32f4xx.o(.data)
    .data                                    0x20000014   Section        8  driver_oled.o(.data)
    mem_mode                                 0x20000014   Data           1  driver_oled.o(.data)
    g_pHI2COLED                              0x20000018   Data           4  driver_oled.o(.data)
    .data                                    0x2000001c   Section        8  driver_motorcomm.o(.data)
    .data                                    0x20000024   Section       53  inv_mpu.o(.data)
    st                                       0x20000024   Data          44  inv_mpu.o(.data)
    gyro_orientation                         0x20000050   Data           9  inv_mpu.o(.data)
    .data                                    0x2000005c   Section        4  mpu6050.o(.data)
    g_pHI2CMPU6050                           0x2000005c   Data           4  mpu6050.o(.data)
    .data                                    0x20000060   Section       60  tasks.o(.data)
    uxDeletedTasksWaitingCleanUp             0x20000064   Data           4  tasks.o(.data)
    uxCurrentNumberOfTasks                   0x20000068   Data           4  tasks.o(.data)
    xTickCount                               0x2000006c   Data           4  tasks.o(.data)
    uxTopReadyPriority                       0x20000070   Data           4  tasks.o(.data)
    xSchedulerRunning                        0x20000074   Data           4  tasks.o(.data)
    xPendedTicks                             0x20000078   Data           4  tasks.o(.data)
    xYieldPending                            0x2000007c   Data           4  tasks.o(.data)
    xNumOfOverflows                          0x20000080   Data           4  tasks.o(.data)
    uxTaskNumber                             0x20000084   Data           4  tasks.o(.data)
    xNextTaskUnblockTime                     0x20000088   Data           4  tasks.o(.data)
    xIdleTaskHandle                          0x2000008c   Data           4  tasks.o(.data)
    uxSchedulerSuspended                     0x20000090   Data           4  tasks.o(.data)
    pxDelayedTaskList                        0x20000094   Data           4  tasks.o(.data)
    pxOverflowDelayedTaskList                0x20000098   Data           4  tasks.o(.data)
    .data                                    0x2000009c   Section       20  timers.o(.data)
    xTimerQueue                              0x2000009c   Data           4  timers.o(.data)
    xTimerTaskHandle                         0x200000a0   Data           4  timers.o(.data)
    xLastTime                                0x200000a4   Data           4  timers.o(.data)
    pxCurrentTimerList                       0x200000a8   Data           4  timers.o(.data)
    pxOverflowTimerList                      0x200000ac   Data           4  timers.o(.data)
    .data                                    0x200000b0   Section        4  cmsis_os2.o(.data)
    KernelState                              0x200000b0   Data           4  cmsis_os2.o(.data)
    .data                                    0x200000b4   Section       32  heap_4.o(.data)
    pxEnd                                    0x200000b4   Data           4  heap_4.o(.data)
    xFreeBytesRemaining                      0x200000b8   Data           4  heap_4.o(.data)
    xMinimumEverFreeBytesRemaining           0x200000bc   Data           4  heap_4.o(.data)
    xNumberOfSuccessfulAllocations           0x200000c0   Data           4  heap_4.o(.data)
    xNumberOfSuccessfulFrees                 0x200000c4   Data           4  heap_4.o(.data)
    xBlockAllocatedBit                       0x200000c8   Data           4  heap_4.o(.data)
    xStart                                   0x200000cc   Data           8  heap_4.o(.data)
    .data                                    0x200000d4   Section       12  port.o(.data)
    ucMaxSysCallPriority                     0x200000d4   Data           1  port.o(.data)
    uxCriticalNesting                        0x200000d8   Data           4  port.o(.data)
    ulMaxPRIGROUPValue                       0x200000dc   Data           4  port.o(.data)
    .data                                    0x200000e0   Section        4  stdout.o(.data)
    .bss                                     0x200000e4   Section      168  adc.o(.bss)
    .bss                                     0x2000018c   Section       40  can.o(.bss)
    .bss                                     0x200001b4   Section       84  i2c.o(.bss)
    .bss                                     0x20000208   Section       72  usart.o(.bss)
    .bss                                     0x20000250   Section       72  stm32f4xx_hal_timebase_tim.o(.bss)
    .bss                                     0x20000298   Section      400  driver_joystick.o(.bss)
    ADC_Buffer                               0x20000298   Data         400  driver_joystick.o(.bss)
    .bss                                     0x20000428   Section       16  inv_mpu_dmp_motion_driver.o(.bss)
    dmp                                      0x20000428   Data          16  inv_mpu_dmp_motion_driver.o(.bss)
    .bss                                     0x20000438   Section       64  queue.o(.bss)
    .bss                                     0x20000478   Section     1220  tasks.o(.bss)
    pxReadyTasksLists                        0x20000478   Data        1120  tasks.o(.bss)
    xDelayedTaskList1                        0x200008d8   Data          20  tasks.o(.bss)
    xDelayedTaskList2                        0x200008ec   Data          20  tasks.o(.bss)
    xPendingReadyList                        0x20000900   Data          20  tasks.o(.bss)
    xTasksWaitingTermination                 0x20000914   Data          20  tasks.o(.bss)
    xSuspendedTaskList                       0x20000928   Data          20  tasks.o(.bss)
    .bss                                     0x2000093c   Section      280  timers.o(.bss)
    xStaticTimerQueue                        0x2000093c   Data          80  timers.o(.bss)
    ucStaticTimerQueueStorage                0x2000098c   Data         160  timers.o(.bss)
    xActiveTimerList1                        0x20000a2c   Data          20  timers.o(.bss)
    xActiveTimerList2                        0x20000a40   Data          20  timers.o(.bss)
    .bss                                     0x20000a54   Section     1720  cmsis_os2.o(.bss)
    Idle_TCB                                 0x20000a54   Data          92  cmsis_os2.o(.bss)
    Idle_Stack                               0x20000ab0   Data         512  cmsis_os2.o(.bss)
    Timer_TCB                                0x20000cb0   Data          92  cmsis_os2.o(.bss)
    Timer_Stack                              0x20000d0c   Data        1024  cmsis_os2.o(.bss)
    .bss                                     0x2000110c   Section    15360  heap_4.o(.bss)
    ucHeap                                   0x2000110c   Data       15360  heap_4.o(.bss)
    STACK                                    0x20004d10   Section     1024  startup_stm32f407xx.o(STACK)

    Global Symbols

    Symbol Name                              Value     Ov Type        Size  Object(Section)

    BuildAttributes$$THM_ISAv4$E$P$D$K$B$S$7EM$VFPi3$EXTD16$VFPS$VFMA$PE$A:L22UL41UL21$X:L11$S22US41US21$IEEE1$IW$USESV6$~STKCKD$USESV7$~SHL$OTIME$ROPI$IEEEX$EBA8$MICROLIB$REQ8$PRES8$EABIv2 0x00000000   Number         0  anon$$obj.o ABSOLUTE
    __ARM_use_no_argv                        0x00000000   Number         0  main.o ABSOLUTE
    _printf_a                                0x00000000   Number         0  stubs.o ABSOLUTE
    _printf_c                                0x00000000   Number         0  stubs.o ABSOLUTE
    _printf_charcount                        0x00000000   Number         0  stubs.o ABSOLUTE
    _printf_d                                0x00000000   Number         0  stubs.o ABSOLUTE
    _printf_e                                0x00000000   Number         0  stubs.o ABSOLUTE
    _printf_f                                0x00000000   Number         0  stubs.o ABSOLUTE
    _printf_flags                            0x00000000   Number         0  stubs.o ABSOLUTE
    _printf_fp_dec                           0x00000000   Number         0  stubs.o ABSOLUTE
    _printf_fp_hex                           0x00000000   Number         0  stubs.o ABSOLUTE
    _printf_g                                0x00000000   Number         0  stubs.o ABSOLUTE
    _printf_i                                0x00000000   Number         0  stubs.o ABSOLUTE
    _printf_int_dec                          0x00000000   Number         0  stubs.o ABSOLUTE
    _printf_l                                0x00000000   Number         0  stubs.o ABSOLUTE
    _printf_lc                               0x00000000   Number         0  stubs.o ABSOLUTE
    _printf_ll                               0x00000000   Number         0  stubs.o ABSOLUTE
    _printf_lld                              0x00000000   Number         0  stubs.o ABSOLUTE
    _printf_lli                              0x00000000   Number         0  stubs.o ABSOLUTE
    _printf_llo                              0x00000000   Number         0  stubs.o ABSOLUTE
    _printf_llu                              0x00000000   Number         0  stubs.o ABSOLUTE
    _printf_llx                              0x00000000   Number         0  stubs.o ABSOLUTE
    _printf_longlong_dec                     0x00000000   Number         0  stubs.o ABSOLUTE
    _printf_longlong_hex                     0x00000000   Number         0  stubs.o ABSOLUTE
    _printf_longlong_oct                     0x00000000   Number         0  stubs.o ABSOLUTE
    _printf_ls                               0x00000000   Number         0  stubs.o ABSOLUTE
    _printf_mbtowc                           0x00000000   Number         0  stubs.o ABSOLUTE
    _printf_n                                0x00000000   Number         0  stubs.o ABSOLUTE
    _printf_o                                0x00000000   Number         0  stubs.o ABSOLUTE
    _printf_p                                0x00000000   Number         0  stubs.o ABSOLUTE
    _printf_percent                          0x00000000   Number         0  stubs.o ABSOLUTE
    _printf_pre_padding                      0x00000000   Number         0  stubs.o ABSOLUTE
    _printf_return_value                     0x00000000   Number         0  stubs.o ABSOLUTE
    _printf_s                                0x00000000   Number         0  stubs.o ABSOLUTE
    _printf_sizespec                         0x00000000   Number         0  stubs.o ABSOLUTE
    _printf_str                              0x00000000   Number         0  stubs.o ABSOLUTE
    _printf_truncate_signed                  0x00000000   Number         0  stubs.o ABSOLUTE
    _printf_truncate_unsigned                0x00000000   Number         0  stubs.o ABSOLUTE
    _printf_u                                0x00000000   Number         0  stubs.o ABSOLUTE
    _printf_wc                               0x00000000   Number         0  stubs.o ABSOLUTE
    _printf_wctomb                           0x00000000   Number         0  stubs.o ABSOLUTE
    _printf_widthprec                        0x00000000   Number         0  stubs.o ABSOLUTE
    _printf_x                                0x00000000   Number         0  stubs.o ABSOLUTE
    __cpp_initialize__aeabi_                  - Undefined Weak Reference
    __cxa_finalize                            - Undefined Weak Reference
    __decompress                              - Undefined Weak Reference
    _clock_init                               - Undefined Weak Reference
    _microlib_exit                            - Undefined Weak Reference
    __Vectors_Size                           0x00000188   Number         0  startup_stm32f407xx.o ABSOLUTE
    __Vectors                                0x08000000   Data           4  startup_stm32f407xx.o(RESET)
    __Vectors_End                            0x08000188   Data           0  startup_stm32f407xx.o(RESET)
    __main                                   0x08000189   Thumb Code     0  entry.o(.ARM.Collect$$$$00000000)
    _main_stk                                0x08000189   Thumb Code     0  entry2.o(.ARM.Collect$$$$00000001)
    _main_scatterload                        0x0800018d   Thumb Code     0  entry5.o(.ARM.Collect$$$$00000004)
    __main_after_scatterload                 0x08000191   Thumb Code     0  entry5.o(.ARM.Collect$$$$00000004)
    _main_clock                              0x08000191   Thumb Code     0  entry7b.o(.ARM.Collect$$$$00000008)
    _main_cpp_init                           0x08000191   Thumb Code     0  entry8b.o(.ARM.Collect$$$$0000000A)
    _main_init                               0x08000191   Thumb Code     0  entry9a.o(.ARM.Collect$$$$0000000B)
    __rt_final_cpp                           0x08000199   Thumb Code     0  entry10a.o(.ARM.Collect$$$$0000000D)
    __rt_final_exit                          0x08000199   Thumb Code     0  entry11a.o(.ARM.Collect$$$$0000000F)
    SVC_Handler                              0x0800019d   Thumb Code    28  port.o(.emb_text)
    __asm___6_port_c_39a90d8d__prvStartFirstTask 0x080001bd   Thumb Code    36  port.o(.emb_text)
    __asm___6_port_c_39a90d8d__prvEnableVFP  0x080001e5   Thumb Code    16  port.o(.emb_text)
    PendSV_Handler                           0x080001f9   Thumb Code    88  port.o(.emb_text)
    vPortGetIPSR                             0x08000255   Thumb Code     6  port.o(.emb_text)
    Reset_Handler                            0x0800025d   Thumb Code     8  startup_stm32f407xx.o(.text)
    ADC_IRQHandler                           0x08000277   Thumb Code     0  startup_stm32f407xx.o(.text)
    CAN1_RX1_IRQHandler                      0x08000277   Thumb Code     0  startup_stm32f407xx.o(.text)
    CAN1_SCE_IRQHandler                      0x08000277   Thumb Code     0  startup_stm32f407xx.o(.text)
    CAN1_TX_IRQHandler                       0x08000277   Thumb Code     0  startup_stm32f407xx.o(.text)
    CAN2_RX0_IRQHandler                      0x08000277   Thumb Code     0  startup_stm32f407xx.o(.text)
    CAN2_RX1_IRQHandler                      0x08000277   Thumb Code     0  startup_stm32f407xx.o(.text)
    CAN2_SCE_IRQHandler                      0x08000277   Thumb Code     0  startup_stm32f407xx.o(.text)
    CAN2_TX_IRQHandler                       0x08000277   Thumb Code     0  startup_stm32f407xx.o(.text)
    DCMI_IRQHandler                          0x08000277   Thumb Code     0  startup_stm32f407xx.o(.text)
    DMA1_Stream0_IRQHandler                  0x08000277   Thumb Code     0  startup_stm32f407xx.o(.text)
    DMA1_Stream1_IRQHandler                  0x08000277   Thumb Code     0  startup_stm32f407xx.o(.text)
    DMA1_Stream2_IRQHandler                  0x08000277   Thumb Code     0  startup_stm32f407xx.o(.text)
    DMA1_Stream3_IRQHandler                  0x08000277   Thumb Code     0  startup_stm32f407xx.o(.text)
    DMA1_Stream4_IRQHandler                  0x08000277   Thumb Code     0  startup_stm32f407xx.o(.text)
    DMA1_Stream5_IRQHandler                  0x08000277   Thumb Code     0  startup_stm32f407xx.o(.text)
    DMA1_Stream6_IRQHandler                  0x08000277   Thumb Code     0  startup_stm32f407xx.o(.text)
    DMA1_Stream7_IRQHandler                  0x08000277   Thumb Code     0  startup_stm32f407xx.o(.text)
    DMA2_Stream1_IRQHandler                  0x08000277   Thumb Code     0  startup_stm32f407xx.o(.text)
    DMA2_Stream2_IRQHandler                  0x08000277   Thumb Code     0  startup_stm32f407xx.o(.text)
    DMA2_Stream3_IRQHandler                  0x08000277   Thumb Code     0  startup_stm32f407xx.o(.text)
    DMA2_Stream4_IRQHandler                  0x08000277   Thumb Code     0  startup_stm32f407xx.o(.text)
    DMA2_Stream5_IRQHandler                  0x08000277   Thumb Code     0  startup_stm32f407xx.o(.text)
    DMA2_Stream6_IRQHandler                  0x08000277   Thumb Code     0  startup_stm32f407xx.o(.text)
    DMA2_Stream7_IRQHandler                  0x08000277   Thumb Code     0  startup_stm32f407xx.o(.text)
    ETH_IRQHandler                           0x08000277   Thumb Code     0  startup_stm32f407xx.o(.text)
    ETH_WKUP_IRQHandler                      0x08000277   Thumb Code     0  startup_stm32f407xx.o(.text)
    EXTI0_IRQHandler                         0x08000277   Thumb Code     0  startup_stm32f407xx.o(.text)
    EXTI15_10_IRQHandler                     0x08000277   Thumb Code     0  startup_stm32f407xx.o(.text)
    EXTI1_IRQHandler                         0x08000277   Thumb Code     0  startup_stm32f407xx.o(.text)
    EXTI2_IRQHandler                         0x08000277   Thumb Code     0  startup_stm32f407xx.o(.text)
    EXTI3_IRQHandler                         0x08000277   Thumb Code     0  startup_stm32f407xx.o(.text)
    EXTI4_IRQHandler                         0x08000277   Thumb Code     0  startup_stm32f407xx.o(.text)
    EXTI9_5_IRQHandler                       0x08000277   Thumb Code     0  startup_stm32f407xx.o(.text)
    FLASH_IRQHandler                         0x08000277   Thumb Code     0  startup_stm32f407xx.o(.text)
    FMC_IRQHandler                           0x08000277   Thumb Code     0  startup_stm32f407xx.o(.text)
    FPU_IRQHandler                           0x08000277   Thumb Code     0  startup_stm32f407xx.o(.text)
    HASH_RNG_IRQHandler                      0x08000277   Thumb Code     0  startup_stm32f407xx.o(.text)
    I2C1_ER_IRQHandler                       0x08000277   Thumb Code     0  startup_stm32f407xx.o(.text)
    I2C1_EV_IRQHandler                       0x08000277   Thumb Code     0  startup_stm32f407xx.o(.text)
    I2C2_ER_IRQHandler                       0x08000277   Thumb Code     0  startup_stm32f407xx.o(.text)
    I2C2_EV_IRQHandler                       0x08000277   Thumb Code     0  startup_stm32f407xx.o(.text)
    I2C3_ER_IRQHandler                       0x08000277   Thumb Code     0  startup_stm32f407xx.o(.text)
    I2C3_EV_IRQHandler                       0x08000277   Thumb Code     0  startup_stm32f407xx.o(.text)
    OTG_FS_IRQHandler                        0x08000277   Thumb Code     0  startup_stm32f407xx.o(.text)
    OTG_FS_WKUP_IRQHandler                   0x08000277   Thumb Code     0  startup_stm32f407xx.o(.text)
    OTG_HS_EP1_IN_IRQHandler                 0x08000277   Thumb Code     0  startup_stm32f407xx.o(.text)
    OTG_HS_EP1_OUT_IRQHandler                0x08000277   Thumb Code     0  startup_stm32f407xx.o(.text)
    OTG_HS_IRQHandler                        0x08000277   Thumb Code     0  startup_stm32f407xx.o(.text)
    OTG_HS_WKUP_IRQHandler                   0x08000277   Thumb Code     0  startup_stm32f407xx.o(.text)
    PVD_IRQHandler                           0x08000277   Thumb Code     0  startup_stm32f407xx.o(.text)
    RCC_IRQHandler                           0x08000277   Thumb Code     0  startup_stm32f407xx.o(.text)
    RTC_Alarm_IRQHandler                     0x08000277   Thumb Code     0  startup_stm32f407xx.o(.text)
    RTC_WKUP_IRQHandler                      0x08000277   Thumb Code     0  startup_stm32f407xx.o(.text)
    SDIO_IRQHandler                          0x08000277   Thumb Code     0  startup_stm32f407xx.o(.text)
    SPI1_IRQHandler                          0x08000277   Thumb Code     0  startup_stm32f407xx.o(.text)
    SPI2_IRQHandler                          0x08000277   Thumb Code     0  startup_stm32f407xx.o(.text)
    SPI3_IRQHandler                          0x08000277   Thumb Code     0  startup_stm32f407xx.o(.text)
    TAMP_STAMP_IRQHandler                    0x08000277   Thumb Code     0  startup_stm32f407xx.o(.text)
    TIM1_BRK_TIM9_IRQHandler                 0x08000277   Thumb Code     0  startup_stm32f407xx.o(.text)
    TIM1_CC_IRQHandler                       0x08000277   Thumb Code     0  startup_stm32f407xx.o(.text)
    TIM1_TRG_COM_TIM11_IRQHandler            0x08000277   Thumb Code     0  startup_stm32f407xx.o(.text)
    TIM1_UP_TIM10_IRQHandler                 0x08000277   Thumb Code     0  startup_stm32f407xx.o(.text)
    TIM2_IRQHandler                          0x08000277   Thumb Code     0  startup_stm32f407xx.o(.text)
    TIM3_IRQHandler                          0x08000277   Thumb Code     0  startup_stm32f407xx.o(.text)
    TIM5_IRQHandler                          0x08000277   Thumb Code     0  startup_stm32f407xx.o(.text)
    TIM6_DAC_IRQHandler                      0x08000277   Thumb Code     0  startup_stm32f407xx.o(.text)
    TIM7_IRQHandler                          0x08000277   Thumb Code     0  startup_stm32f407xx.o(.text)
    TIM8_BRK_TIM12_IRQHandler                0x08000277   Thumb Code     0  startup_stm32f407xx.o(.text)
    TIM8_CC_IRQHandler                       0x08000277   Thumb Code     0  startup_stm32f407xx.o(.text)
    TIM8_TRG_COM_TIM14_IRQHandler            0x08000277   Thumb Code     0  startup_stm32f407xx.o(.text)
    TIM8_UP_TIM13_IRQHandler                 0x08000277   Thumb Code     0  startup_stm32f407xx.o(.text)
    UART4_IRQHandler                         0x08000277   Thumb Code     0  startup_stm32f407xx.o(.text)
    UART5_IRQHandler                         0x08000277   Thumb Code     0  startup_stm32f407xx.o(.text)
    USART1_IRQHandler                        0x08000277   Thumb Code     0  startup_stm32f407xx.o(.text)
    USART2_IRQHandler                        0x08000277   Thumb Code     0  startup_stm32f407xx.o(.text)
    USART3_IRQHandler                        0x08000277   Thumb Code     0  startup_stm32f407xx.o(.text)
    USART6_IRQHandler                        0x08000277   Thumb Code     0  startup_stm32f407xx.o(.text)
    WWDG_IRQHandler                          0x08000277   Thumb Code     0  startup_stm32f407xx.o(.text)
    __aeabi_uldivmod                         0x08000281   Thumb Code    98  uldiv.o(.text)
    __aeabi_ldivmod                          0x080002e3   Thumb Code    98  ldiv.o(.text)
    __aeabi_memcpy                           0x08000345   Thumb Code    36  memcpya.o(.text)
    __aeabi_memcpy4                          0x08000345   Thumb Code     0  memcpya.o(.text)
    __aeabi_memcpy8                          0x08000345   Thumb Code     0  memcpya.o(.text)
    __aeabi_memset                           0x08000369   Thumb Code    14  memseta.o(.text)
    __aeabi_memset4                          0x08000369   Thumb Code     0  memseta.o(.text)
    __aeabi_memset8                          0x08000369   Thumb Code     0  memseta.o(.text)
    __aeabi_memclr                           0x08000377   Thumb Code     4  memseta.o(.text)
    __aeabi_memclr4                          0x08000377   Thumb Code     0  memseta.o(.text)
    __aeabi_memclr8                          0x08000377   Thumb Code     0  memseta.o(.text)
    memset                                   0x0800037b   Thumb Code    18  memseta.o(.text)
    memcmp                                   0x0800038d   Thumb Code    26  memcmp.o(.text)
    __aeabi_dadd                             0x080003a7   Thumb Code   322  dadd.o(.text)
    __aeabi_dsub                             0x080004e9   Thumb Code     6  dadd.o(.text)
    __aeabi_drsub                            0x080004ef   Thumb Code     6  dadd.o(.text)
    __aeabi_dmul                             0x080004f5   Thumb Code   228  dmul.o(.text)
    __aeabi_ddiv                             0x080005d9   Thumb Code   222  ddiv.o(.text)
    __aeabi_uidiv                            0x080006b7   Thumb Code     0  uidiv.o(.text)
    __aeabi_uidivmod                         0x080006b7   Thumb Code    44  uidiv.o(.text)
    __aeabi_llsl                             0x080006e3   Thumb Code    30  llshl.o(.text)
    _ll_shift_l                              0x080006e3   Thumb Code     0  llshl.o(.text)
    __aeabi_llsr                             0x08000701   Thumb Code    32  llushr.o(.text)
    _ll_ushift_r                             0x08000701   Thumb Code     0  llushr.o(.text)
    __aeabi_lasr                             0x08000721   Thumb Code    36  llsshr.o(.text)
    _ll_sshift_r                             0x08000721   Thumb Code     0  llsshr.o(.text)
    __I$use$fp                               0x08000745   Thumb Code     0  iusefp.o(.text)
    _double_round                            0x08000745   Thumb Code    30  depilogue.o(.text)
    _double_epilogue                         0x08000763   Thumb Code   156  depilogue.o(.text)
    __aeabi_d2ulz                            0x080007ff   Thumb Code    48  dfixul.o(.text)
    __aeabi_cdrcmple                         0x08000831   Thumb Code    48  cdrcmple.o(.text)
    __scatterload                            0x08000861   Thumb Code    28  init.o(.text)
    __scatterload_rt2                        0x08000861   Thumb Code     0  init.o(.text)
    BusFault_Handler                         0x08000a3d   Thumb Code     2  stm32f4xx_it.o(i.BusFault_Handler)
    CAN1_RX0_IRQHandler                      0x08000a41   Thumb Code     6  stm32f4xx_it.o(i.CAN1_RX0_IRQHandler)
    DMA2_Stream0_IRQHandler                  0x08000a4d   Thumb Code     6  stm32f4xx_it.o(i.DMA2_Stream0_IRQHandler)
    DebugMon_Handler                         0x08000afd   Thumb Code     2  stm32f4xx_it.o(i.DebugMon_Handler)
    Error_Handler                            0x08000aff   Thumb Code     4  main.o(i.Error_Handler)
    HAL_ADC_ConfigChannel                    0x08000b05   Thumb Code   316  stm32f4xx_hal_adc.o(i.HAL_ADC_ConfigChannel)
    HAL_ADC_ConvCpltCallback                 0x08000c51   Thumb Code     2  stm32f4xx_hal_adc.o(i.HAL_ADC_ConvCpltCallback)
    HAL_ADC_ConvHalfCpltCallback             0x08000c53   Thumb Code     2  stm32f4xx_hal_adc.o(i.HAL_ADC_ConvHalfCpltCallback)
    HAL_ADC_ErrorCallback                    0x08000c55   Thumb Code     2  stm32f4xx_hal_adc.o(i.HAL_ADC_ErrorCallback)
    HAL_ADC_Init                             0x08000c57   Thumb Code    84  stm32f4xx_hal_adc.o(i.HAL_ADC_Init)
    HAL_ADC_MspInit                          0x08000cad   Thumb Code   132  adc.o(i.HAL_ADC_MspInit)
    HAL_ADC_Start_DMA                        0x08000d45   Thumb Code   302  stm32f4xx_hal_adc.o(i.HAL_ADC_Start_DMA)
    HAL_CAN_ActivateNotification             0x08000e99   Thumb Code    36  stm32f4xx_hal_can.o(i.HAL_CAN_ActivateNotification)
    HAL_CAN_ConfigFilter                     0x08000ebd   Thumb Code   262  stm32f4xx_hal_can.o(i.HAL_CAN_ConfigFilter)
    HAL_CAN_ErrorCallback                    0x08000fc9   Thumb Code     2  stm32f4xx_hal_can.o(i.HAL_CAN_ErrorCallback)
    HAL_CAN_GetRxMessage                     0x08000fcb   Thumb Code   244  stm32f4xx_hal_can.o(i.HAL_CAN_GetRxMessage)
    HAL_CAN_IRQHandler                       0x080010bf   Thumb Code   508  stm32f4xx_hal_can.o(i.HAL_CAN_IRQHandler)
    HAL_CAN_Init                             0x080012bb   Thumb Code   282  stm32f4xx_hal_can.o(i.HAL_CAN_Init)
    HAL_CAN_MspInit                          0x080013d5   Thumb Code   110  can.o(i.HAL_CAN_MspInit)
    HAL_CAN_RxFifo0FullCallback              0x08001451   Thumb Code     2  stm32f4xx_hal_can.o(i.HAL_CAN_RxFifo0FullCallback)
    HAL_CAN_RxFifo0MsgPendingCallback        0x08001455   Thumb Code    68  driver_motorcomm.o(i.HAL_CAN_RxFifo0MsgPendingCallback)
    HAL_CAN_RxFifo1FullCallback              0x080014a1   Thumb Code     2  stm32f4xx_hal_can.o(i.HAL_CAN_RxFifo1FullCallback)
    HAL_CAN_RxFifo1MsgPendingCallback        0x080014a3   Thumb Code     2  stm32f4xx_hal_can.o(i.HAL_CAN_RxFifo1MsgPendingCallback)
    HAL_CAN_SleepCallback                    0x080014a5   Thumb Code     2  stm32f4xx_hal_can.o(i.HAL_CAN_SleepCallback)
    HAL_CAN_Start                            0x080014a9   Thumb Code    88  stm32f4xx_hal_can.o(i.HAL_CAN_Start)
    HAL_CAN_TxMailbox0AbortCallback          0x08001501   Thumb Code     2  stm32f4xx_hal_can.o(i.HAL_CAN_TxMailbox0AbortCallback)
    HAL_CAN_TxMailbox0CompleteCallback       0x08001503   Thumb Code     2  stm32f4xx_hal_can.o(i.HAL_CAN_TxMailbox0CompleteCallback)
    HAL_CAN_TxMailbox1AbortCallback          0x08001505   Thumb Code     2  stm32f4xx_hal_can.o(i.HAL_CAN_TxMailbox1AbortCallback)
    HAL_CAN_TxMailbox1CompleteCallback       0x08001507   Thumb Code     2  stm32f4xx_hal_can.o(i.HAL_CAN_TxMailbox1CompleteCallback)
    HAL_CAN_TxMailbox2AbortCallback          0x08001509   Thumb Code     2  stm32f4xx_hal_can.o(i.HAL_CAN_TxMailbox2AbortCallback)
    HAL_CAN_TxMailbox2CompleteCallback       0x0800150b   Thumb Code     2  stm32f4xx_hal_can.o(i.HAL_CAN_TxMailbox2CompleteCallback)
    HAL_CAN_WakeUpFromRxMsgCallback          0x0800150d   Thumb Code     2  stm32f4xx_hal_can.o(i.HAL_CAN_WakeUpFromRxMsgCallback)
    HAL_DMA_IRQHandler                       0x08001511   Thumb Code   412  stm32f4xx_hal_dma.o(i.HAL_DMA_IRQHandler)
    HAL_DMA_Init                             0x080016b1   Thumb Code   206  stm32f4xx_hal_dma.o(i.HAL_DMA_Init)
    HAL_DMA_Start_IT                         0x08001785   Thumb Code   110  stm32f4xx_hal_dma.o(i.HAL_DMA_Start_IT)
    HAL_Delay                                0x080017f5   Thumb Code    32  stm32f4xx_hal.o(i.HAL_Delay)
    HAL_GPIO_Init                            0x08001819   Thumb Code   450  stm32f4xx_hal_gpio.o(i.HAL_GPIO_Init)
    HAL_GPIO_WritePin                        0x08001a09   Thumb Code    10  stm32f4xx_hal_gpio.o(i.HAL_GPIO_WritePin)
    HAL_GetTick                              0x08001a15   Thumb Code     6  stm32f4xx_hal.o(i.HAL_GetTick)
    HAL_I2C_Init                             0x08001a21   Thumb Code   376  stm32f4xx_hal_i2c.o(i.HAL_I2C_Init)
    HAL_I2C_Master_Transmit                  0x08001ba9   Thumb Code   290  stm32f4xx_hal_i2c.o(i.HAL_I2C_Master_Transmit)
    HAL_I2C_Mem_Read                         0x08001cd5   Thumb Code   502  stm32f4xx_hal_i2c.o(i.HAL_I2C_Mem_Read)
    HAL_I2C_Mem_Write                        0x08001ed9   Thumb Code   294  stm32f4xx_hal_i2c.o(i.HAL_I2C_Mem_Write)
    HAL_I2C_MspInit                          0x08002009   Thumb Code    92  i2c.o(i.HAL_I2C_MspInit)
    HAL_IncTick                              0x08002071   Thumb Code    12  stm32f4xx_hal.o(i.HAL_IncTick)
    HAL_Init                                 0x08002081   Thumb Code    48  stm32f4xx_hal.o(i.HAL_Init)
    HAL_InitTick                             0x080020b5   Thumb Code   132  stm32f4xx_hal_timebase_tim.o(i.HAL_InitTick)
    HAL_MspInit                              0x0800214d   Thumb Code    52  stm32f4xx_hal_msp.o(i.HAL_MspInit)
    HAL_NVIC_EnableIRQ                       0x08002185   Thumb Code    26  stm32f4xx_hal_cortex.o(i.HAL_NVIC_EnableIRQ)
    HAL_NVIC_SetPriority                     0x080021a1   Thumb Code    60  stm32f4xx_hal_cortex.o(i.HAL_NVIC_SetPriority)
    HAL_NVIC_SetPriorityGrouping             0x080021e1   Thumb Code    26  stm32f4xx_hal_cortex.o(i.HAL_NVIC_SetPriorityGrouping)
    HAL_RCC_ClockConfig                      0x08002205   Thumb Code   288  stm32f4xx_hal_rcc.o(i.HAL_RCC_ClockConfig)
    HAL_RCC_GetClockConfig                   0x08002339   Thumb Code    54  stm32f4xx_hal_rcc.o(i.HAL_RCC_GetClockConfig)
    HAL_RCC_GetPCLK1Freq                     0x08002379   Thumb Code    20  stm32f4xx_hal_rcc.o(i.HAL_RCC_GetPCLK1Freq)
    HAL_RCC_GetPCLK2Freq                     0x08002399   Thumb Code    20  stm32f4xx_hal_rcc.o(i.HAL_RCC_GetPCLK2Freq)
    HAL_RCC_GetSysClockFreq                  0x080023b9   Thumb Code    88  stm32f4xx_hal_rcc.o(i.HAL_RCC_GetSysClockFreq)
    HAL_RCC_OscConfig                        0x08002419   Thumb Code   856  stm32f4xx_hal_rcc.o(i.HAL_RCC_OscConfig)
    HAL_TIMEx_BreakCallback                  0x08002785   Thumb Code     2  stm32f4xx_hal_tim_ex.o(i.HAL_TIMEx_BreakCallback)
    HAL_TIMEx_CommutCallback                 0x08002787   Thumb Code     2  stm32f4xx_hal_tim_ex.o(i.HAL_TIMEx_CommutCallback)
    HAL_TIM_Base_Init                        0x08002789   Thumb Code    90  stm32f4xx_hal_tim.o(i.HAL_TIM_Base_Init)
    HAL_TIM_Base_MspInit                     0x080027e3   Thumb Code     2  stm32f4xx_hal_tim.o(i.HAL_TIM_Base_MspInit)
    HAL_TIM_Base_Start_IT                    0x080027e5   Thumb Code   100  stm32f4xx_hal_tim.o(i.HAL_TIM_Base_Start_IT)
    HAL_TIM_IC_CaptureCallback               0x08002865   Thumb Code     2  stm32f4xx_hal_tim.o(i.HAL_TIM_IC_CaptureCallback)
    HAL_TIM_IRQHandler                       0x08002867   Thumb Code   304  stm32f4xx_hal_tim.o(i.HAL_TIM_IRQHandler)
    HAL_TIM_OC_DelayElapsedCallback          0x08002997   Thumb Code     2  stm32f4xx_hal_tim.o(i.HAL_TIM_OC_DelayElapsedCallback)
    HAL_TIM_PWM_PulseFinishedCallback        0x08002999   Thumb Code     2  stm32f4xx_hal_tim.o(i.HAL_TIM_PWM_PulseFinishedCallback)
    HAL_TIM_PeriodElapsedCallback            0x0800299d   Thumb Code    14  main.o(i.HAL_TIM_PeriodElapsedCallback)
    HAL_TIM_TriggerCallback                  0x080029b1   Thumb Code     2  stm32f4xx_hal_tim.o(i.HAL_TIM_TriggerCallback)
    HAL_UART_Init                            0x080029b3   Thumb Code   100  stm32f4xx_hal_uart.o(i.HAL_UART_Init)
    HAL_UART_MspInit                         0x08002a19   Thumb Code    94  usart.o(i.HAL_UART_MspInit)
    HAL_UART_Transmit                        0x08002a85   Thumb Code   160  stm32f4xx_hal_uart.o(i.HAL_UART_Transmit)
    HardFault_Handler                        0x08002b25   Thumb Code     2  stm32f4xx_it.o(i.HardFault_Handler)
    JoyStickInit                             0x08003001   Thumb Code    10  driver_joystick.o(i.JoyStickInit)
    MPU_Init                                 0x08003015   Thumb Code   114  mpu6050.o(i.MPU_Init)
    MPU_Read_Byte                            0x08003089   Thumb Code    42  mpu6050.o(i.MPU_Read_Byte)
    MPU_Read_Len                             0x080030b9   Thumb Code    36  mpu6050.o(i.MPU_Read_Len)
    MPU_Set_Accel_Fsr                        0x080030e1   Thumb Code    10  mpu6050.o(i.MPU_Set_Accel_Fsr)
    MPU_Set_Gyro_Fsr                         0x080030eb   Thumb Code    10  mpu6050.o(i.MPU_Set_Gyro_Fsr)
    MPU_Set_LPF                              0x080030f5   Thumb Code    48  mpu6050.o(i.MPU_Set_LPF)
    MPU_Set_Rate                             0x08003125   Thumb Code    46  mpu6050.o(i.MPU_Set_Rate)
    MPU_Write_Byte                           0x08003155   Thumb Code    44  mpu6050.o(i.MPU_Write_Byte)
    MPU_Write_Len                            0x08003185   Thumb Code    36  mpu6050.o(i.MPU_Write_Len)
    MX_ADC1_Init                             0x080031ad   Thumb Code   106  adc.o(i.MX_ADC1_Init)
    MX_CAN1_Init                             0x08003225   Thumb Code    58  can.o(i.MX_CAN1_Init)
    MX_DMA_Init                              0x08003269   Thumb Code    40  dma.o(i.MX_DMA_Init)
    MX_FREERTOS_Init                         0x08003295   Thumb Code    44  freertos.o(i.MX_FREERTOS_Init)
    MX_GPIO_Init                             0x080032e9   Thumb Code   136  gpio.o(i.MX_GPIO_Init)
    MX_I2C1_Init                             0x0800337d   Thumb Code    50  i2c.o(i.MX_I2C1_Init)
    MX_USART1_UART_Init                      0x080033bd   Thumb Code    48  usart.o(i.MX_USART1_UART_Init)
    MemManage_Handler                        0x080033f5   Thumb Code     2  stm32f4xx_it.o(i.MemManage_Handler)
    MotorCommInit                            0x080033f7   Thumb Code     4  driver_motorcomm.o(i.MotorCommInit)
    MyCAN_Init                               0x080033fd   Thumb Code    52  can.o(i.MyCAN_Init)
    NMI_Handler                              0x08003435   Thumb Code     2  stm32f4xx_it.o(i.NMI_Handler)
    OLED_Init                                0x08003439   Thumb Code   148  driver_oled.o(i.OLED_Init)
    StartDefaultTask                         0x08003525   Thumb Code     8  freertos.o(i.StartDefaultTask)
    SysTick_Handler                          0x0800352d   Thumb Code    26  cmsis_os2.o(i.SysTick_Handler)
    SystemClock_Config                       0x08003549   Thumb Code   138  main.o(i.SystemClock_Config)
    SystemInit                               0x080035dd   Thumb Code    12  system_stm32f4xx.o(i.SystemInit)
    TIM4_IRQHandler                          0x080035ed   Thumb Code     6  stm32f4xx_it.o(i.TIM4_IRQHandler)
    TIM_Base_SetConfig                       0x080035f9   Thumb Code   170  stm32f4xx_hal_tim.o(i.TIM_Base_SetConfig)
    UsageFault_Handler                       0x0800389f   Thumb Code     2  stm32f4xx_it.o(i.UsageFault_Handler)
    __0printf                                0x080038a1   Thumb Code    22  printfa.o(i.__0printf)
    __1printf                                0x080038a1   Thumb Code     0  printfa.o(i.__0printf)
    __2printf                                0x080038a1   Thumb Code     0  printfa.o(i.__0printf)
    __c89printf                              0x080038a1   Thumb Code     0  printfa.o(i.__0printf)
    printf                                   0x080038a1   Thumb Code     0  printfa.o(i.__0printf)
    __scatterload_copy                       0x080038e1   Thumb Code    14  handlers.o(i.__scatterload_copy)
    __scatterload_null                       0x080038ef   Thumb Code     2  handlers.o(i.__scatterload_null)
    __scatterload_zeroinit                   0x080038f1   Thumb Code    14  handlers.o(i.__scatterload_zeroinit)
    dmp_enable_6x_lp_quat                    0x08004225   Thumb Code    58  inv_mpu_dmp_motion_driver.o(i.dmp_enable_6x_lp_quat)
    dmp_enable_feature                       0x08004261   Thumb Code   464  inv_mpu_dmp_motion_driver.o(i.dmp_enable_feature)
    dmp_enable_gyro_cal                      0x08004439   Thumb Code    34  inv_mpu_dmp_motion_driver.o(i.dmp_enable_gyro_cal)
    dmp_enable_lp_quat                       0x08004475   Thumb Code    58  inv_mpu_dmp_motion_driver.o(i.dmp_enable_lp_quat)
    dmp_load_motion_driver_firmware          0x080044b1   Thumb Code    16  inv_mpu_dmp_motion_driver.o(i.dmp_load_motion_driver_firmware)
    dmp_set_accel_bias                       0x080044c5   Thumb Code   210  inv_mpu_dmp_motion_driver.o(i.dmp_set_accel_bias)
    dmp_set_fifo_rate                        0x0800459d   Thumb Code    82  inv_mpu_dmp_motion_driver.o(i.dmp_set_fifo_rate)
    dmp_set_gyro_bias                        0x08004601   Thumb Code   196  inv_mpu_dmp_motion_driver.o(i.dmp_set_gyro_bias)
    dmp_set_orientation                      0x080046cd   Thumb Code   246  inv_mpu_dmp_motion_driver.o(i.dmp_set_orientation)
    dmp_set_shake_reject_thresh              0x080047d9   Thumb Code    48  inv_mpu_dmp_motion_driver.o(i.dmp_set_shake_reject_thresh)
    dmp_set_shake_reject_time                0x08004809   Thumb Code    32  inv_mpu_dmp_motion_driver.o(i.dmp_set_shake_reject_time)
    dmp_set_shake_reject_timeout             0x08004829   Thumb Code    32  inv_mpu_dmp_motion_driver.o(i.dmp_set_shake_reject_timeout)
    dmp_set_tap_axes                         0x08004849   Thumb Code    64  inv_mpu_dmp_motion_driver.o(i.dmp_set_tap_axes)
    dmp_set_tap_count                        0x08004889   Thumb Code    34  inv_mpu_dmp_motion_driver.o(i.dmp_set_tap_count)
    dmp_set_tap_thresh                       0x080048ad   Thumb Code   314  inv_mpu_dmp_motion_driver.o(i.dmp_set_tap_thresh)
    dmp_set_tap_time                         0x08004a0d   Thumb Code    32  inv_mpu_dmp_motion_driver.o(i.dmp_set_tap_time)
    dmp_set_tap_time_multi                   0x08004a2d   Thumb Code    32  inv_mpu_dmp_motion_driver.o(i.dmp_set_tap_time_multi)
    fputc                                    0x08004a4d   Thumb Code    20  usart.o(i.fputc)
    inv_orientation_matrix_to_scalar         0x08004f01   Thumb Code    34  inv_mpu.o(i.inv_orientation_matrix_to_scalar)
    inv_row_2_scale                          0x08004f23   Thumb Code    72  inv_mpu.o(i.inv_row_2_scale)
    main                                     0x08004f6b   Thumb Code    46  main.o(i.main)
    mpu_configure_fifo                       0x08004f99   Thumb Code    78  inv_mpu.o(i.mpu_configure_fifo)
    mpu_dmp_init                             0x08004fed   Thumb Code   154  inv_mpu.o(i.mpu_dmp_init)
    mpu_get_accel_fsr                        0x0800508d   Thumb Code    54  inv_mpu.o(i.mpu_get_accel_fsr)
    mpu_get_accel_sens                       0x080050c9   Thumb Code    62  inv_mpu.o(i.mpu_get_accel_sens)
    mpu_get_gyro_fsr                         0x0800510d   Thumb Code    48  inv_mpu.o(i.mpu_get_gyro_fsr)
    mpu_get_gyro_sens                        0x08005141   Thumb Code    54  inv_mpu.o(i.mpu_get_gyro_sens)
    mpu_get_lpf                              0x0800518d   Thumb Code    52  inv_mpu.o(i.mpu_get_lpf)
    mpu_get_sample_rate                      0x080051c5   Thumb Code    22  inv_mpu.o(i.mpu_get_sample_rate)
    mpu_init                                 0x080051e1   Thumb Code   310  inv_mpu.o(i.mpu_init)
    mpu_load_firmware                        0x08005369   Thumb Code   154  inv_mpu.o(i.mpu_load_firmware)
    mpu_lp_accel_mode                        0x08005409   Thumb Code   178  inv_mpu.o(i.mpu_lp_accel_mode)
    mpu_read_mem                             0x080054c1   Thumb Code    80  inv_mpu.o(i.mpu_read_mem)
    mpu_reset_fifo                           0x08005515   Thumb Code   346  inv_mpu.o(i.mpu_reset_fifo)
    mpu_run_self_test                        0x08005675   Thumb Code   234  inv_mpu.o(i.mpu_run_self_test)
    mpu_set_accel_fsr                        0x08005765   Thumb Code    98  inv_mpu.o(i.mpu_set_accel_fsr)
    mpu_set_bypass                           0x080057cd   Thumb Code   214  inv_mpu.o(i.mpu_set_bypass)
    mpu_set_dmp_state                        0x080058a9   Thumb Code   114  inv_mpu.o(i.mpu_set_dmp_state)
    mpu_set_gyro_fsr                         0x08005921   Thumb Code   104  inv_mpu.o(i.mpu_set_gyro_fsr)
    mpu_set_int_latched                      0x0800598d   Thumb Code    94  inv_mpu.o(i.mpu_set_int_latched)
    mpu_set_lpf                              0x080059f1   Thumb Code   102  inv_mpu.o(i.mpu_set_lpf)
    mpu_set_sample_rate                      0x08005a5d   Thumb Code   124  inv_mpu.o(i.mpu_set_sample_rate)
    mpu_set_sensors                          0x08005add   Thumb Code   178  inv_mpu.o(i.mpu_set_sensors)
    mpu_write_mem                            0x08005b95   Thumb Code    80  inv_mpu.o(i.mpu_write_mem)
    osDelay                                  0x08005be9   Thumb Code    26  cmsis_os2.o(i.osDelay)
    osKernelInitialize                       0x08005c05   Thumb Code    32  cmsis_os2.o(i.osKernelInitialize)
    osKernelStart                            0x08005c29   Thumb Code    48  cmsis_os2.o(i.osKernelStart)
    osThreadNew                              0x08005c61   Thumb Code   136  cmsis_os2.o(i.osThreadNew)
    pvPortMalloc                             0x0800647d   Thumb Code   216  heap_4.o(i.pvPortMalloc)
    pxPortInitialiseStack                    0x08006559   Thumb Code    40  port.o(i.pxPortInitialiseStack)
    run_self_test                            0x08006585   Thumb Code   136  inv_mpu.o(i.run_self_test)
    uxListRemove                             0x08006665   Thumb Code    38  list.o(i.uxListRemove)
    vApplicationGetIdleTaskMemory            0x0800668d   Thumb Code    16  cmsis_os2.o(i.vApplicationGetIdleTaskMemory)
    vApplicationGetTimerTaskMemory           0x080066a1   Thumb Code    18  cmsis_os2.o(i.vApplicationGetTimerTaskMemory)
    vListInitialise                          0x080066b9   Thumb Code    22  list.o(i.vListInitialise)
    vListInitialiseItem                      0x080066cf   Thumb Code     6  list.o(i.vListInitialiseItem)
    vListInsert                              0x080066d5   Thumb Code    48  list.o(i.vListInsert)
    vListInsertEnd                           0x08006705   Thumb Code    24  list.o(i.vListInsertEnd)
    vPortEnterCritical                       0x0800671d   Thumb Code    54  port.o(i.vPortEnterCritical)
    vPortExitCritical                        0x0800675d   Thumb Code    34  port.o(i.vPortExitCritical)
    vPortFree                                0x08006785   Thumb Code    94  heap_4.o(i.vPortFree)
    vPortSetupTimerInterrupt                 0x080067e9   Thumb Code    32  port.o(i.vPortSetupTimerInterrupt)
    vPortValidateInterruptPriority           0x0800680d   Thumb Code    74  port.o(i.vPortValidateInterruptPriority)
    vQueueAddToRegistry                      0x08006861   Thumb Code    34  queue.o(i.vQueueAddToRegistry)
    vQueueWaitForMessageRestricted           0x08006889   Thumb Code    68  queue.o(i.vQueueWaitForMessageRestricted)
    vTaskDelay                               0x080068cd   Thumb Code    66  tasks.o(i.vTaskDelay)
    vTaskInternalSetTimeOutState             0x08006919   Thumb Code    12  tasks.o(i.vTaskInternalSetTimeOutState)
    vTaskMissedYield                         0x08006929   Thumb Code     8  tasks.o(i.vTaskMissedYield)
    vTaskPlaceOnEventList                    0x08006935   Thumb Code    44  tasks.o(i.vTaskPlaceOnEventList)
    vTaskPlaceOnEventListRestricted          0x08006965   Thumb Code    52  tasks.o(i.vTaskPlaceOnEventListRestricted)
    vTaskStartScheduler                      0x0800699d   Thumb Code   118  tasks.o(i.vTaskStartScheduler)
    vTaskSuspendAll                          0x08006a25   Thumb Code    10  tasks.o(i.vTaskSuspendAll)
    vTaskSwitchContext                       0x08006a35   Thumb Code    90  tasks.o(i.vTaskSwitchContext)
    xPortStartScheduler                      0x08006a99   Thumb Code   222  port.o(i.xPortStartScheduler)
    xPortSysTickHandler                      0x08006b8d   Thumb Code    38  port.o(i.xPortSysTickHandler)
    xQueueGenericCreateStatic                0x08006bb9   Thumb Code   102  queue.o(i.xQueueGenericCreateStatic)
    xQueueGenericReset                       0x08006c21   Thumb Code   132  queue.o(i.xQueueGenericReset)
    xQueueGenericSend                        0x08006ca9   Thumb Code   346  queue.o(i.xQueueGenericSend)
    xQueueGenericSendFromISR                 0x08006e09   Thumb Code   190  queue.o(i.xQueueGenericSendFromISR)
    xQueueReceive                            0x08006ec9   Thumb Code   308  queue.o(i.xQueueReceive)
    xTaskCheckForTimeOut                     0x08007001   Thumb Code   112  tasks.o(i.xTaskCheckForTimeOut)
    xTaskCreate                              0x08007075   Thumb Code    90  tasks.o(i.xTaskCreate)
    xTaskCreateStatic                        0x080070cf   Thumb Code    86  tasks.o(i.xTaskCreateStatic)
    xTaskGetSchedulerState                   0x08007125   Thumb Code    22  tasks.o(i.xTaskGetSchedulerState)
    xTaskGetTickCount                        0x08007141   Thumb Code     6  tasks.o(i.xTaskGetTickCount)
    xTaskIncrementTick                       0x0800714d   Thumb Code   192  tasks.o(i.xTaskIncrementTick)
    xTaskPriorityDisinherit                  0x08007215   Thumb Code   118  tasks.o(i.xTaskPriorityDisinherit)
    xTaskRemoveFromEventList                 0x08007295   Thumb Code    98  tasks.o(i.xTaskRemoveFromEventList)
    xTaskResumeAll                           0x08007305   Thumb Code   182  tasks.o(i.xTaskResumeAll)
    xTimerCreateTimerTask                    0x080073c9   Thumb Code    78  timers.o(i.xTimerCreateTimerTask)
    xTimerGenericCommand                     0x08007429   Thumb Code    98  timers.o(i.xTimerGenericCommand)
    defaultTask_attributes                   0x08007490   Data          36  freertos.o(.constdata)
    AHBPrescTable                            0x080074bc   Data          16  system_stm32f4xx.o(.constdata)
    APBPrescTable                            0x080074cc   Data           8  system_stm32f4xx.o(.constdata)
    reg                                      0x080074d4   Data          27  inv_mpu.o(.constdata)
    hw                                       0x080074f0   Data          12  inv_mpu.o(.constdata)
    test                                     0x080074fc   Data          40  inv_mpu.o(.constdata)
    Region$$Table$$Base                      0x08008178   Number         0  anon$$obj.o(Region$$Table)
    Region$$Table$$Limit                     0x08008198   Number         0  anon$$obj.o(Region$$Table)
    defaultTaskHandle                        0x20000000   Data           4  freertos.o(.data)
    uwTickFreq                               0x20000004   Data           1  stm32f4xx_hal.o(.data)
    uwTickPrio                               0x20000008   Data           4  stm32f4xx_hal.o(.data)
    uwTick                                   0x2000000c   Data           4  stm32f4xx_hal.o(.data)
    SystemCoreClock                          0x20000010   Data           4  system_stm32f4xx.o(.data)
    g_motorStatus                            0x2000001c   Data           8  driver_motorcomm.o(.data)
    pxCurrentTCB                             0x20000060   Data           4  tasks.o(.data)
    __stdout                                 0x200000e0   Data           4  stdout.o(.data)
    hadc1                                    0x200000e4   Data          72  adc.o(.bss)
    hdma_adc1                                0x2000012c   Data          96  adc.o(.bss)
    hcan1                                    0x2000018c   Data          40  can.o(.bss)
    hi2c1                                    0x200001b4   Data          84  i2c.o(.bss)
    huart1                                   0x20000208   Data          72  usart.o(.bss)
    htim4                                    0x20000250   Data          72  stm32f4xx_hal_timebase_tim.o(.bss)
    xQueueRegistry                           0x20000438   Data          64  queue.o(.bss)
    __initial_sp                             0x20005110   Data           0  startup_stm32f407xx.o(STACK)



==============================================================================

Memory Map of the image

  Image Entry point : 0x08000189

  Load Region LR_IROM1 (Base: 0x08000000, Size: 0x0000827c, Max: 0x00080000, ABSOLUTE)

    Execution Region ER_IROM1 (Base: 0x08000000, Size: 0x00008198, Max: 0x00080000, ABSOLUTE)

    Base Addr    Size         Type   Attr      Idx    E Section Name        Object

    0x08000000   0x00000188   Data   RO            3    RESET               startup_stm32f407xx.o
    0x08000188   0x00000000   Code   RO         6867  * .ARM.Collect$$$$00000000  mc_w.l(entry.o)
    0x08000188   0x00000004   Code   RO         7208    .ARM.Collect$$$$00000001  mc_w.l(entry2.o)
    0x0800018c   0x00000004   Code   RO         7211    .ARM.Collect$$$$00000004  mc_w.l(entry5.o)
    0x08000190   0x00000000   Code   RO         7213    .ARM.Collect$$$$00000008  mc_w.l(entry7b.o)
    0x08000190   0x00000000   Code   RO         7215    .ARM.Collect$$$$0000000A  mc_w.l(entry8b.o)
    0x08000190   0x00000008   Code   RO         7216    .ARM.Collect$$$$0000000B  mc_w.l(entry9a.o)
    0x08000198   0x00000000   Code   RO         7218    .ARM.Collect$$$$0000000D  mc_w.l(entry10a.o)
    0x08000198   0x00000000   Code   RO         7220    .ARM.Collect$$$$0000000F  mc_w.l(entry11a.o)
    0x08000198   0x00000004   Code   RO         7209    .ARM.Collect$$$$00002712  mc_w.l(entry2.o)
    0x0800019c   0x000000be   Code   RO         6764    .emb_text           port.o
    0x0800025a   0x00000002   PAD
    0x0800025c   0x00000024   Code   RO            4    .text               startup_stm32f407xx.o
    0x08000280   0x00000062   Code   RO         6870    .text               mc_w.l(uldiv.o)
    0x080002e2   0x00000062   Code   RO         6872    .text               mc_w.l(ldiv.o)
    0x08000344   0x00000024   Code   RO         6874    .text               mc_w.l(memcpya.o)
    0x08000368   0x00000024   Code   RO         6878    .text               mc_w.l(memseta.o)
    0x0800038c   0x0000001a   Code   RO         6880    .text               mc_w.l(memcmp.o)
    0x080003a6   0x0000014e   Code   RO         7145    .text               mf_w.l(dadd.o)
    0x080004f4   0x000000e4   Code   RO         7147    .text               mf_w.l(dmul.o)
    0x080005d8   0x000000de   Code   RO         7149    .text               mf_w.l(ddiv.o)
    0x080006b6   0x0000002c   Code   RO         7223    .text               mc_w.l(uidiv.o)
    0x080006e2   0x0000001e   Code   RO         7225    .text               mc_w.l(llshl.o)
    0x08000700   0x00000020   Code   RO         7227    .text               mc_w.l(llushr.o)
    0x08000720   0x00000024   Code   RO         7229    .text               mc_w.l(llsshr.o)
    0x08000744   0x00000000   Code   RO         7238    .text               mc_w.l(iusefp.o)
    0x08000744   0x000000ba   Code   RO         7241    .text               mf_w.l(depilogue.o)
    0x080007fe   0x00000030   Code   RO         7245    .text               mf_w.l(dfixul.o)
    0x0800082e   0x00000002   PAD
    0x08000830   0x00000030   Code   RO         7247    .text               mf_w.l(cdrcmple.o)
    0x08000860   0x00000024   Code   RO         7249    .text               mc_w.l(init.o)
    0x08000884   0x0000006e   Code   RO          669    i.ADC_DMAConvCplt   stm32f4xx_hal_adc.o
    0x080008f2   0x00000016   Code   RO          670    i.ADC_DMAError      stm32f4xx_hal_adc.o
    0x08000908   0x0000000a   Code   RO          671    i.ADC_DMAHalfConvCplt  stm32f4xx_hal_adc.o
    0x08000912   0x00000002   PAD
    0x08000914   0x00000128   Code   RO          672    i.ADC_Init          stm32f4xx_hal_adc.o
    0x08000a3c   0x00000002   Code   RO          530    i.BusFault_Handler  stm32f4xx_it.o
    0x08000a3e   0x00000002   PAD
    0x08000a40   0x0000000c   Code   RO          531    i.CAN1_RX0_IRQHandler  stm32f4xx_it.o
    0x08000a4c   0x0000000c   Code   RO          532    i.DMA2_Stream0_IRQHandler  stm32f4xx_it.o
    0x08000a58   0x00000028   Code   RO         1406    i.DMA_CalcBaseAndBitshift  stm32f4xx_hal_dma.o
    0x08000a80   0x00000054   Code   RO         1407    i.DMA_CheckFifoParam  stm32f4xx_hal_dma.o
    0x08000ad4   0x00000028   Code   RO         1408    i.DMA_SetConfig     stm32f4xx_hal_dma.o
    0x08000afc   0x00000002   Code   RO          533    i.DebugMon_Handler  stm32f4xx_it.o
    0x08000afe   0x00000004   Code   RO           13    i.Error_Handler     main.o
    0x08000b02   0x00000002   PAD
    0x08000b04   0x0000014c   Code   RO          674    i.HAL_ADC_ConfigChannel  stm32f4xx_hal_adc.o
    0x08000c50   0x00000002   Code   RO          675    i.HAL_ADC_ConvCpltCallback  stm32f4xx_hal_adc.o
    0x08000c52   0x00000002   Code   RO          676    i.HAL_ADC_ConvHalfCpltCallback  stm32f4xx_hal_adc.o
    0x08000c54   0x00000002   Code   RO          678    i.HAL_ADC_ErrorCallback  stm32f4xx_hal_adc.o
    0x08000c56   0x00000054   Code   RO          683    i.HAL_ADC_Init      stm32f4xx_hal_adc.o
    0x08000caa   0x00000002   PAD
    0x08000cac   0x00000098   Code   RO          321    i.HAL_ADC_MspInit   adc.o
    0x08000d44   0x00000154   Code   RO          690    i.HAL_ADC_Start_DMA  stm32f4xx_hal_adc.o
    0x08000e98   0x00000024   Code   RO         2086    i.HAL_CAN_ActivateNotification  stm32f4xx_hal_can.o
    0x08000ebc   0x0000010c   Code   RO         2088    i.HAL_CAN_ConfigFilter  stm32f4xx_hal_can.o
    0x08000fc8   0x00000002   Code   RO         2091    i.HAL_CAN_ErrorCallback  stm32f4xx_hal_can.o
    0x08000fca   0x000000f4   Code   RO         2094    i.HAL_CAN_GetRxMessage  stm32f4xx_hal_can.o
    0x080010be   0x000001fc   Code   RO         2098    i.HAL_CAN_IRQHandler  stm32f4xx_hal_can.o
    0x080012ba   0x0000011a   Code   RO         2099    i.HAL_CAN_Init      stm32f4xx_hal_can.o
    0x080013d4   0x0000007c   Code   RO          363    i.HAL_CAN_MspInit   can.o
    0x08001450   0x00000002   Code   RO         2106    i.HAL_CAN_RxFifo0FullCallback  stm32f4xx_hal_can.o
    0x08001452   0x00000002   PAD
    0x08001454   0x0000004c   Code   RO         4340    i.HAL_CAN_RxFifo0MsgPendingCallback  driver_motorcomm.o
    0x080014a0   0x00000002   Code   RO         2108    i.HAL_CAN_RxFifo1FullCallback  stm32f4xx_hal_can.o
    0x080014a2   0x00000002   Code   RO         2109    i.HAL_CAN_RxFifo1MsgPendingCallback  stm32f4xx_hal_can.o
    0x080014a4   0x00000002   Code   RO         2110    i.HAL_CAN_SleepCallback  stm32f4xx_hal_can.o
    0x080014a6   0x00000002   PAD
    0x080014a8   0x00000058   Code   RO         2111    i.HAL_CAN_Start     stm32f4xx_hal_can.o
    0x08001500   0x00000002   Code   RO         2113    i.HAL_CAN_TxMailbox0AbortCallback  stm32f4xx_hal_can.o
    0x08001502   0x00000002   Code   RO         2114    i.HAL_CAN_TxMailbox0CompleteCallback  stm32f4xx_hal_can.o
    0x08001504   0x00000002   Code   RO         2115    i.HAL_CAN_TxMailbox1AbortCallback  stm32f4xx_hal_can.o
    0x08001506   0x00000002   Code   RO         2116    i.HAL_CAN_TxMailbox1CompleteCallback  stm32f4xx_hal_can.o
    0x08001508   0x00000002   Code   RO         2117    i.HAL_CAN_TxMailbox2AbortCallback  stm32f4xx_hal_can.o
    0x0800150a   0x00000002   Code   RO         2118    i.HAL_CAN_TxMailbox2CompleteCallback  stm32f4xx_hal_can.o
    0x0800150c   0x00000002   Code   RO         2120    i.HAL_CAN_WakeUpFromRxMsgCallback  stm32f4xx_hal_can.o
    0x0800150e   0x00000002   PAD
    0x08001510   0x000001a0   Code   RO         1414    i.HAL_DMA_IRQHandler  stm32f4xx_hal_dma.o
    0x080016b0   0x000000d4   Code   RO         1415    i.HAL_DMA_Init      stm32f4xx_hal_dma.o
    0x08001784   0x0000006e   Code   RO         1419    i.HAL_DMA_Start_IT  stm32f4xx_hal_dma.o
    0x080017f2   0x00000002   PAD
    0x080017f4   0x00000024   Code   RO         1834    i.HAL_Delay         stm32f4xx_hal.o
    0x08001818   0x000001f0   Code   RO         1302    i.HAL_GPIO_Init     stm32f4xx_hal_gpio.o
    0x08001a08   0x0000000a   Code   RO         1306    i.HAL_GPIO_WritePin  stm32f4xx_hal_gpio.o
    0x08001a12   0x00000002   PAD
    0x08001a14   0x0000000c   Code   RO         1840    i.HAL_GetTick       stm32f4xx_hal.o
    0x08001a20   0x00000188   Code   RO         2330    i.HAL_I2C_Init      stm32f4xx_hal_i2c.o
    0x08001ba8   0x0000012c   Code   RO         2343    i.HAL_I2C_Master_Transmit  stm32f4xx_hal_i2c.o
    0x08001cd4   0x00000204   Code   RO         2348    i.HAL_I2C_Mem_Read  stm32f4xx_hal_i2c.o
    0x08001ed8   0x00000130   Code   RO         2351    i.HAL_I2C_Mem_Write  stm32f4xx_hal_i2c.o
    0x08002008   0x00000068   Code   RO          435    i.HAL_I2C_MspInit   i2c.o
    0x08002070   0x00000010   Code   RO         1846    i.HAL_IncTick       stm32f4xx_hal.o
    0x08002080   0x00000034   Code   RO         1847    i.HAL_Init          stm32f4xx_hal.o
    0x080020b4   0x00000098   Code   RO          630    i.HAL_InitTick      stm32f4xx_hal_timebase_tim.o
    0x0800214c   0x00000038   Code   RO          606    i.HAL_MspInit       stm32f4xx_hal_msp.o
    0x08002184   0x0000001a   Code   RO         1692    i.HAL_NVIC_EnableIRQ  stm32f4xx_hal_cortex.o
    0x0800219e   0x00000002   PAD
    0x080021a0   0x00000040   Code   RO         1698    i.HAL_NVIC_SetPriority  stm32f4xx_hal_cortex.o
    0x080021e0   0x00000024   Code   RO         1699    i.HAL_NVIC_SetPriorityGrouping  stm32f4xx_hal_cortex.o
    0x08002204   0x00000134   Code   RO          948    i.HAL_RCC_ClockConfig  stm32f4xx_hal_rcc.o
    0x08002338   0x00000040   Code   RO          952    i.HAL_RCC_GetClockConfig  stm32f4xx_hal_rcc.o
    0x08002378   0x00000020   Code   RO          955    i.HAL_RCC_GetPCLK1Freq  stm32f4xx_hal_rcc.o
    0x08002398   0x00000020   Code   RO          956    i.HAL_RCC_GetPCLK2Freq  stm32f4xx_hal_rcc.o
    0x080023b8   0x00000060   Code   RO          957    i.HAL_RCC_GetSysClockFreq  stm32f4xx_hal_rcc.o
    0x08002418   0x0000036c   Code   RO          960    i.HAL_RCC_OscConfig  stm32f4xx_hal_rcc.o
    0x08002784   0x00000002   Code   RO         3480    i.HAL_TIMEx_BreakCallback  stm32f4xx_hal_tim_ex.o
    0x08002786   0x00000002   Code   RO         3481    i.HAL_TIMEx_CommutCallback  stm32f4xx_hal_tim_ex.o
    0x08002788   0x0000005a   Code   RO         2776    i.HAL_TIM_Base_Init  stm32f4xx_hal_tim.o
    0x080027e2   0x00000002   Code   RO         2778    i.HAL_TIM_Base_MspInit  stm32f4xx_hal_tim.o
    0x080027e4   0x00000080   Code   RO         2781    i.HAL_TIM_Base_Start_IT  stm32f4xx_hal_tim.o
    0x08002864   0x00000002   Code   RO         2810    i.HAL_TIM_IC_CaptureCallback  stm32f4xx_hal_tim.o
    0x08002866   0x00000130   Code   RO         2824    i.HAL_TIM_IRQHandler  stm32f4xx_hal_tim.o
    0x08002996   0x00000002   Code   RO         2827    i.HAL_TIM_OC_DelayElapsedCallback  stm32f4xx_hal_tim.o
    0x08002998   0x00000002   Code   RO         2854    i.HAL_TIM_PWM_PulseFinishedCallback  stm32f4xx_hal_tim.o
    0x0800299a   0x00000002   PAD
    0x0800299c   0x00000014   Code   RO           14    i.HAL_TIM_PeriodElapsedCallback  main.o
    0x080029b0   0x00000002   Code   RO         2867    i.HAL_TIM_TriggerCallback  stm32f4xx_hal_tim.o
    0x080029b2   0x00000064   Code   RO         3777    i.HAL_UART_Init     stm32f4xx_hal_uart.o
    0x08002a16   0x00000002   PAD
    0x08002a18   0x0000006c   Code   RO          477    i.HAL_UART_MspInit  usart.o
    0x08002a84   0x000000a0   Code   RO         3785    i.HAL_UART_Transmit  stm32f4xx_hal_uart.o
    0x08002b24   0x00000002   Code   RO          534    i.HardFault_Handler  stm32f4xx_it.o
    0x08002b26   0x0000002e   Code   RO         2373    i.I2C_IsAcknowledgeFailed  stm32f4xx_hal_i2c.o
    0x08002b54   0x0000009c   Code   RO         2377    i.I2C_MasterRequestWrite  stm32f4xx_hal_i2c.o
    0x08002bf0   0x000000fc   Code   RO         2383    i.I2C_RequestMemoryRead  stm32f4xx_hal_i2c.o
    0x08002cec   0x000000a8   Code   RO         2384    i.I2C_RequestMemoryWrite  stm32f4xx_hal_i2c.o
    0x08002d94   0x00000056   Code   RO         2388    i.I2C_WaitOnBTFFlagUntilTimeout  stm32f4xx_hal_i2c.o
    0x08002dea   0x00000002   PAD
    0x08002dec   0x00000090   Code   RO         2389    i.I2C_WaitOnFlagUntilTimeout  stm32f4xx_hal_i2c.o
    0x08002e7c   0x000000bc   Code   RO         2390    i.I2C_WaitOnMasterAddressFlagUntilTimeout  stm32f4xx_hal_i2c.o
    0x08002f38   0x00000070   Code   RO         2391    i.I2C_WaitOnRXNEFlagUntilTimeout  stm32f4xx_hal_i2c.o
    0x08002fa8   0x00000056   Code   RO         2392    i.I2C_WaitOnTXEFlagUntilTimeout  stm32f4xx_hal_i2c.o
    0x08002ffe   0x00000002   PAD
    0x08003000   0x00000014   Code   RO         4299    i.JoyStickInit      driver_joystick.o
    0x08003014   0x00000072   Code   RO         4938    i.MPU_Init          mpu6050.o
    0x08003086   0x00000002   PAD
    0x08003088   0x00000030   Code   RO         4939    i.MPU_Read_Byte     mpu6050.o
    0x080030b8   0x00000028   Code   RO         4940    i.MPU_Read_Len      mpu6050.o
    0x080030e0   0x0000000a   Code   RO         4941    i.MPU_Set_Accel_Fsr  mpu6050.o
    0x080030ea   0x0000000a   Code   RO         4942    i.MPU_Set_Gyro_Fsr  mpu6050.o
    0x080030f4   0x00000030   Code   RO         4943    i.MPU_Set_LPF       mpu6050.o
    0x08003124   0x0000002e   Code   RO         4944    i.MPU_Set_Rate      mpu6050.o
    0x08003152   0x00000002   PAD
    0x08003154   0x00000030   Code   RO         4945    i.MPU_Write_Byte    mpu6050.o
    0x08003184   0x00000028   Code   RO         4946    i.MPU_Write_Len     mpu6050.o
    0x080031ac   0x00000078   Code   RO          322    i.MX_ADC1_Init      adc.o
    0x08003224   0x00000044   Code   RO          364    i.MX_CAN1_Init      can.o
    0x08003268   0x0000002c   Code   RO          410    i.MX_DMA_Init       dma.o
    0x08003294   0x00000054   Code   RO          249    i.MX_FREERTOS_Init  freertos.o
    0x080032e8   0x00000094   Code   RO          225    i.MX_GPIO_Init      gpio.o
    0x0800337c   0x00000040   Code   RO          436    i.MX_I2C1_Init      i2c.o
    0x080033bc   0x00000038   Code   RO          478    i.MX_USART1_UART_Init  usart.o
    0x080033f4   0x00000002   Code   RO          535    i.MemManage_Handler  stm32f4xx_it.o
    0x080033f6   0x00000004   Code   RO         4341    i.MotorCommInit     driver_motorcomm.o
    0x080033fa   0x00000002   PAD
    0x080033fc   0x00000038   Code   RO          365    i.MyCAN_Init        can.o
    0x08003434   0x00000002   Code   RO          536    i.NMI_Handler       stm32f4xx_it.o
    0x08003436   0x00000002   PAD
    0x08003438   0x00000098   Code   RO         4207    i.OLED_Init         driver_oled.o
    0x080034d0   0x0000002c   Code   RO         4212    i.OLED_SetComConfig  driver_oled.o
    0x080034fc   0x00000028   Code   RO         4215    i.OLED_WriteCmd     driver_oled.o
    0x08003524   0x00000008   Code   RO          250    i.StartDefaultTask  freertos.o
    0x0800352c   0x0000001a   Code   RO         6196    i.SysTick_Handler   cmsis_os2.o
    0x08003546   0x00000002   PAD
    0x08003548   0x00000094   Code   RO           15    i.SystemClock_Config  main.o
    0x080035dc   0x00000010   Code   RO         4111    i.SystemInit        system_stm32f4xx.o
    0x080035ec   0x0000000c   Code   RO          537    i.TIM4_IRQHandler   stm32f4xx_it.o
    0x080035f8   0x000000d8   Code   RO         2869    i.TIM_Base_SetConfig  stm32f4xx_hal_tim.o
    0x080036d0   0x0000004e   Code   RO         3800    i.UART_EndRxTransfer  stm32f4xx_hal_uart.o
    0x0800371e   0x00000002   PAD
    0x08003720   0x0000010c   Code   RO         3803    i.UART_SetConfig    stm32f4xx_hal_uart.o
    0x0800382c   0x00000072   Code   RO         3806    i.UART_WaitOnFlagUntilTimeout  stm32f4xx_hal_uart.o
    0x0800389e   0x00000002   Code   RO          538    i.UsageFault_Handler  stm32f4xx_it.o
    0x080038a0   0x00000020   Code   RO         7117    i.__0printf         mc_w.l(printfa.o)
    0x080038c0   0x00000020   Code   RO         1705    i.__NVIC_SetPriority  stm32f4xx_hal_cortex.o
    0x080038e0   0x0000000e   Code   RO         7257    i.__scatterload_copy  mc_w.l(handlers.o)
    0x080038ee   0x00000002   Code   RO         7258    i.__scatterload_null  mc_w.l(handlers.o)
    0x080038f0   0x0000000e   Code   RO         7259    i.__scatterload_zeroinit  mc_w.l(handlers.o)
    0x080038fe   0x00000002   PAD
    0x08003900   0x00000164   Code   RO         7124    i._fp_digits        mc_w.l(printfa.o)
    0x08003a64   0x000006dc   Code   RO         7125    i._printf_core      mc_w.l(printfa.o)
    0x08004140   0x00000024   Code   RO         7126    i._printf_post_padding  mc_w.l(printfa.o)
    0x08004164   0x0000002e   Code   RO         7127    i._printf_pre_padding  mc_w.l(printfa.o)
    0x08004192   0x00000002   PAD
    0x08004194   0x00000090   Code   RO         4388    i.accel_self_test   inv_mpu.o
    0x08004224   0x0000003a   Code   RO         4746    i.dmp_enable_6x_lp_quat  inv_mpu_dmp_motion_driver.o
    0x0800425e   0x00000002   PAD
    0x08004260   0x000001d8   Code   RO         4747    i.dmp_enable_feature  inv_mpu_dmp_motion_driver.o
    0x08004438   0x0000003c   Code   RO         4748    i.dmp_enable_gyro_cal  inv_mpu_dmp_motion_driver.o
    0x08004474   0x0000003a   Code   RO         4749    i.dmp_enable_lp_quat  inv_mpu_dmp_motion_driver.o
    0x080044ae   0x00000002   PAD
    0x080044b0   0x00000014   Code   RO         4754    i.dmp_load_motion_driver_firmware  inv_mpu_dmp_motion_driver.o
    0x080044c4   0x000000d8   Code   RO         4758    i.dmp_set_accel_bias  inv_mpu_dmp_motion_driver.o
    0x0800459c   0x00000064   Code   RO         4759    i.dmp_set_fifo_rate  inv_mpu_dmp_motion_driver.o
    0x08004600   0x000000cc   Code   RO         4760    i.dmp_set_gyro_bias  inv_mpu_dmp_motion_driver.o
    0x080046cc   0x0000010c   Code   RO         4762    i.dmp_set_orientation  inv_mpu_dmp_motion_driver.o
    0x080047d8   0x00000030   Code   RO         4765    i.dmp_set_shake_reject_thresh  inv_mpu_dmp_motion_driver.o
    0x08004808   0x00000020   Code   RO         4766    i.dmp_set_shake_reject_time  inv_mpu_dmp_motion_driver.o
    0x08004828   0x00000020   Code   RO         4767    i.dmp_set_shake_reject_timeout  inv_mpu_dmp_motion_driver.o
    0x08004848   0x00000040   Code   RO         4768    i.dmp_set_tap_axes  inv_mpu_dmp_motion_driver.o
    0x08004888   0x00000022   Code   RO         4769    i.dmp_set_tap_count  inv_mpu_dmp_motion_driver.o
    0x080048aa   0x00000002   PAD
    0x080048ac   0x00000160   Code   RO         4770    i.dmp_set_tap_thresh  inv_mpu_dmp_motion_driver.o
    0x08004a0c   0x00000020   Code   RO         4771    i.dmp_set_tap_time  inv_mpu_dmp_motion_driver.o
    0x08004a2c   0x00000020   Code   RO         4772    i.dmp_set_tap_time_multi  inv_mpu_dmp_motion_driver.o
    0x08004a4c   0x00000018   Code   RO          480    i.fputc             usart.o
    0x08004a64   0x000000b4   Code   RO         4389    i.get_accel_prod_shift  inv_mpu.o
    0x08004b18   0x00000314   Code   RO         4390    i.get_st_biases     inv_mpu.o
    0x08004e2c   0x000000d4   Code   RO         4391    i.gyro_self_test    inv_mpu.o
    0x08004f00   0x00000022   Code   RO         4392    i.inv_orientation_matrix_to_scalar  inv_mpu.o
    0x08004f22   0x00000048   Code   RO         4393    i.inv_row_2_scale   inv_mpu.o
    0x08004f6a   0x0000002e   Code   RO           16    i.main              main.o
    0x08004f98   0x00000054   Code   RO         4395    i.mpu_configure_fifo  inv_mpu.o
    0x08004fec   0x000000a0   Code   RO         4397    i.mpu_dmp_init      inv_mpu.o
    0x0800508c   0x0000003c   Code   RO         4398    i.mpu_get_accel_fsr  inv_mpu.o
    0x080050c8   0x00000044   Code   RO         4400    i.mpu_get_accel_sens  inv_mpu.o
    0x0800510c   0x00000034   Code   RO         4406    i.mpu_get_gyro_fsr  inv_mpu.o
    0x08005140   0x0000004c   Code   RO         4408    i.mpu_get_gyro_sens  inv_mpu.o
    0x0800518c   0x00000038   Code   RO         4410    i.mpu_get_lpf       inv_mpu.o
    0x080051c4   0x0000001c   Code   RO         4412    i.mpu_get_sample_rate  inv_mpu.o
    0x080051e0   0x00000188   Code   RO         4414    i.mpu_init          inv_mpu.o
    0x08005368   0x000000a0   Code   RO         4415    i.mpu_load_firmware  inv_mpu.o
    0x08005408   0x000000b8   Code   RO         4416    i.mpu_lp_accel_mode  inv_mpu.o
    0x080054c0   0x00000054   Code   RO         4420    i.mpu_read_mem      inv_mpu.o
    0x08005514   0x00000160   Code   RO         4423    i.mpu_reset_fifo    inv_mpu.o
    0x08005674   0x000000f0   Code   RO         4424    i.mpu_run_self_test  inv_mpu.o
    0x08005764   0x00000068   Code   RO         4426    i.mpu_set_accel_fsr  inv_mpu.o
    0x080057cc   0x000000dc   Code   RO         4427    i.mpu_set_bypass    inv_mpu.o
    0x080058a8   0x00000078   Code   RO         4429    i.mpu_set_dmp_state  inv_mpu.o
    0x08005920   0x0000006c   Code   RO         4430    i.mpu_set_gyro_fsr  inv_mpu.o
    0x0800598c   0x00000064   Code   RO         4431    i.mpu_set_int_latched  inv_mpu.o
    0x080059f0   0x0000006c   Code   RO         4433    i.mpu_set_lpf       inv_mpu.o
    0x08005a5c   0x00000080   Code   RO         4434    i.mpu_set_sample_rate  inv_mpu.o
    0x08005adc   0x000000b8   Code   RO         4435    i.mpu_set_sensors   inv_mpu.o
    0x08005b94   0x00000054   Code   RO         4436    i.mpu_write_mem     inv_mpu.o
    0x08005be8   0x0000001a   Code   RO         6198    i.osDelay           cmsis_os2.o
    0x08005c02   0x00000002   PAD
    0x08005c04   0x00000024   Code   RO         6212    i.osKernelInitialize  cmsis_os2.o
    0x08005c28   0x00000038   Code   RO         6215    i.osKernelStart     cmsis_os2.o
    0x08005c60   0x00000088   Code   RO         6257    i.osThreadNew       cmsis_os2.o
    0x08005ce8   0x0000005c   Code   RO         5657    i.prvAddCurrentTaskToDelayedList  tasks.o
    0x08005d44   0x000000d0   Code   RO         5658    i.prvAddNewTaskToReadyList  tasks.o
    0x08005e14   0x00000058   Code   RO         6022    i.prvCheckForValidListAndQueue  timers.o
    0x08005e6c   0x00000026   Code   RO         5254    i.prvCopyDataFromQueue  queue.o
    0x08005e92   0x0000006c   Code   RO         5255    i.prvCopyDataToQueue  queue.o
    0x08005efe   0x00000034   Code   RO         5659    i.prvDeleteTCB      tasks.o
    0x08005f32   0x00000002   PAD
    0x08005f34   0x0000004c   Code   RO         6709    i.prvHeapInit       heap_4.o
    0x08005f80   0x00000060   Code   RO         5660    i.prvIdleTask       tasks.o
    0x08005fe0   0x00000022   Code   RO         5257    i.prvInitialiseNewQueue  queue.o
    0x08006002   0x00000002   PAD
    0x08006004   0x000000b0   Code   RO         5661    i.prvInitialiseNewTask  tasks.o
    0x080060b4   0x0000004c   Code   RO         6710    i.prvInsertBlockIntoFreeList  heap_4.o
    0x08006100   0x00000038   Code   RO         6024    i.prvInsertTimerInActiveList  timers.o
    0x08006138   0x0000001c   Code   RO         5258    i.prvIsQueueEmpty   queue.o
    0x08006154   0x000000fc   Code   RO         6025    i.prvProcessReceivedCommands  timers.o
    0x08006250   0x000000c0   Code   RO         6026    i.prvProcessTimerOrBlockTask  timers.o
    0x08006310   0x00000020   Code   RO         5663    i.prvResetNextTaskUnblockTime  tasks.o
    0x08006330   0x00000028   Code   RO         6027    i.prvSampleTimeNow  timers.o
    0x08006358   0x0000006c   Code   RO         6028    i.prvSwitchTimerLists  timers.o
    0x080063c4   0x00000028   Code   RO         6765    i.prvTaskExitError  port.o
    0x080063ec   0x00000024   Code   RO         6029    i.prvTimerTask      timers.o
    0x08006410   0x0000006a   Code   RO         5259    i.prvUnlockQueue    queue.o
    0x0800647a   0x00000002   PAD
    0x0800647c   0x000000dc   Code   RO         6711    i.pvPortMalloc      heap_4.o
    0x08006558   0x0000002c   Code   RO         6766    i.pxPortInitialiseStack  port.o
    0x08006584   0x00000088   Code   RO         4437    i.run_self_test     inv_mpu.o
    0x0800660c   0x00000058   Code   RO         4438    i.set_int_enable    inv_mpu.o
    0x08006664   0x00000026   Code   RO         5214    i.uxListRemove      list.o
    0x0800668a   0x00000002   PAD
    0x0800668c   0x00000014   Code   RO         6269    i.vApplicationGetIdleTaskMemory  cmsis_os2.o
    0x080066a0   0x00000018   Code   RO         6270    i.vApplicationGetTimerTaskMemory  cmsis_os2.o
    0x080066b8   0x00000016   Code   RO         5215    i.vListInitialise   list.o
    0x080066ce   0x00000006   Code   RO         5216    i.vListInitialiseItem  list.o
    0x080066d4   0x00000030   Code   RO         5217    i.vListInsert       list.o
    0x08006704   0x00000018   Code   RO         5218    i.vListInsertEnd    list.o
    0x0800671c   0x00000040   Code   RO         6768    i.vPortEnterCritical  port.o
    0x0800675c   0x00000028   Code   RO         6769    i.vPortExitCritical  port.o
    0x08006784   0x00000064   Code   RO         6712    i.vPortFree         heap_4.o
    0x080067e8   0x00000024   Code   RO         6770    i.vPortSetupTimerInterrupt  port.o
    0x0800680c   0x00000054   Code   RO         6771    i.vPortValidateInterruptPriority  port.o
    0x08006860   0x00000028   Code   RO         5265    i.vQueueAddToRegistry  queue.o
    0x08006888   0x00000044   Code   RO         5269    i.vQueueWaitForMessageRestricted  queue.o
    0x080068cc   0x0000004c   Code   RO         5676    i.vTaskDelay        tasks.o
    0x08006918   0x00000010   Code   RO         5681    i.vTaskInternalSetTimeOutState  tasks.o
    0x08006928   0x0000000c   Code   RO         5682    i.vTaskMissedYield  tasks.o
    0x08006934   0x00000030   Code   RO         5684    i.vTaskPlaceOnEventList  tasks.o
    0x08006964   0x00000038   Code   RO         5685    i.vTaskPlaceOnEventListRestricted  tasks.o
    0x0800699c   0x00000088   Code   RO         5693    i.vTaskStartScheduler  tasks.o
    0x08006a24   0x00000010   Code   RO         5695    i.vTaskSuspendAll   tasks.o
    0x08006a34   0x00000064   Code   RO         5696    i.vTaskSwitchContext  tasks.o
    0x08006a98   0x000000f4   Code   RO         6772    i.xPortStartScheduler  port.o
    0x08006b8c   0x0000002c   Code   RO         6773    i.xPortSysTickHandler  port.o
    0x08006bb8   0x00000066   Code   RO         5275    i.xQueueGenericCreateStatic  queue.o
    0x08006c1e   0x00000002   PAD
    0x08006c20   0x00000088   Code   RO         5276    i.xQueueGenericReset  queue.o
    0x08006ca8   0x00000160   Code   RO         5277    i.xQueueGenericSend  queue.o
    0x08006e08   0x000000be   Code   RO         5278    i.xQueueGenericSendFromISR  queue.o
    0x08006ec6   0x00000002   PAD
    0x08006ec8   0x00000138   Code   RO         5287    i.xQueueReceive     queue.o
    0x08007000   0x00000074   Code   RO         5698    i.xTaskCheckForTimeOut  tasks.o
    0x08007074   0x0000005a   Code   RO         5699    i.xTaskCreate       tasks.o
    0x080070ce   0x00000056   Code   RO         5700    i.xTaskCreateStatic  tasks.o
    0x08007124   0x0000001c   Code   RO         5704    i.xTaskGetSchedulerState  tasks.o
    0x08007140   0x0000000c   Code   RO         5705    i.xTaskGetTickCount  tasks.o
    0x0800714c   0x000000c8   Code   RO         5707    i.xTaskIncrementTick  tasks.o
    0x08007214   0x00000080   Code   RO         5710    i.xTaskPriorityDisinherit  tasks.o
    0x08007294   0x00000070   Code   RO         5712    i.xTaskRemoveFromEventList  tasks.o
    0x08007304   0x000000c4   Code   RO         5713    i.xTaskResumeAll    tasks.o
    0x080073c8   0x00000060   Code   RO         6038    i.xTimerCreateTimerTask  timers.o
    0x08007428   0x00000068   Code   RO         6039    i.xTimerGenericCommand  timers.o
    0x08007490   0x00000024   Data   RO          251    .constdata          freertos.o
    0x080074b4   0x00000008   Data   RO         1421    .constdata          stm32f4xx_hal_dma.o
    0x080074bc   0x00000010   Data   RO         4112    .constdata          system_stm32f4xx.o
    0x080074cc   0x00000008   Data   RO         4113    .constdata          system_stm32f4xx.o
    0x080074d4   0x0000001b   Data   RO         4440    .constdata          inv_mpu.o
    0x080074ef   0x00000001   PAD
    0x080074f0   0x0000000c   Data   RO         4441    .constdata          inv_mpu.o
    0x080074fc   0x00000028   Data   RO         4442    .constdata          inv_mpu.o
    0x08007524   0x00000bf6   Data   RO         4774    .constdata          inv_mpu_dmp_motion_driver.o
    0x0800811a   0x00000002   PAD
    0x0800811c   0x0000000c   Data   RO          252    .conststring        freertos.o
    0x08008128   0x0000004d   Data   RO         4443    .conststring        inv_mpu.o
    0x08008175   0x00000003   PAD
    0x08008178   0x00000020   Data   RO         7255    Region$$Table       anon$$obj.o


    Execution Region RW_IRAM1 (Base: 0x20000000, Size: 0x00005110, Max: 0x0001c000, ABSOLUTE)

    Base Addr    Size         Type   Attr      Idx    E Section Name        Object

    0x20000000   0x00000004   Data   RW          253    .data               freertos.o
    0x20000004   0x0000000c   Data   RW         1854    .data               stm32f4xx_hal.o
    0x20000010   0x00000004   Data   RW         4114    .data               system_stm32f4xx.o
    0x20000014   0x00000008   Data   RW         4218    .data               driver_oled.o
    0x2000001c   0x00000008   Data   RW         4344    .data               driver_motorcomm.o
    0x20000024   0x00000035   Data   RW         4444    .data               inv_mpu.o
    0x20000059   0x00000003   PAD
    0x2000005c   0x00000004   Data   RW         4947    .data               mpu6050.o
    0x20000060   0x0000003c   Data   RW         5716    .data               tasks.o
    0x2000009c   0x00000014   Data   RW         6047    .data               timers.o
    0x200000b0   0x00000004   Data   RW         6272    .data               cmsis_os2.o
    0x200000b4   0x00000020   Data   RW         6718    .data               heap_4.o
    0x200000d4   0x0000000c   Data   RW         6774    .data               port.o
    0x200000e0   0x00000004   Data   RW         7222    .data               mc_w.l(stdout.o)
    0x200000e4   0x000000a8   Zero   RW          323    .bss                adc.o
    0x2000018c   0x00000028   Zero   RW          366    .bss                can.o
    0x200001b4   0x00000054   Zero   RW          437    .bss                i2c.o
    0x20000208   0x00000048   Zero   RW          481    .bss                usart.o
    0x20000250   0x00000048   Zero   RW          633    .bss                stm32f4xx_hal_timebase_tim.o
    0x20000298   0x00000190   Zero   RW         4302    .bss                driver_joystick.o
    0x20000428   0x00000010   Zero   RW         4773    .bss                inv_mpu_dmp_motion_driver.o
    0x20000438   0x00000040   Zero   RW         5291    .bss                queue.o
    0x20000478   0x000004c4   Zero   RW         5715    .bss                tasks.o
    0x2000093c   0x00000118   Zero   RW         6046    .bss                timers.o
    0x20000a54   0x000006b8   Zero   RW         6271    .bss                cmsis_os2.o
    0x2000110c   0x00003c00   Zero   RW         6717    .bss                heap_4.o
    0x20004d0c   0x00000004   PAD
    0x20004d10   0x00000400   Zero   RW            1    STACK               startup_stm32f407xx.o


    Execution Region RW_IRAM2 (Base: 0x2001c000, Size: 0x00000000, Max: 0x00004000, ABSOLUTE)

    **** No section assigned to this execution region ****


==============================================================================

Image component sizes


      Code (inc. data)   RO Data    RW Data    ZI Data      Debug   Object Name

       272         34          0          0        168       1867   adc.o
       248         28          0          0         40       2318   can.o
       324         22          0          4       1720      64839   cmsis_os2.o
        44          4          0          0          0        826   dma.o
        20         10          0          0        400       1551   driver_joystick.o
        80          8          0          8          0       2280   driver_motorcomm.o
       236         10          0          8          0       5068   driver_oled.o
         0          0          0          0          0      19568   event_groups.o
        92         40         48          4          0       3341   freertos.o
       148         12          0          0          0        987   gpio.o
       472         24          0         32      15360       4775   heap_4.o
       168         26          0          0         84       1741   i2c.o
      4806        290        156         53          0      28064   inv_mpu.o
      2082        130       3062          0         16      18670   inv_mpu_dmp_motion_driver.o
       138          0          0          0          0       3510   list.o
       218         16          0          0          0     737464   main.o
       404         18          0          4          0       6091   mpu6050.o
       786         82          0         12          0      11733   port.o
      1514         20          0          0         64      16188   queue.o
        36          8        392          0       1024        860   startup_stm32f407xx.o
       116         18          0         12          0       8858   stm32f4xx_hal.o
      1200         66          0          0          0       7273   stm32f4xx_hal_adc.o
      1450          6          0          0          0      13000   stm32f4xx_hal_can.o
       158         14          0          0          0      32818   stm32f4xx_hal_cortex.o
       902         16          8          0          0       5315   stm32f4xx_hal_dma.o
       506         46          0          0          0       2088   stm32f4xx_hal_gpio.o
      2750         68          0          0          0      13332   stm32f4xx_hal_i2c.o
        56          4          0          0          0        918   stm32f4xx_hal_msp.o
      1408         82          0          0          0       5805   stm32f4xx_hal_rcc.o
       748         74          0          0          0       7564   stm32f4xx_hal_tim.o
         4          0          0          0          0       1705   stm32f4xx_hal_tim_ex.o
       152         20          0          0         72       1507   stm32f4xx_hal_timebase_tim.o
       720         10          0          0          0       4460   stm32f4xx_hal_uart.o
        48         18          0          0          0       4431   stm32f4xx_it.o
         0          0          0          0          0        384   stream_buffer.o
        16          4         24          4          0       1199   system_stm32f4xx.o
      2084        168          0         60       1220      25968   tasks.o
       972         80          0         20        280      31855   timers.o
       188         26          0          0         72       2366   usart.o

    ----------------------------------------------------------------------
     25628       1502       3728        224      20524    1102587   Object Totals
         0          0         32          0          0          0   (incl. Generated)
        62          0          6          3          4          0   (incl. Padding)

    ----------------------------------------------------------------------

      Code (inc. data)   RO Data    RW Data    ZI Data      Debug   Library Member Name

         0          0          0          0          0          0   entry.o
         0          0          0          0          0          0   entry10a.o
         0          0          0          0          0          0   entry11a.o
         8          4          0          0          0          0   entry2.o
         4          0          0          0          0          0   entry5.o
         0          0          0          0          0          0   entry7b.o
         0          0          0          0          0          0   entry8b.o
         8          4          0          0          0          0   entry9a.o
        30          0          0          0          0          0   handlers.o
        36          8          0          0          0         68   init.o
         0          0          0          0          0          0   iusefp.o
        98          0          0          0          0         84   ldiv.o
        30          0          0          0          0         68   llshl.o
        36          0          0          0          0         68   llsshr.o
        32          0          0          0          0         68   llushr.o
        26          0          0          0          0         80   memcmp.o
        36          0          0          0          0         68   memcpya.o
        36          0          0          0          0        108   memseta.o
      2226         90          0          0          0        444   printfa.o
         0          0          0          4          0          0   stdout.o
        44          0          0          0          0         80   uidiv.o
        98          0          0          0          0         92   uldiv.o
        48          0          0          0          0         68   cdrcmple.o
       334          0          0          0          0        148   dadd.o
       222          0          0          0          0        100   ddiv.o
       186          0          0          0          0        176   depilogue.o
        48          0          0          0          0         68   dfixul.o
       228          0          0          0          0         96   dmul.o

    ----------------------------------------------------------------------
      3820        106          0          4          0       1884   Library Totals
         6          0          0          0          0          0   (incl. Padding)

    ----------------------------------------------------------------------

      Code (inc. data)   RO Data    RW Data    ZI Data      Debug   Library Name

      2748        106          0          4          0       1228   mc_w.l
      1066          0          0          0          0        656   mf_w.l

    ----------------------------------------------------------------------
      3820        106          0          4          0       1884   Library Totals

    ----------------------------------------------------------------------

==============================================================================


      Code (inc. data)   RO Data    RW Data    ZI Data      Debug   

     29448       1608       3728        228      20524    1080387   Grand Totals
     29448       1608       3728        228      20524    1080387   ELF Image Totals
     29448       1608       3728        228          0          0   ROM Totals

==============================================================================

    Total RO  Size (Code + RO Data)                33176 (  32.40kB)
    Total RW  Size (RW Data + ZI Data)             20752 (  20.27kB)
    Total ROM Size (Code + RO Data + RW Data)      33404 (  32.62kB)

==============================================================================

