Component: ARM Compiler 5.05 update 1 (build 106) Tool: armlink [4d0efa]

==============================================================================

Section Cross References

    startup_stm32f407xx.o(RESET) refers to startup_stm32f407xx.o(STACK) for __initial_sp
    startup_stm32f407xx.o(RESET) refers to startup_stm32f407xx.o(.text) for Reset_Handler
    startup_stm32f407xx.o(RESET) refers to stm32f4xx_it.o(i.NMI_Handler) for NMI_Handler
    startup_stm32f407xx.o(RESET) refers to stm32f4xx_it.o(i.HardFault_Handler) for HardFault_Handler
    startup_stm32f407xx.o(RESET) refers to stm32f4xx_it.o(i.MemManage_Handler) for MemManage_Handler
    startup_stm32f407xx.o(RESET) refers to stm32f4xx_it.o(i.BusFault_Handler) for BusFault_Handler
    startup_stm32f407xx.o(RESET) refers to stm32f4xx_it.o(i.UsageFault_Handler) for UsageFault_Handler
    startup_stm32f407xx.o(RESET) refers to port.o(.emb_text) for SVC_Handler
    startup_stm32f407xx.o(RESET) refers to stm32f4xx_it.o(i.DebugMon_Handler) for DebugMon_Handler
    startup_stm32f407xx.o(RESET) refers to cmsis_os2.o(i.SysTick_Handler) for SysTick_Handler
    startup_stm32f407xx.o(RESET) refers to stm32f4xx_it.o(i.EXTI3_IRQHandler) for EXTI3_IRQHandler
    startup_stm32f407xx.o(RESET) refers to stm32f4xx_it.o(i.CAN1_RX0_IRQHandler) for CAN1_RX0_IRQHandler
    startup_stm32f407xx.o(RESET) refers to stm32f4xx_it.o(i.TIM4_IRQHandler) for TIM4_IRQHandler
    startup_stm32f407xx.o(RESET) refers to stm32f4xx_it.o(i.DMA2_Stream0_IRQHandler) for DMA2_Stream0_IRQHandler
    startup_stm32f407xx.o(.text) refers to system_stm32f4xx.o(i.SystemInit) for SystemInit
    startup_stm32f407xx.o(.text) refers to entry.o(.ARM.Collect$$$$00000000) for __main
    main.o(i.HAL_TIM_PeriodElapsedCallback) refers to stm32f4xx_hal.o(i.HAL_IncTick) for HAL_IncTick
    main.o(i.SystemClock_Config) refers to memseta.o(.text) for __aeabi_memclr4
    main.o(i.SystemClock_Config) refers to stm32f4xx_hal_rcc.o(i.HAL_RCC_OscConfig) for HAL_RCC_OscConfig
    main.o(i.SystemClock_Config) refers to stm32f4xx_hal_rcc.o(i.HAL_RCC_ClockConfig) for HAL_RCC_ClockConfig
    main.o(i.main) refers to stm32f4xx_hal.o(i.HAL_Init) for HAL_Init
    main.o(i.main) refers to main.o(i.SystemClock_Config) for SystemClock_Config
    main.o(i.main) refers to gpio.o(i.MX_GPIO_Init) for MX_GPIO_Init
    main.o(i.main) refers to dma.o(i.MX_DMA_Init) for MX_DMA_Init
    main.o(i.main) refers to can.o(i.MX_CAN1_Init) for MX_CAN1_Init
    main.o(i.main) refers to usart.o(i.MX_USART1_UART_Init) for MX_USART1_UART_Init
    main.o(i.main) refers to adc.o(i.MX_ADC1_Init) for MX_ADC1_Init
    main.o(i.main) refers to i2c.o(i.MX_I2C1_Init) for MX_I2C1_Init
    main.o(i.main) refers to cmsis_os2.o(i.osKernelInitialize) for osKernelInitialize
    main.o(i.main) refers to freertos.o(i.MX_FREERTOS_Init) for MX_FREERTOS_Init
    main.o(i.main) refers to cmsis_os2.o(i.osKernelStart) for osKernelStart
    gpio.o(i.MX_GPIO_Init) refers to memseta.o(.text) for __aeabi_memclr4
    gpio.o(i.MX_GPIO_Init) refers to stm32f4xx_hal_gpio.o(i.HAL_GPIO_WritePin) for HAL_GPIO_WritePin
    gpio.o(i.MX_GPIO_Init) refers to stm32f4xx_hal_gpio.o(i.HAL_GPIO_Init) for HAL_GPIO_Init
    gpio.o(i.MX_GPIO_Init) refers to stm32f4xx_hal_cortex.o(i.HAL_NVIC_SetPriority) for HAL_NVIC_SetPriority
    gpio.o(i.MX_GPIO_Init) refers to stm32f4xx_hal_cortex.o(i.HAL_NVIC_EnableIRQ) for HAL_NVIC_EnableIRQ
    freertos.o(i.MX_FREERTOS_Init) refers to driver_oled.o(i.OLED_Init) for OLED_Init
    freertos.o(i.MX_FREERTOS_Init) refers to driver_joystick.o(i.JoyStickInit) for JoyStickInit
    freertos.o(i.MX_FREERTOS_Init) refers to driver_motorcomm.o(i.MotorCommInit) for MotorCommInit
    freertos.o(i.MX_FREERTOS_Init) refers to printfa.o(i.__0printf) for __2printf
    freertos.o(i.MX_FREERTOS_Init) refers to queue.o(i.xQueueGenericCreate) for xQueueGenericCreate
    freertos.o(i.MX_FREERTOS_Init) refers to cmsis_os2.o(i.osThreadNew) for osThreadNew
    freertos.o(i.MX_FREERTOS_Init) refers to tasks.o(i.xTaskCreate) for xTaskCreate
    freertos.o(i.MX_FREERTOS_Init) refers to event_groups.o(i.xEventGroupCreate) for xEventGroupCreate
    freertos.o(i.MX_FREERTOS_Init) refers to freertos.o(.data) for .data
    freertos.o(i.MX_FREERTOS_Init) refers to freertos.o(.constdata) for .constdata
    freertos.o(i.MX_FREERTOS_Init) refers to freertos.o(i.StartDefaultTask) for StartDefaultTask
    freertos.o(i.MX_FREERTOS_Init) refers to motor.o(i.MotorPid_Task) for MotorPid_Task
    freertos.o(i.MX_FREERTOS_Init) refers to ui.o(i.UI_Task) for UI_Task
    freertos.o(i.MX_FREERTOS_Init) refers to joystick.o(i.Joystick_Task) for Joystick_Task
    freertos.o(i.MX_FREERTOS_Init) refers to motor.o(i.Motor_Task) for Motor_Task
    freertos.o(i.MX_FREERTOS_Init) refers to ui.o(i.UIAction_Task) for UIAction_Task
    freertos.o(.constdata) refers to freertos.o(.conststring) for .conststring
[...]
    i.xQueueGenericReset                     0x08005c54   Section        0  queue.o(i.xQueueGenericReset)
    i.xQueueGenericSend                      0x08005cdc   Section        0  queue.o(i.xQueueGenericSend)
    i.xQueueGenericSendFromISR               0x08005e3c   Section        0  queue.o(i.xQueueGenericSendFromISR)
    i.xQueueReceive                          0x08005efc   Section        0  queue.o(i.xQueueReceive)
    i.xTaskCheckForTimeOut                   0x08006034   Section        0  tasks.o(i.xTaskCheckForTimeOut)
    i.xTaskCreate                            0x080060a8   Section        0  tasks.o(i.xTaskCreate)
    i.xTaskCreateStatic                      0x08006102   Section        0  tasks.o(i.xTaskCreateStatic)
    i.xTaskGetSchedulerState                 0x08006158   Section        0  tasks.o(i.xTaskGetSchedulerState)
    i.xTaskGetTickCount                      0x08006174   Section        0  tasks.o(i.xTaskGetTickCount)
    i.xTaskIncrementTick                     0x08006180   Section        0  tasks.o(i.xTaskIncrementTick)
    i.xTaskPriorityDisinherit                0x08006248   Section        0  tasks.o(i.xTaskPriorityDisinherit)
    i.xTaskRemoveFromEventList               0x080062c8   Section        0  tasks.o(i.xTaskRemoveFromEventList)
    i.xTaskResumeAll                         0x08006338   Section        0  tasks.o(i.xTaskResumeAll)
    i.xTimerCreateTimerTask                  0x080063fc   Section        0  timers.o(i.xTimerCreateTimerTask)
    i.xTimerGenericCommand                   0x0800645c   Section        0  timers.o(i.xTimerGenericCommand)
    .constdata                               0x080064c4   Section       36  freertos.o(.constdata)
    .constdata                               0x080064e8   Section        8  stm32f4xx_hal_dma.o(.constdata)
    flagBitshiftOffset                       0x080064e8   Data           8  stm32f4xx_hal_dma.o(.constdata)
    .constdata                               0x080064f0   Section       16  system_stm32f4xx.o(.constdata)
    .constdata                               0x08006500   Section        8  system_stm32f4xx.o(.constdata)
    .constdata                               0x08006508   Section     2360  driver_oled.o(.constdata)
    .constdata                               0x08006e40   Section      288  page.o(.constdata)
    .constdata                               0x08006f60   Section      288  page.o(.constdata)
    .constdata                               0x08007080   Section      288  page.o(.constdata)
    .constdata                               0x080071a0   Section      288  page.o(.constdata)
    .constdata                               0x080072c0   Section      288  page.o(.constdata)
    .constdata                               0x080073e0   Section      288  page.o(.constdata)
    .constdata                               0x08007500   Section      288  page.o(.constdata)
    .constdata                               0x08007620   Section      288  page.o(.constdata)
    .constdata                               0x08007740   Section      288  page.o(.constdata)
    .constdata                               0x08007860   Section      288  page.o(.constdata)
    .constdata                               0x08007980   Section      164  page.o(.constdata)
    .conststring                             0x08007a24   Section       12  freertos.o(.conststring)
    .conststring                             0x08007a30   Section       93  page.o(.conststring)
    .data                                    0x20000000   Section       20  freertos.o(.data)
    .data                                    0x20000014   Section       12  stm32f4xx_hal.o(.data)
    .data                                    0x20000020   Section        4  system_stm32f4xx.o(.data)
    .data                                    0x20000024   Section        1  driver_joystick.o(.data)
    g_ButtonState                            0x20000024   Data           1  driver_joystick.o(.data)
    .data                                    0x20000028   Section        8  driver_motorcomm.o(.data)
    .data                                    0x20000030   Section      140  page.o(.data)
    g_stringSize                             0x20000030   Data           1  page.o(.data)
    g_string_Ypos                            0x20000031   Data           1  page.o(.data)
    last_value                               0x20000032   Data           1  page.o(.data)
    g_mainIcon_Xstart                        0x20000034   Data           1  page.o(.data)
    g_mainIcon_XEnd                          0x20000035   Data           1  page.o(.data)
    g_mainIcon_Ystart                        0x20000036   Data           1  page.o(.data)
    g_mainIcon_YEnd                          0x20000037   Data           1  page.o(.data)
    g_string_Xpos                            0x20000038   Data           1  page.o(.data)
    g_string_LenRes                          0x20000039   Data           1  page.o(.data)
    .data                                    0x200000bc   Section        4  ui.o(.data)
    last_value                               0x200000bc   Data           4  ui.o(.data)
    .data                                    0x200000c0   Section       60  tasks.o(.data)
    uxDeletedTasksWaitingCleanUp             0x200000c4   Data           4  tasks.o(.data)
    uxCurrentNumberOfTasks                   0x200000c8   Data           4  tasks.o(.data)
    xTickCount                               0x200000cc   Data           4  tasks.o(.data)
    uxTopReadyPriority                       0x200000d0   Data           4  tasks.o(.data)
    xSchedulerRunning                        0x200000d4   Data           4  tasks.o(.data)
    xPendedTicks                             0x200000d8   Data           4  tasks.o(.data)
    xYieldPending                            0x200000dc   Data           4  tasks.o(.data)
    xNumOfOverflows                          0x200000e0   Data           4  tasks.o(.data)
    uxTaskNumber                             0x200000e4   Data           4  tasks.o(.data)
    xNextTaskUnblockTime                     0x200000e8   Data           4  tasks.o(.data)
    xIdleTaskHandle                          0x200000ec   Data           4  tasks.o(.data)
    uxSchedulerSuspended                     0x200000f0   Data           4  tasks.o(.data)
    pxDelayedTaskList                        0x200000f4   Data           4  tasks.o(.data)
    pxOverflowDelayedTaskList                0x200000f8   Data           4  tasks.o(.data)
    .data                                    0x200000fc   Section       20  timers.o(.data)
    xTimerQueue                              0x200000fc   Data           4  timers.o(.data)
    xTimerTaskHandle                         0x20000100   Data           4  timers.o(.data)
    xLastTime                                0x20000104   Data           4  timers.o(.data)
    pxCurrentTimerList                       0x20000108   Data           4  timers.o(.data)
    pxOverflowTimerList                      0x2000010c   Data           4  timers.o(.data)
    .data                                    0x20000110   Section        4  cmsis_os2.o(.data)
    KernelState                              0x20000110   Data           4  cmsis_os2.o(.data)
    .data                                    0x20000114   Section       32  heap_4.o(.data)
    pxEnd                                    0x20000114   Data           4  heap_4.o(.data)
    xFreeBytesRemaining                      0x20000118   Data           4  heap_4.o(.data)
    xMinimumEverFreeBytesRemaining           0x2000011c   Data           4  heap_4.o(.data)
    xNumberOfSuccessfulAllocations           0x20000120   Data           4  heap_4.o(.data)
    xNumberOfSuccessfulFrees                 0x20000124   Data           4  heap_4.o(.data)
    xBlockAllocatedBit                       0x20000128   Data           4  heap_4.o(.data)
    xStart                                   0x2000012c   Data           8  heap_4.o(.data)
    .data                                    0x20000134   Section       12  port.o(.data)
    ucMaxSysCallPriority                     0x20000134   Data           1  port.o(.data)
    uxCriticalNesting                        0x20000138   Data           4  port.o(.data)
    ulMaxPRIGROUPValue                       0x2000013c   Data           4  port.o(.data)
    .data                                    0x20000140   Section        4  stdout.o(.data)
    .bss                                     0x20000144   Section      168  adc.o(.bss)
    .bss                                     0x200001ec   Section       40  can.o(.bss)
    .bss                                     0x20000214   Section       84  i2c.o(.bss)
    .bss                                     0x20000268   Section       72  usart.o(.bss)
    .bss                                     0x200002b0   Section       72  stm32f4xx_hal_timebase_tim.o(.bss)
    .bss                                     0x200002f8   Section      400  driver_joystick.o(.bss)
    ADC_Buffer                               0x200002f8   Data         400  driver_joystick.o(.bss)
    .bss                                     0x20000488   Section       72  pid.o(.bss)
    .bss                                     0x200004d0   Section       64  queue.o(.bss)
    .bss                                     0x20000510   Section     1220  tasks.o(.bss)
    pxReadyTasksLists                        0x20000510   Data        1120  tasks.o(.bss)
    xDelayedTaskList1                        0x20000970   Data          20  tasks.o(.bss)
    xDelayedTaskList2                        0x20000984   Data          20  tasks.o(.bss)
    xPendingReadyList                        0x20000998   Data          20  tasks.o(.bss)
    xTasksWaitingTermination                 0x200009ac   Data          20  tasks.o(.bss)
    xSuspendedTaskList                       0x200009c0   Data          20  tasks.o(.bss)
    .bss                                     0x200009d4   Section      280  timers.o(.bss)
    xStaticTimerQueue                        0x200009d4   Data          80  timers.o(.bss)
    ucStaticTimerQueueStorage                0x20000a24   Data         160  timers.o(.bss)
    xActiveTimerList1                        0x20000ac4   Data          20  timers.o(.bss)
    xActiveTimerList2                        0x20000ad8   Data          20  timers.o(.bss)
    .bss                                     0x20000aec   Section     1720  cmsis_os2.o(.bss)
    Idle_TCB                                 0x20000aec   Data          92  cmsis_os2.o(.bss)
    Idle_Stack                               0x20000b48   Data         512  cmsis_os2.o(.bss)
    Timer_TCB                                0x20000d48   Data          92  cmsis_os2.o(.bss)
    Timer_Stack                              0x20000da4   Data        1024  cmsis_os2.o(.bss)
    .bss                                     0x200011a4   Section    15360  heap_4.o(.bss)
    ucHeap                                   0x200011a4   Data       15360  heap_4.o(.bss)
    STACK                                    0x20004da8   Section     1024  startup_stm32f407xx.o(STACK)

    Global Symbols

    Symbol Name                              Value     Ov Type        Size  Object(Section)

    BuildAttributes$$THM_ISAv4$E$P$D$K$B$S$7EM$VFPi3$EXTD16$VFPS$VFMA$PE$A:L22UL41UL21$X:L11$S22US41US21$IEEE1$IW$USESV6$~STKCKD$USESV7$~SHL$OTIME$ROPI$IEEEX$EBA8$MICROLIB$REQ8$PRES8$EABIv2 0x00000000   Number         0  anon$$obj.o ABSOLUTE
    __ARM_use_no_argv                        0x00000000   Number         0  main.o ABSOLUTE
    _printf_a                                0x00000000   Number         0  stubs.o ABSOLUTE
    _printf_c                                0x00000000   Number         0  stubs.o ABSOLUTE
    _printf_charcount                        0x00000000   Number         0  stubs.o ABSOLUTE
    _printf_d                                0x00000000   Number         0  stubs.o ABSOLUTE
    _printf_e                                0x00000000   Number         0  stubs.o ABSOLUTE
    _printf_f                                0x00000000   Number         0  stubs.o ABSOLUTE
    _printf_flags                            0x00000000   Number         0  stubs.o ABSOLUTE
    _printf_fp_dec                           0x00000000   Number         0  stubs.o ABSOLUTE
    _printf_fp_hex                           0x00000000   Number         0  stubs.o ABSOLUTE
    _printf_g                                0x00000000   Number         0  stubs.o ABSOLUTE
    _printf_i                                0x00000000   Number         0  stubs.o ABSOLUTE
    _printf_int_dec                          0x00000000   Number         0  stubs.o ABSOLUTE
    _printf_l                                0x00000000   Number         0  stubs.o ABSOLUTE
    _printf_lc                               0x00000000   Number         0  stubs.o ABSOLUTE
    _printf_ll                               0x00000000   Number         0  stubs.o ABSOLUTE
    _printf_lld                              0x00000000   Number         0  stubs.o ABSOLUTE
    _printf_lli                              0x00000000   Number         0  stubs.o ABSOLUTE
    _printf_llo                              0x00000000   Number         0  stubs.o ABSOLUTE
    _printf_llu                              0x00000000   Number         0  stubs.o ABSOLUTE
    _printf_llx                              0x00000000   Number         0  stubs.o ABSOLUTE
    _printf_longlong_dec                     0x00000000   Number         0  stubs.o ABSOLUTE
    _printf_longlong_hex                     0x00000000   Number         0  stubs.o ABSOLUTE
    _printf_longlong_oct                     0x00000000   Number         0  stubs.o ABSOLUTE
    _printf_ls                               0x00000000   Number         0  stubs.o ABSOLUTE
    _printf_mbtowc                           0x00000000   Number         0  stubs.o ABSOLUTE
    _printf_n                                0x00000000   Number         0  stubs.o ABSOLUTE
    _printf_o                                0x00000000   Number         0  stubs.o ABSOLUTE
    _printf_p                                0x00000000   Number         0  stubs.o ABSOLUTE
    _printf_percent                          0x00000000   Number         0  stubs.o ABSOLUTE
    _printf_pre_padding                      0x00000000   Number         0  stubs.o ABSOLUTE
    _printf_return_value                     0x00000000   Number         0  stubs.o ABSOLUTE
    _printf_s                                0x00000000   Number         0  stubs.o ABSOLUTE
    _printf_sizespec                         0x00000000   Number         0  stubs.o ABSOLUTE
    _printf_str                              0x00000000   Number         0  stubs.o ABSOLUTE
    _printf_truncate_signed                  0x00000000   Number         0  stubs.o ABSOLUTE
    _printf_truncate_unsigned                0x00000000   Number         0  stubs.o ABSOLUTE
    _printf_u                                0x00000000   Number         0  stubs.o ABSOLUTE
    _printf_wc                               0x00000000   Number         0  stubs.o ABSOLUTE
    _printf_wctomb                           0x00000000   Number         0  stubs.o ABSOLUTE
    _printf_widthprec                        0x00000000   Number         0  stubs.o ABSOLUTE
    _printf_x                                0x00000000   Number         0  stubs.o ABSOLUTE
    __cpp_initialize__aeabi_                  - Undefined Weak Reference
    __cxa_finalize                            - Undefined Weak Reference
    _clock_init                               - Undefined Weak Reference
    _microlib_exit                            - Undefined Weak Reference
    __Vectors_Size                           0x00000188   Number         0  startup_stm32f407xx.o ABSOLUTE
    __Vectors                                0x08000000   Data           4  startup_stm32f407xx.o(RESET)
    __Vectors_End                            0x08000188   Data           0  startup_stm32f407xx.o(RESET)
    __main                                   0x08000189   Thumb Code     0  entry.o(.ARM.Collect$$$$00000000)
    _main_stk                                0x08000189   Thumb Code     0  entry2.o(.ARM.Collect$$$$00000001)
    _main_scatterload                        0x0800018d   Thumb Code     0  entry5.o(.ARM.Collect$$$$00000004)
    __main_after_scatterload                 0x08000191   Thumb Code     0  entry5.o(.ARM.Collect$$$$00000004)
    _main_clock                              0x08000191   Thumb Code     0  entry7b.o(.ARM.Collect$$$$00000008)
    _main_cpp_init                           0x08000191   Thumb Code     0  entry8b.o(.ARM.Collect$$$$0000000A)
    _main_init                               0x08000191   Thumb Code     0  entry9a.o(.ARM.Collect$$$$0000000B)
    __rt_final_cpp                           0x08000199   Thumb Code     0  entry10a.o(.ARM.Collect$$$$0000000D)
    __rt_final_exit                          0x08000199   Thumb Code     0  entry11a.o(.ARM.Collect$$$$0000000F)
    SVC_Handler                              0x0800019d   Thumb Code    28  port.o(.emb_text)
    __asm___6_port_c_39a90d8d__prvStartFirstTask 0x080001bd   Thumb Code    36  port.o(.emb_text)
    __asm___6_port_c_39a90d8d__prvEnableVFP  0x080001e5   Thumb Code    16  port.o(.emb_text)
    PendSV_Handler                           0x080001f9   Thumb Code    88  port.o(.emb_text)
    vPortGetIPSR                             0x08000255   Thumb Code     6  port.o(.emb_text)
    Reset_Handler                            0x0800025d   Thumb Code     8  startup_stm32f407xx.o(.text)
    ADC_IRQHandler                           0x08000277   Thumb Code     0  startup_stm32f407xx.o(.text)
    CAN1_RX1_IRQHandler                      0x08000277   Thumb Code     0  startup_stm32f407xx.o(.text)
    CAN1_SCE_IRQHandler                      0x08000277   Thumb Code     0  startup_stm32f407xx.o(.text)
    CAN1_TX_IRQHandler                       0x08000277   Thumb Code     0  startup_stm32f407xx.o(.text)
    CAN2_RX0_IRQHandler                      0x08000277   Thumb Code     0  startup_stm32f407xx.o(.text)
    CAN2_RX1_IRQHandler                      0x08000277   Thumb Code     0  startup_stm32f407xx.o(.text)
    CAN2_SCE_IRQHandler                      0x08000277   Thumb Code     0  startup_stm32f407xx.o(.text)
    CAN2_TX_IRQHandler                       0x08000277   Thumb Code     0  startup_stm32f407xx.o(.text)
    DCMI_IRQHandler                          0x08000277   Thumb Code     0  startup_stm32f407xx.o(.text)
    DMA1_Stream0_IRQHandler                  0x08000277   Thumb Code     0  startup_stm32f407xx.o(.text)
    DMA1_Stream1_IRQHandler                  0x08000277   Thumb Code     0  startup_stm32f407xx.o(.text)
    DMA1_Stream2_IRQHandler                  0x08000277   Thumb Code     0  startup_stm32f407xx.o(.text)
    DMA1_Stream3_IRQHandler                  0x08000277   Thumb Code     0  startup_stm32f407xx.o(.text)
    DMA1_Stream4_IRQHandler                  0x08000277   Thumb Code     0  startup_stm32f407xx.o(.text)
    DMA1_Stream5_IRQHandler                  0x08000277   Thumb Code     0  startup_stm32f407xx.o(.text)
    DMA1_Stream6_IRQHandler                  0x08000277   Thumb Code     0  startup_stm32f407xx.o(.text)
    DMA1_Stream7_IRQHandler                  0x08000277   Thumb Code     0  startup_stm32f407xx.o(.text)
    DMA2_Stream1_IRQHandler                  0x08000277   Thumb Code     0  startup_stm32f407xx.o(.text)
    DMA2_Stream2_IRQHandler                  0x08000277   Thumb Code     0  startup_stm32f407xx.o(.text)
    DMA2_Stream3_IRQHandler                  0x08000277   Thumb Code     0  startup_stm32f407xx.o(.text)
    DMA2_Stream4_IRQHandler                  0x08000277   Thumb Code     0  startup_stm32f407xx.o(.text)
    DMA2_Stream5_IRQHandler                  0x08000277   Thumb Code     0  startup_stm32f407xx.o(.text)
    DMA2_Stream6_IRQHandler                  0x08000277   Thumb Code     0  startup_stm32f407xx.o(.text)
    DMA2_Stream7_IRQHandler                  0x08000277   Thumb Code     0  startup_stm32f407xx.o(.text)
    ETH_IRQHandler                           0x08000277   Thumb Code     0  startup_stm32f407xx.o(.text)
    ETH_WKUP_IRQHandler                      0x08000277   Thumb Code     0  startup_stm32f407xx.o(.text)
    EXTI0_IRQHandler                         0x08000277   Thumb Code     0  startup_stm32f407xx.o(.text)
    EXTI15_10_IRQHandler                     0x08000277   Thumb Code     0  startup_stm32f407xx.o(.text)
    EXTI1_IRQHandler                         0x08000277   Thumb Code     0  startup_stm32f407xx.o(.text)
    EXTI2_IRQHandler                         0x08000277   Thumb Code     0  startup_stm32f407xx.o(.text)
    EXTI4_IRQHandler                         0x08000277   Thumb Code     0  startup_stm32f407xx.o(.text)
    EXTI9_5_IRQHandler                       0x08000277   Thumb Code     0  startup_stm32f407xx.o(.text)
    FLASH_IRQHandler                         0x08000277   Thumb Code     0  startup_stm32f407xx.o(.text)
    FMC_IRQHandler                           0x08000277   Thumb Code     0  startup_stm32f407xx.o(.text)
    FPU_IRQHandler                           0x08000277   Thumb Code     0  startup_stm32f407xx.o(.text)
    HASH_RNG_IRQHandler                      0x08000277   Thumb Code     0  startup_stm32f407xx.o(.text)
    I2C1_ER_IRQHandler                       0x08000277   Thumb Code     0  startup_stm32f407xx.o(.text)
    I2C1_EV_IRQHandler                       0x08000277   Thumb Code     0  startup_stm32f407xx.o(.text)
    I2C2_ER_IRQHandler                       0x08000277   Thumb Code     0  startup_stm32f407xx.o(.text)
    I2C2_EV_IRQHandler                       0x08000277   Thumb Code     0  startup_stm32f407xx.o(.text)
    I2C3_ER_IRQHandler                       0x08000277   Thumb Code     0  startup_stm32f407xx.o(.text)
    I2C3_EV_IRQHandler                       0x08000277   Thumb Code     0  startup_stm32f407xx.o(.text)
    OTG_FS_IRQHandler                        0x08000277   Thumb Code     0  startup_stm32f407xx.o(.text)
    OTG_FS_WKUP_IRQHandler                   0x08000277   Thumb Code     0  startup_stm32f407xx.o(.text)
    OTG_HS_EP1_IN_IRQHandler                 0x08000277   Thumb Code     0  startup_stm32f407xx.o(.text)
    OTG_HS_EP1_OUT_IRQHandler                0x08000277   Thumb Code     0  startup_stm32f407xx.o(.text)
    OTG_HS_IRQHandler                        0x08000277   Thumb Code     0  startup_stm32f407xx.o(.text)
    OTG_HS_WKUP_IRQHandler                   0x08000277   Thumb Code     0  startup_stm32f407xx.o(.text)
    PVD_IRQHandler                           0x08000277   Thumb Code     0  startup_stm32f407xx.o(.text)
    RCC_IRQHandler                           0x08000277   Thumb Code     0  startup_stm32f407xx.o(.text)
    RTC_Alarm_IRQHandler                     0x08000277   Thumb Code     0  startup_stm32f407xx.o(.text)
    RTC_WKUP_IRQHandler                      0x08000277   Thumb Code     0  startup_stm32f407xx.o(.text)
    SDIO_IRQHandler                          0x08000277   Thumb Code     0  startup_stm32f407xx.o(.text)
    SPI1_IRQHandler                          0x08000277   Thumb Code     0  startup_stm32f407xx.o(.text)
    SPI2_IRQHandler                          0x08000277   Thumb Code     0  startup_stm32f407xx.o(.text)
    SPI3_IRQHandler                          0x08000277   Thumb Code     0  startup_stm32f407xx.o(.text)
    TAMP_STAMP_IRQHandler                    0x08000277   Thumb Code     0  startup_stm32f407xx.o(.text)
    TIM1_BRK_TIM9_IRQHandler                 0x08000277   Thumb Code     0  startup_stm32f407xx.o(.text)
    TIM1_CC_IRQHandler                       0x08000277   Thumb Code     0  startup_stm32f407xx.o(.text)
    TIM1_TRG_COM_TIM11_IRQHandler            0x08000277   Thumb Code     0  startup_stm32f407xx.o(.text)
    TIM1_UP_TIM10_IRQHandler                 0x08000277   Thumb Code     0  startup_stm32f407xx.o(.text)
    TIM2_IRQHandler                          0x08000277   Thumb Code     0  startup_stm32f407xx.o(.text)
    TIM3_IRQHandler                          0x08000277   Thumb Code     0  startup_stm32f407xx.o(.text)
    TIM5_IRQHandler                          0x08000277   Thumb Code     0  startup_stm32f407xx.o(.text)
    TIM6_DAC_IRQHandler                      0x08000277   Thumb Code     0  startup_stm32f407xx.o(.text)
    TIM7_IRQHandler                          0x08000277   Thumb Code     0  startup_stm32f407xx.o(.text)
    TIM8_BRK_TIM12_IRQHandler                0x08000277   Thumb Code     0  startup_stm32f407xx.o(.text)
    TIM8_CC_IRQHandler                       0x08000277   Thumb Code     0  startup_stm32f407xx.o(.text)
    TIM8_TRG_COM_TIM14_IRQHandler            0x08000277   Thumb Code     0  startup_stm32f407xx.o(.text)
    TIM8_UP_TIM13_IRQHandler                 0x08000277   Thumb Code     0  startup_stm32f407xx.o(.text)
    UART4_IRQHandler                         0x08000277   Thumb Code     0  startup_stm32f407xx.o(.text)
    UART5_IRQHandler                         0x08000277   Thumb Code     0  startup_stm32f407xx.o(.text)
    USART1_IRQHandler                        0x08000277   Thumb Code     0  startup_stm32f407xx.o(.text)
    USART2_IRQHandler                        0x08000277   Thumb Code     0  startup_stm32f407xx.o(.text)
    USART3_IRQHandler                        0x08000277   Thumb Code     0  startup_stm32f407xx.o(.text)
    USART6_IRQHandler                        0x08000277   Thumb Code     0  startup_stm32f407xx.o(.text)
    WWDG_IRQHandler                          0x08000277   Thumb Code     0  startup_stm32f407xx.o(.text)
    __aeabi_uldivmod                         0x08000281   Thumb Code    98  uldiv.o(.text)
    __aeabi_memcpy                           0x080002e3   Thumb Code    36  memcpya.o(.text)
    __aeabi_memcpy4                          0x080002e3   Thumb Code     0  memcpya.o(.text)
    __aeabi_memcpy8                          0x080002e3   Thumb Code     0  memcpya.o(.text)
    __aeabi_memset                           0x08000307   Thumb Code    14  memseta.o(.text)
    __aeabi_memset4                          0x08000307   Thumb Code     0  memseta.o(.text)
    __aeabi_memset8                          0x08000307   Thumb Code     0  memseta.o(.text)
    __aeabi_memclr                           0x08000315   Thumb Code     4  memseta.o(.text)
    __aeabi_memclr4                          0x08000315   Thumb Code     0  memseta.o(.text)
    __aeabi_memclr8                          0x08000315   Thumb Code     0  memseta.o(.text)
    memset                                   0x08000319   Thumb Code    18  memseta.o(.text)
    strlen                                   0x0800032b   Thumb Code    14  strlen.o(.text)
    __aeabi_dadd                             0x08000339   Thumb Code   322  dadd.o(.text)
    __aeabi_dsub                             0x0800047b   Thumb Code     6  dadd.o(.text)
    __aeabi_drsub                            0x08000481   Thumb Code     6  dadd.o(.text)
    __aeabi_dmul                             0x08000487   Thumb Code   228  dmul.o(.text)
    __aeabi_ddiv                             0x0800056b   Thumb Code   222  ddiv.o(.text)
    __aeabi_d2iz                             0x08000649   Thumb Code    62  dfixi.o(.text)
    __aeabi_f2d                              0x08000687   Thumb Code    38  f2d.o(.text)
    __aeabi_uidiv                            0x080006ad   Thumb Code     0  uidiv.o(.text)
    __aeabi_uidivmod                         0x080006ad   Thumb Code    44  uidiv.o(.text)
    __aeabi_llsl                             0x080006d9   Thumb Code    30  llshl.o(.text)
    _ll_shift_l                              0x080006d9   Thumb Code     0  llshl.o(.text)
    __aeabi_llsr                             0x080006f7   Thumb Code    32  llushr.o(.text)
    _ll_ushift_r                             0x080006f7   Thumb Code     0  llushr.o(.text)
    __aeabi_lasr                             0x08000717   Thumb Code    36  llsshr.o(.text)
    _ll_sshift_r                             0x08000717   Thumb Code     0  llsshr.o(.text)
    __I$use$fp                               0x0800073b   Thumb Code     0  iusefp.o(.text)
    _double_round                            0x0800073b   Thumb Code    30  depilogue.o(.text)
    _double_epilogue                         0x08000759   Thumb Code   156  depilogue.o(.text)
    __aeabi_d2ulz                            0x080007f5   Thumb Code    48  dfixul.o(.text)
    __aeabi_cdrcmple                         0x08000825   Thumb Code    48  cdrcmple.o(.text)
    __scatterload                            0x08000855   Thumb Code    28  init.o(.text)
    __scatterload_rt2                        0x08000855   Thumb Code     0  init.o(.text)
    __decompress                             0x08000879   Thumb Code     0  __dczerorl2.o(.text)
    __decompress1                            0x08000879   Thumb Code    86  __dczerorl2.o(.text)
    BusFault_Handler                         0x08000a85   Thumb Code     2  stm32f4xx_it.o(i.BusFault_Handler)
    CAN1_RX0_IRQHandler                      0x08000a89   Thumb Code     6  stm32f4xx_it.o(i.CAN1_RX0_IRQHandler)
    DMA2_Stream0_IRQHandler                  0x08000a95   Thumb Code     6  stm32f4xx_it.o(i.DMA2_Stream0_IRQHandler)
    DebugMon_Handler                         0x08000b45   Thumb Code     2  stm32f4xx_it.o(i.DebugMon_Handler)
    EXTI3_IRQHandler                         0x08000b47   Thumb Code     6  stm32f4xx_it.o(i.EXTI3_IRQHandler)
    Error_Handler                            0x08000b4d   Thumb Code     4  main.o(i.Error_Handler)
    HAL_ADC_ConfigChannel                    0x08000b51   Thumb Code   316  stm32f4xx_hal_adc.o(i.HAL_ADC_ConfigChannel)
    HAL_ADC_ConvCpltCallback                 0x08000c9d   Thumb Code     2  stm32f4xx_hal_adc.o(i.HAL_ADC_ConvCpltCallback)
    HAL_ADC_ConvHalfCpltCallback             0x08000c9f   Thumb Code     2  stm32f4xx_hal_adc.o(i.HAL_ADC_ConvHalfCpltCallback)
    HAL_ADC_ErrorCallback                    0x08000ca1   Thumb Code     2  stm32f4xx_hal_adc.o(i.HAL_ADC_ErrorCallback)
    HAL_ADC_Init                             0x08000ca3   Thumb Code    84  stm32f4xx_hal_adc.o(i.HAL_ADC_Init)
    HAL_ADC_MspInit                          0x08000cf9   Thumb Code   132  adc.o(i.HAL_ADC_MspInit)
    HAL_ADC_Start_DMA                        0x08000d91   Thumb Code   302  stm32f4xx_hal_adc.o(i.HAL_ADC_Start_DMA)
    HAL_CAN_ActivateNotification             0x08000ee5   Thumb Code    36  stm32f4xx_hal_can.o(i.HAL_CAN_ActivateNotification)
    HAL_CAN_AddTxMessage                     0x08000f09   Thumb Code   188  stm32f4xx_hal_can.o(i.HAL_CAN_AddTxMessage)
    HAL_CAN_ConfigFilter                     0x08000fc5   Thumb Code   262  stm32f4xx_hal_can.o(i.HAL_CAN_ConfigFilter)
    HAL_CAN_ErrorCallback                    0x080010d1   Thumb Code     2  stm32f4xx_hal_can.o(i.HAL_CAN_ErrorCallback)
    HAL_CAN_GetRxMessage                     0x080010d3   Thumb Code   244  stm32f4xx_hal_can.o(i.HAL_CAN_GetRxMessage)
    HAL_CAN_IRQHandler                       0x080011c7   Thumb Code   508  stm32f4xx_hal_can.o(i.HAL_CAN_IRQHandler)
    HAL_CAN_Init                             0x080013c3   Thumb Code   282  stm32f4xx_hal_can.o(i.HAL_CAN_Init)
    HAL_CAN_MspInit                          0x080014dd   Thumb Code   110  can.o(i.HAL_CAN_MspInit)
    HAL_CAN_RxFifo0FullCallback              0x08001559   Thumb Code     2  stm32f4xx_hal_can.o(i.HAL_CAN_RxFifo0FullCallback)
    HAL_CAN_RxFifo0MsgPendingCallback        0x0800155d   Thumb Code    68  driver_motorcomm.o(i.HAL_CAN_RxFifo0MsgPendingCallback)
    HAL_CAN_RxFifo1FullCallback              0x080015a9   Thumb Code     2  stm32f4xx_hal_can.o(i.HAL_CAN_RxFifo1FullCallback)
    HAL_CAN_RxFifo1MsgPendingCallback        0x080015ab   Thumb Code     2  stm32f4xx_hal_can.o(i.HAL_CAN_RxFifo1MsgPendingCallback)
    HAL_CAN_SleepCallback                    0x080015ad   Thumb Code     2  stm32f4xx_hal_can.o(i.HAL_CAN_SleepCallback)
    HAL_CAN_Start                            0x080015b1   Thumb Code    88  stm32f4xx_hal_can.o(i.HAL_CAN_Start)
    HAL_CAN_TxMailbox0AbortCallback          0x08001609   Thumb Code     2  stm32f4xx_hal_can.o(i.HAL_CAN_TxMailbox0AbortCallback)
    HAL_CAN_TxMailbox0CompleteCallback       0x0800160b   Thumb Code     2  stm32f4xx_hal_can.o(i.HAL_CAN_TxMailbox0CompleteCallback)
    HAL_CAN_TxMailbox1AbortCallback          0x0800160d   Thumb Code     2  stm32f4xx_hal_can.o(i.HAL_CAN_TxMailbox1AbortCallback)
    HAL_CAN_TxMailbox1CompleteCallback       0x0800160f   Thumb Code     2  stm32f4xx_hal_can.o(i.HAL_CAN_TxMailbox1CompleteCallback)
    HAL_CAN_TxMailbox2AbortCallback          0x08001611   Thumb Code     2  stm32f4xx_hal_can.o(i.HAL_CAN_TxMailbox2AbortCallback)
    HAL_CAN_TxMailbox2CompleteCallback       0x08001613   Thumb Code     2  stm32f4xx_hal_can.o(i.HAL_CAN_TxMailbox2CompleteCallback)
    HAL_CAN_WakeUpFromRxMsgCallback          0x08001615   Thumb Code     2  stm32f4xx_hal_can.o(i.HAL_CAN_WakeUpFromRxMsgCallback)
    HAL_DMA_IRQHandler                       0x08001619   Thumb Code   412  stm32f4xx_hal_dma.o(i.HAL_DMA_IRQHandler)
    HAL_DMA_Init                             0x080017b9   Thumb Code   206  stm32f4xx_hal_dma.o(i.HAL_DMA_Init)
    HAL_DMA_Start_IT                         0x0800188d   Thumb Code   110  stm32f4xx_hal_dma.o(i.HAL_DMA_Start_IT)
    HAL_Delay                                0x080018fd   Thumb Code    32  stm32f4xx_hal.o(i.HAL_Delay)
    HAL_GPIO_EXTI_Callback                   0x08001921   Thumb Code    10  driver_irq.o(i.HAL_GPIO_EXTI_Callback)
    HAL_GPIO_EXTI_IRQHandler                 0x0800192d   Thumb Code    18  stm32f4xx_hal_gpio.o(i.HAL_GPIO_EXTI_IRQHandler)
    HAL_GPIO_Init                            0x08001945   Thumb Code   450  stm32f4xx_hal_gpio.o(i.HAL_GPIO_Init)
    HAL_GPIO_ReadPin                         0x08001b35   Thumb Code    10  stm32f4xx_hal_gpio.o(i.HAL_GPIO_ReadPin)
    HAL_GPIO_WritePin                        0x08001b3f   Thumb Code    10  stm32f4xx_hal_gpio.o(i.HAL_GPIO_WritePin)
    HAL_GetTick                              0x08001b49   Thumb Code     6  stm32f4xx_hal.o(i.HAL_GetTick)
    HAL_I2C_Init                             0x08001b55   Thumb Code   376  stm32f4xx_hal_i2c.o(i.HAL_I2C_Init)
    HAL_I2C_Mem_Write                        0x08001cdd   Thumb Code   294  stm32f4xx_hal_i2c.o(i.HAL_I2C_Mem_Write)
    HAL_I2C_MspInit                          0x08001e0d   Thumb Code    92  i2c.o(i.HAL_I2C_MspInit)
    HAL_IncTick                              0x08001e75   Thumb Code    12  stm32f4xx_hal.o(i.HAL_IncTick)
    HAL_Init                                 0x08001e85   Thumb Code    48  stm32f4xx_hal.o(i.HAL_Init)
    HAL_InitTick                             0x08001eb9   Thumb Code   132  stm32f4xx_hal_timebase_tim.o(i.HAL_InitTick)
    HAL_MspInit                              0x08001f51   Thumb Code    52  stm32f4xx_hal_msp.o(i.HAL_MspInit)
    HAL_NVIC_EnableIRQ                       0x08001f89   Thumb Code    26  stm32f4xx_hal_cortex.o(i.HAL_NVIC_EnableIRQ)
    HAL_NVIC_SetPriority                     0x08001fa5   Thumb Code    60  stm32f4xx_hal_cortex.o(i.HAL_NVIC_SetPriority)
    HAL_NVIC_SetPriorityGrouping             0x08001fe5   Thumb Code    26  stm32f4xx_hal_cortex.o(i.HAL_NVIC_SetPriorityGrouping)
    HAL_RCC_ClockConfig                      0x08002009   Thumb Code   288  stm32f4xx_hal_rcc.o(i.HAL_RCC_ClockConfig)
    HAL_RCC_GetClockConfig                   0x0800213d   Thumb Code    54  stm32f4xx_hal_rcc.o(i.HAL_RCC_GetClockConfig)
    HAL_RCC_GetPCLK1Freq                     0x0800217d   Thumb Code    20  stm32f4xx_hal_rcc.o(i.HAL_RCC_GetPCLK1Freq)
    HAL_RCC_GetPCLK2Freq                     0x0800219d   Thumb Code    20  stm32f4xx_hal_rcc.o(i.HAL_RCC_GetPCLK2Freq)
    HAL_RCC_GetSysClockFreq                  0x080021bd   Thumb Code    88  stm32f4xx_hal_rcc.o(i.HAL_RCC_GetSysClockFreq)
    HAL_RCC_OscConfig                        0x0800221d   Thumb Code   856  stm32f4xx_hal_rcc.o(i.HAL_RCC_OscConfig)
    HAL_TIMEx_BreakCallback                  0x08002589   Thumb Code     2  stm32f4xx_hal_tim_ex.o(i.HAL_TIMEx_BreakCallback)
    HAL_TIMEx_CommutCallback                 0x0800258b   Thumb Code     2  stm32f4xx_hal_tim_ex.o(i.HAL_TIMEx_CommutCallback)
    HAL_TIM_Base_Init                        0x0800258d   Thumb Code    90  stm32f4xx_hal_tim.o(i.HAL_TIM_Base_Init)
    HAL_TIM_Base_MspInit                     0x080025e7   Thumb Code     2  stm32f4xx_hal_tim.o(i.HAL_TIM_Base_MspInit)
    HAL_TIM_Base_Start_IT                    0x080025e9   Thumb Code   100  stm32f4xx_hal_tim.o(i.HAL_TIM_Base_Start_IT)
    HAL_TIM_IC_CaptureCallback               0x08002669   Thumb Code     2  stm32f4xx_hal_tim.o(i.HAL_TIM_IC_CaptureCallback)
    HAL_TIM_IRQHandler                       0x0800266b   Thumb Code   304  stm32f4xx_hal_tim.o(i.HAL_TIM_IRQHandler)
    HAL_TIM_OC_DelayElapsedCallback          0x0800279b   Thumb Code     2  stm32f4xx_hal_tim.o(i.HAL_TIM_OC_DelayElapsedCallback)
    HAL_TIM_PWM_PulseFinishedCallback        0x0800279d   Thumb Code     2  stm32f4xx_hal_tim.o(i.HAL_TIM_PWM_PulseFinishedCallback)
    HAL_TIM_PeriodElapsedCallback            0x080027a1   Thumb Code    14  main.o(i.HAL_TIM_PeriodElapsedCallback)
    HAL_TIM_TriggerCallback                  0x080027b5   Thumb Code     2  stm32f4xx_hal_tim.o(i.HAL_TIM_TriggerCallback)
    HAL_UART_Init                            0x080027b7   Thumb Code   100  stm32f4xx_hal_uart.o(i.HAL_UART_Init)
    HAL_UART_MspInit                         0x0800281d   Thumb Code    94  usart.o(i.HAL_UART_MspInit)
    HAL_UART_Transmit                        0x08002889   Thumb Code   160  stm32f4xx_hal_uart.o(i.HAL_UART_Transmit)
    HardFault_Handler                        0x08002929   Thumb Code     2  stm32f4xx_it.o(i.HardFault_Handler)
    Int2String                               0x08002bfd   Thumb Code   100  page.o(i.Int2String)
    JoyStickInit                             0x08002c61   Thumb Code    10  driver_joystick.o(i.JoyStickInit)
    JoyStickValueCal                         0x08002c75   Thumb Code    52  driver_joystick.o(i.JoyStickValueCal)
    JoystickButton_IRQ_Callback              0x08002cad   Thumb Code    26  driver_joystick.o(i.JoystickButton_IRQ_Callback)
    Joystick_Task                            0x08002cd1   Thumb Code    66  joystick.o(i.Joystick_Task)
    MX_ADC1_Init                             0x08002d19   Thumb Code   106  adc.o(i.MX_ADC1_Init)
    MX_CAN1_Init                             0x08002d91   Thumb Code    58  can.o(i.MX_CAN1_Init)
    MX_DMA_Init                              0x08002dd5   Thumb Code    40  dma.o(i.MX_DMA_Init)
    MX_FREERTOS_Init                         0x08002e01   Thumb Code   148  freertos.o(i.MX_FREERTOS_Init)
    MX_GPIO_Init                             0x08002f15   Thumb Code   160  gpio.o(i.MX_GPIO_Init)
    MX_I2C1_Init                             0x08002fc1   Thumb Code    50  i2c.o(i.MX_I2C1_Init)
    MX_USART1_UART_Init                      0x08003001   Thumb Code    48  usart.o(i.MX_USART1_UART_Init)
    MemManage_Handler                        0x08003039   Thumb Code     2  stm32f4xx_it.o(i.MemManage_Handler)
    MotorCommInit                            0x0800303b   Thumb Code     4  driver_motorcomm.o(i.MotorCommInit)
    MotorPIDInit                             0x08003041   Thumb Code    68  pid.o(i.MotorPIDInit)
    MotorPid_Task                            0x0800309d   Thumb Code    46  motor.o(i.MotorPid_Task)
    Motor_Task                               0x080030d5   Thumb Code    36  motor.o(i.Motor_Task)
    MyCAN_Init                               0x08003105   Thumb Code    52  can.o(i.MyCAN_Init)
    NMI_Handler                              0x0800313d   Thumb Code     2  stm32f4xx_it.o(i.NMI_Handler)
    OLED_CLS                                 0x0800313f   Thumb Code     6  driver_oled.o(i.OLED_CLS)
    OLED_DrawBMP                             0x08003145   Thumb Code    62  driver_oled.o(i.OLED_DrawBMP)
    OLED_Fill                                0x08003185   Thumb Code    56  driver_oled.o(i.OLED_Fill)
    OLED_Init                                0x080031bd   Thumb Code   180  driver_oled.o(i.OLED_Init)
    OLED_SetPos                              0x08003271   Thumb Code    38  driver_oled.o(i.OLED_SetPos)
    OLED_ShowStr                             0x08003299   Thumb Code   208  driver_oled.o(i.OLED_ShowStr)
    PID_Calc                                 0x08003371   Thumb Code   134  pid.o(i.PID_Calc)
    PID_Init                                 0x080033f7   Thumb Code    14  pid.o(i.PID_Init)
    PageDown                                 0x08003405   Thumb Code    72  page.o(i.PageDown)
    PageIn                                   0x08003455   Thumb Code    72  page.o(i.PageIn)
    PageOut                                  0x080034a5   Thumb Code    66  page.o(i.PageOut)
    PageUp                                   0x080034f1   Thumb Code    72  page.o(i.PageUp)
    PagesInfInit                             0x08003541   Thumb Code    26  page.o(i.PagesInfInit)
    SendMessage2Motor                        0x08003561   Thumb Code    84  driver_motorcomm.o(i.SendMessage2Motor)
    SlideLeft                                0x080035bd   Thumb Code    58  page.o(i.SlideLeft)
    SlideRight                               0x080035f7   Thumb Code    60  page.o(i.SlideRight)
    StartDefaultTask                         0x08003633   Thumb Code     2  freertos.o(i.StartDefaultTask)
    SysTick_Handler                          0x08003635   Thumb Code    26  cmsis_os2.o(i.SysTick_Handler)
    SystemClock_Config                       0x08003651   Thumb Code   138  main.o(i.SystemClock_Config)
    SystemInit                               0x080036e5   Thumb Code    12  system_stm32f4xx.o(i.SystemInit)
    TIM4_IRQHandler                          0x080036f5   Thumb Code     6  stm32f4xx_it.o(i.TIM4_IRQHandler)
    TIM_Base_SetConfig                       0x08003701   Thumb Code   170  stm32f4xx_hal_tim.o(i.TIM_Base_SetConfig)
    UIAction_Task                            0x080039a9   Thumb Code   378  ui.o(i.UIAction_Task)
    UI_Init                                  0x08003b69   Thumb Code    28  ui.o(i.UI_Init)
    UI_Task                                  0x08003b85   Thumb Code   162  ui.o(i.UI_Task)
    UsageFault_Handler                       0x08003c31   Thumb Code     2  stm32f4xx_it.o(i.UsageFault_Handler)
    WriteCmd                                 0x08003c35   Thumb Code    30  driver_oled.o(i.WriteCmd)
    WriteDat                                 0x08003c59   Thumb Code    30  driver_oled.o(i.WriteDat)
    __0printf                                0x08003c7d   Thumb Code    22  printfa.o(i.__0printf)
    __1printf                                0x08003c7d   Thumb Code     0  printfa.o(i.__0printf)
    __2printf                                0x08003c7d   Thumb Code     0  printfa.o(i.__0printf)
    __c89printf                              0x08003c7d   Thumb Code     0  printfa.o(i.__0printf)
    printf                                   0x08003c7d   Thumb Code     0  printfa.o(i.__0printf)
    __scatterload_copy                       0x08003cbd   Thumb Code    14  handlers.o(i.__scatterload_copy)
    __scatterload_null                       0x08003ccb   Thumb Code     2  handlers.o(i.__scatterload_null)
    __scatterload_zeroinit                   0x08003ccd   Thumb Code    14  handlers.o(i.__scatterload_zeroinit)
    cascade_loop                             0x08004571   Thumb Code    38  pid.o(i.cascade_loop)
    clearArrows                              0x0800459d   Thumb Code    76  page.o(i.clearArrows)
    clearBackArrow                           0x080045e9   Thumb Code    38  page.o(i.clearBackArrow)
    clearMainIcon                            0x08004611   Thumb Code    44  page.o(i.clearMainIcon)
    clearPage                                0x08004641   Thumb Code    44  page.o(i.clearPage)
    clearString                              0x08004671   Thumb Code    48  page.o(i.clearString)
    fputc                                    0x080046a5   Thumb Code    20  usart.o(i.fputc)
    getCurrentpage                           0x080046bd   Thumb Code    12  page.o(i.getCurrentpage)
    getCurrentpageId                         0x080046cd   Thumb Code     6  page.o(i.getCurrentpageId)
    main                                     0x080046d9   Thumb Code    46  main.o(i.main)
    osKernelInitialize                       0x08004709   Thumb Code    32  cmsis_os2.o(i.osKernelInitialize)
    osKernelStart                            0x0800472d   Thumb Code    48  cmsis_os2.o(i.osKernelStart)
    osThreadNew                              0x08004765   Thumb Code   136  cmsis_os2.o(i.osThreadNew)
    pvPortMalloc                             0x08004f95   Thumb Code   216  heap_4.o(i.pvPortMalloc)
    pxPortInitialiseStack                    0x08005071   Thumb Code    40  port.o(i.pxPortInitialiseStack)
    setCurrentpage                           0x0800509d   Thumb Code    20  page.o(i.setCurrentpage)
    setPagedata                              0x080050b9   Thumb Code    26  page.o(i.setPagedata)
    showArrows                               0x080050d9   Thumb Code    38  page.o(i.showArrows)
    showBackArrow                            0x08005105   Thumb Code    20  page.o(i.showBackArrow)
    showPage                                 0x0800511d   Thumb Code    56  page.o(i.showPage)
    showString                               0x08005159   Thumb Code   138  page.o(i.showString)
    showbar                                  0x080051e9   Thumb Code   132  page.o(i.showbar)
    showbarFrame                             0x08005271   Thumb Code    54  page.o(i.showbarFrame)
    showbardata                              0x080052a9   Thumb Code    72  page.o(i.showbardata)
    uxListRemove                             0x080052f5   Thumb Code    38  list.o(i.uxListRemove)
    uxTaskResetEventItemValue                0x0800531d   Thumb Code    20  tasks.o(i.uxTaskResetEventItemValue)
    vApplicationGetIdleTaskMemory            0x08005335   Thumb Code    16  cmsis_os2.o(i.vApplicationGetIdleTaskMemory)
    vApplicationGetTimerTaskMemory           0x08005349   Thumb Code    18  cmsis_os2.o(i.vApplicationGetTimerTaskMemory)
    vListInitialise                          0x08005361   Thumb Code    22  list.o(i.vListInitialise)
    vListInitialiseItem                      0x08005377   Thumb Code     6  list.o(i.vListInitialiseItem)
    vListInsert                              0x0800537d   Thumb Code    48  list.o(i.vListInsert)
    vListInsertEnd                           0x080053ad   Thumb Code    24  list.o(i.vListInsertEnd)
    vPortEnterCritical                       0x080053c5   Thumb Code    54  port.o(i.vPortEnterCritical)
    vPortExitCritical                        0x08005405   Thumb Code    34  port.o(i.vPortExitCritical)
    vPortFree                                0x0800542d   Thumb Code    94  heap_4.o(i.vPortFree)
    vPortSetupTimerInterrupt                 0x08005491   Thumb Code    32  port.o(i.vPortSetupTimerInterrupt)
    vPortValidateInterruptPriority           0x080054b5   Thumb Code    74  port.o(i.vPortValidateInterruptPriority)
    vQueueAddToRegistry                      0x08005509   Thumb Code    34  queue.o(i.vQueueAddToRegistry)
    vQueueWaitForMessageRestricted           0x08005531   Thumb Code    68  queue.o(i.vQueueWaitForMessageRestricted)
    vTaskDelay                               0x08005575   Thumb Code    66  tasks.o(i.vTaskDelay)
    vTaskInternalSetTimeOutState             0x080055c1   Thumb Code    12  tasks.o(i.vTaskInternalSetTimeOutState)
    vTaskMissedYield                         0x080055d1   Thumb Code     8  tasks.o(i.vTaskMissedYield)
    vTaskPlaceOnEventList                    0x080055dd   Thumb Code    44  tasks.o(i.vTaskPlaceOnEventList)
    vTaskPlaceOnEventListRestricted          0x0800560d   Thumb Code    52  tasks.o(i.vTaskPlaceOnEventListRestricted)
    vTaskPlaceOnUnorderedEventList           0x08005645   Thumb Code    76  tasks.o(i.vTaskPlaceOnUnorderedEventList)
    vTaskRemoveFromUnorderedEventList        0x08005695   Thumb Code   102  tasks.o(i.vTaskRemoveFromUnorderedEventList)
    vTaskStartScheduler                      0x08005705   Thumb Code   118  tasks.o(i.vTaskStartScheduler)
    vTaskSuspend                             0x0800578d   Thumb Code   144  tasks.o(i.vTaskSuspend)
    vTaskSuspendAll                          0x08005829   Thumb Code    10  tasks.o(i.vTaskSuspendAll)
    vTaskSwitchContext                       0x08005839   Thumb Code    90  tasks.o(i.vTaskSwitchContext)
    xEventGroupClearBits                     0x0800589d   Thumb Code    64  event_groups.o(i.xEventGroupClearBits)
    xEventGroupCreate                        0x080058dd   Thumb Code    28  event_groups.o(i.xEventGroupCreate)
    xEventGroupSetBits                       0x080058f9   Thumb Code   140  event_groups.o(i.xEventGroupSetBits)
    xEventGroupWaitBits                      0x08005985   Thumb Code   260  event_groups.o(i.xEventGroupWaitBits)
    xPortStartScheduler                      0x08005a8d   Thumb Code   222  port.o(i.xPortStartScheduler)
    xPortSysTickHandler                      0x08005b81   Thumb Code    38  port.o(i.xPortSysTickHandler)
    xQueueGenericCreate                      0x08005bad   Thumb Code    66  queue.o(i.xQueueGenericCreate)
    xQueueGenericCreateStatic                0x08005bef   Thumb Code   102  queue.o(i.xQueueGenericCreateStatic)
    xQueueGenericReset                       0x08005c55   Thumb Code   132  queue.o(i.xQueueGenericReset)
    xQueueGenericSend                        0x08005cdd   Thumb Code   346  queue.o(i.xQueueGenericSend)
    xQueueGenericSendFromISR                 0x08005e3d   Thumb Code   190  queue.o(i.xQueueGenericSendFromISR)
    xQueueReceive                            0x08005efd   Thumb Code   308  queue.o(i.xQueueReceive)
    xTaskCheckForTimeOut                     0x08006035   Thumb Code   112  tasks.o(i.xTaskCheckForTimeOut)
    xTaskCreate                              0x080060a9   Thumb Code    90  tasks.o(i.xTaskCreate)
    xTaskCreateStatic                        0x08006103   Thumb Code    86  tasks.o(i.xTaskCreateStatic)
    xTaskGetSchedulerState                   0x08006159   Thumb Code    22  tasks.o(i.xTaskGetSchedulerState)
    xTaskGetTickCount                        0x08006175   Thumb Code     6  tasks.o(i.xTaskGetTickCount)
    xTaskIncrementTick                       0x08006181   Thumb Code   192  tasks.o(i.xTaskIncrementTick)
    xTaskPriorityDisinherit                  0x08006249   Thumb Code   118  tasks.o(i.xTaskPriorityDisinherit)
    xTaskRemoveFromEventList                 0x080062c9   Thumb Code    98  tasks.o(i.xTaskRemoveFromEventList)
    xTaskResumeAll                           0x08006339   Thumb Code   182  tasks.o(i.xTaskResumeAll)
    xTimerCreateTimerTask                    0x080063fd   Thumb Code    78  timers.o(i.xTimerCreateTimerTask)
    xTimerGenericCommand                     0x0800645d   Thumb Code    98  timers.o(i.xTimerGenericCommand)
    defaultTask_attributes                   0x080064c4   Data          36  freertos.o(.constdata)
    AHBPrescTable                            0x080064f0   Data          16  system_stm32f4xx.o(.constdata)
    APBPrescTable                            0x08006500   Data           8  system_stm32f4xx.o(.constdata)
    BMP_Init_64x64                           0x08006508   Data         288  driver_oled.o(.constdata)
    F6x8                                     0x08006628   Data         552  driver_oled.o(.constdata)
    F8X16                                    0x08006850   Data        1520  driver_oled.o(.constdata)
    BMP_LIGHT_48x48                          0x08006e40   Data         288  page.o(.constdata)
    BMP_OFF_48x48                            0x08006f60   Data         288  page.o(.constdata)
    BMP_ON_48x48                             0x08007080   Data         288  page.o(.constdata)
    BMP_Sunny_48x48                          0x080071a0   Data         288  page.o(.constdata)
    BMP_BRIGHT1_48x48                        0x080072c0   Data         288  page.o(.constdata)
    BMP_BRIGHT2_48x48                        0x080073e0   Data         288  page.o(.constdata)
    BMP_BRIGHT3_48x48                        0x08007500   Data         288  page.o(.constdata)
    BMP_MOTOR_48x48                          0x08007620   Data         288  page.o(.constdata)
    BMP_WINDOW_48x48                         0x08007740   Data         288  page.o(.constdata)
    BMP_SWITCH_48x48                         0x08007860   Data         288  page.o(.constdata)
    BMP_Right_16x16                          0x08007980   Data          32  page.o(.constdata)
    BMP_Left_16x16                           0x080079a0   Data          32  page.o(.constdata)
    PageMapTable                             0x080079c0   Data          20  page.o(.constdata)
    UIpages                                  0x080079d4   Data          80  page.o(.constdata)
    Region$$Table$$Base                      0x08007a90   Number         0  anon$$obj.o(Region$$Table)
    Region$$Table$$Limit                     0x08007ab0   Number         0  anon$$obj.o(Region$$Table)
    MotorPidTaskHandle                       0x20000000   Data           4  freertos.o(.data)
    TargetAngleQueueHandle                   0x20000004   Data           4  freertos.o(.data)
    UIResponseEvent                          0x20000008   Data           4  freertos.o(.data)
    ActionEvent                              0x2000000c   Data           4  freertos.o(.data)
    defaultTaskHandle                        0x20000010   Data           4  freertos.o(.data)
    uwTickFreq                               0x20000014   Data           1  stm32f4xx_hal.o(.data)
    uwTickPrio                               0x20000018   Data           4  stm32f4xx_hal.o(.data)
    uwTick                                   0x2000001c   Data           4  stm32f4xx_hal.o(.data)
    SystemCoreClock                          0x20000020   Data           4  system_stm32f4xx.o(.data)
    g_currentMotorInf                        0x20000028   Data           8  driver_motorcomm.o(.data)
    g_currentId                              0x20000033   Data           1  page.o(.data)
    g_currentPage                            0x2000003c   Data           8  page.o(.data)
    bottomStr                                0x20000044   Data         120  page.o(.data)
    pxCurrentTCB                             0x200000c0   Data           4  tasks.o(.data)
    __stdout                                 0x20000140   Data           4  stdout.o(.data)
    hadc1                                    0x20000144   Data          72  adc.o(.bss)
    hdma_adc1                                0x2000018c   Data          96  adc.o(.bss)
    hcan1                                    0x200001ec   Data          40  can.o(.bss)
    hi2c1                                    0x20000214   Data          84  i2c.o(.bss)
    huart1                                   0x20000268   Data          72  usart.o(.bss)
    htim4                                    0x200002b0   Data          72  stm32f4xx_hal_timebase_tim.o(.bss)
    vel_pid                                  0x20000488   Data          36  pid.o(.bss)
    angle_pid                                0x200004ac   Data          36  pid.o(.bss)
    xQueueRegistry                           0x200004d0   Data          64  queue.o(.bss)
    __initial_sp                             0x200051a8   Data           0  startup_stm32f407xx.o(STACK)



==============================================================================

Memory Map of the image

  Image Entry point : 0x08000189

  Load Region LR_IROM1 (Base: 0x08000000, Size: 0x00007bf4, Max: 0x00080000, ABSOLUTE, COMPRESSED[0x00007af0])

    Execution Region ER_IROM1 (Base: 0x08000000, Size: 0x00007ab0, Max: 0x00080000, ABSOLUTE)

    Base Addr    Size         Type   Attr      Idx    E Section Name        Object

    0x08000000   0x00000188   Data   RO            3    RESET               startup_stm32f407xx.o
    0x08000188   0x00000000   Code   RO         7224  * .ARM.Collect$$$$00000000  mc_w.l(entry.o)
    0x08000188   0x00000004   Code   RO         7569    .ARM.Collect$$$$00000001  mc_w.l(entry2.o)
    0x0800018c   0x00000004   Code   RO         7572    .ARM.Collect$$$$00000004  mc_w.l(entry5.o)
    0x08000190   0x00000000   Code   RO         7574    .ARM.Collect$$$$00000008  mc_w.l(entry7b.o)
    0x08000190   0x00000000   Code   RO         7576    .ARM.Collect$$$$0000000A  mc_w.l(entry8b.o)
    0x08000190   0x00000008   Code   RO         7577    .ARM.Collect$$$$0000000B  mc_w.l(entry9a.o)
    0x08000198   0x00000000   Code   RO         7579    .ARM.Collect$$$$0000000D  mc_w.l(entry10a.o)
    0x08000198   0x00000000   Code   RO         7581    .ARM.Collect$$$$0000000F  mc_w.l(entry11a.o)
    0x08000198   0x00000004   Code   RO         7570    .ARM.Collect$$$$00002712  mc_w.l(entry2.o)
    0x0800019c   0x000000be   Code   RO         7121    .emb_text           port.o
    0x0800025a   0x00000002   PAD
    0x0800025c   0x00000024   Code   RO            4    .text               startup_stm32f407xx.o
    0x08000280   0x00000062   Code   RO         7227    .text               mc_w.l(uldiv.o)
    0x080002e2   0x00000024   Code   RO         7231    .text               mc_w.l(memcpya.o)
    0x08000306   0x00000024   Code   RO         7235    .text               mc_w.l(memseta.o)
    0x0800032a   0x0000000e   Code   RO         7237    .text               mc_w.l(strlen.o)
    0x08000338   0x0000014e   Code   RO         7504    .text               mf_w.l(dadd.o)
    0x08000486   0x000000e4   Code   RO         7506    .text               mf_w.l(dmul.o)
    0x0800056a   0x000000de   Code   RO         7508    .text               mf_w.l(ddiv.o)
    0x08000648   0x0000003e   Code   RO         7512    .text               mf_w.l(dfixi.o)
    0x08000686   0x00000026   Code   RO         7514    .text               mf_w.l(f2d.o)
    0x080006ac   0x0000002c   Code   RO         7584    .text               mc_w.l(uidiv.o)
    0x080006d8   0x0000001e   Code   RO         7586    .text               mc_w.l(llshl.o)
    0x080006f6   0x00000020   Code   RO         7588    .text               mc_w.l(llushr.o)
    0x08000716   0x00000024   Code   RO         7590    .text               mc_w.l(llsshr.o)
    0x0800073a   0x00000000   Code   RO         7599    .text               mc_w.l(iusefp.o)
    0x0800073a   0x000000ba   Code   RO         7602    .text               mf_w.l(depilogue.o)
    0x080007f4   0x00000030   Code   RO         7606    .text               mf_w.l(dfixul.o)
    0x08000824   0x00000030   Code   RO         7608    .text               mf_w.l(cdrcmple.o)
    0x08000854   0x00000024   Code   RO         7610    .text               mc_w.l(init.o)
    0x08000878   0x00000056   Code   RO         7624    .text               mc_w.l(__dczerorl2.o)
    0x080008ce   0x0000006e   Code   RO          696    i.ADC_DMAConvCplt   stm32f4xx_hal_adc.o
    0x0800093c   0x00000016   Code   RO          697    i.ADC_DMAError      stm32f4xx_hal_adc.o
    0x08000952   0x0000000a   Code   RO          698    i.ADC_DMAHalfConvCplt  stm32f4xx_hal_adc.o
    0x0800095c   0x00000128   Code   RO          699    i.ADC_Init          stm32f4xx_hal_adc.o
    0x08000a84   0x00000002   Code   RO          551    i.BusFault_Handler  stm32f4xx_it.o
    0x08000a86   0x00000002   PAD
    0x08000a88   0x0000000c   Code   RO          552    i.CAN1_RX0_IRQHandler  stm32f4xx_it.o
    0x08000a94   0x0000000c   Code   RO          553    i.DMA2_Stream0_IRQHandler  stm32f4xx_it.o
    0x08000aa0   0x00000028   Code   RO         1433    i.DMA_CalcBaseAndBitshift  stm32f4xx_hal_dma.o
    0x08000ac8   0x00000054   Code   RO         1434    i.DMA_CheckFifoParam  stm32f4xx_hal_dma.o
    0x08000b1c   0x00000028   Code   RO         1435    i.DMA_SetConfig     stm32f4xx_hal_dma.o
    0x08000b44   0x00000002   Code   RO          554    i.DebugMon_Handler  stm32f4xx_it.o
    0x08000b46   0x00000006   Code   RO          555    i.EXTI3_IRQHandler  stm32f4xx_it.o
    0x08000b4c   0x00000004   Code   RO           13    i.Error_Handler     main.o
    0x08000b50   0x0000014c   Code   RO          701    i.HAL_ADC_ConfigChannel  stm32f4xx_hal_adc.o
    0x08000c9c   0x00000002   Code   RO          702    i.HAL_ADC_ConvCpltCallback  stm32f4xx_hal_adc.o
    0x08000c9e   0x00000002   Code   RO          703    i.HAL_ADC_ConvHalfCpltCallback  stm32f4xx_hal_adc.o
    0x08000ca0   0x00000002   Code   RO          705    i.HAL_ADC_ErrorCallback  stm32f4xx_hal_adc.o
    0x08000ca2   0x00000054   Code   RO          710    i.HAL_ADC_Init      stm32f4xx_hal_adc.o
    0x08000cf6   0x00000002   PAD
    0x08000cf8   0x00000098   Code   RO          342    i.HAL_ADC_MspInit   adc.o
    0x08000d90   0x00000154   Code   RO          717    i.HAL_ADC_Start_DMA  stm32f4xx_hal_adc.o
    0x08000ee4   0x00000024   Code   RO         2113    i.HAL_CAN_ActivateNotification  stm32f4xx_hal_can.o
    0x08000f08   0x000000bc   Code   RO         2114    i.HAL_CAN_AddTxMessage  stm32f4xx_hal_can.o
    0x08000fc4   0x0000010c   Code   RO         2115    i.HAL_CAN_ConfigFilter  stm32f4xx_hal_can.o
    0x080010d0   0x00000002   Code   RO         2118    i.HAL_CAN_ErrorCallback  stm32f4xx_hal_can.o
    0x080010d2   0x000000f4   Code   RO         2121    i.HAL_CAN_GetRxMessage  stm32f4xx_hal_can.o
    0x080011c6   0x000001fc   Code   RO         2125    i.HAL_CAN_IRQHandler  stm32f4xx_hal_can.o
    0x080013c2   0x0000011a   Code   RO         2126    i.HAL_CAN_Init      stm32f4xx_hal_can.o
    0x080014dc   0x0000007c   Code   RO          384    i.HAL_CAN_MspInit   can.o
    0x08001558   0x00000002   Code   RO         2133    i.HAL_CAN_RxFifo0FullCallback  stm32f4xx_hal_can.o
    0x0800155a   0x00000002   PAD
    0x0800155c   0x0000004c   Code   RO         4344    i.HAL_CAN_RxFifo0MsgPendingCallback  driver_motorcomm.o
    0x080015a8   0x00000002   Code   RO         2135    i.HAL_CAN_RxFifo1FullCallback  stm32f4xx_hal_can.o
    0x080015aa   0x00000002   Code   RO         2136    i.HAL_CAN_RxFifo1MsgPendingCallback  stm32f4xx_hal_can.o
    0x080015ac   0x00000002   Code   RO         2137    i.HAL_CAN_SleepCallback  stm32f4xx_hal_can.o
    0x080015ae   0x00000002   PAD
    0x080015b0   0x00000058   Code   RO         2138    i.HAL_CAN_Start     stm32f4xx_hal_can.o
    0x08001608   0x00000002   Code   RO         2140    i.HAL_CAN_TxMailbox0AbortCallback  stm32f4xx_hal_can.o
    0x0800160a   0x00000002   Code   RO         2141    i.HAL_CAN_TxMailbox0CompleteCallback  stm32f4xx_hal_can.o
    0x0800160c   0x00000002   Code   RO         2142    i.HAL_CAN_TxMailbox1AbortCallback  stm32f4xx_hal_can.o
    0x0800160e   0x00000002   Code   RO         2143    i.HAL_CAN_TxMailbox1CompleteCallback  stm32f4xx_hal_can.o
    0x08001610   0x00000002   Code   RO         2144    i.HAL_CAN_TxMailbox2AbortCallback  stm32f4xx_hal_can.o
    0x08001612   0x00000002   Code   RO         2145    i.HAL_CAN_TxMailbox2CompleteCallback  stm32f4xx_hal_can.o
    0x08001614   0x00000002   Code   RO         2147    i.HAL_CAN_WakeUpFromRxMsgCallback  stm32f4xx_hal_can.o
    0x08001616   0x00000002   PAD
    0x08001618   0x000001a0   Code   RO         1441    i.HAL_DMA_IRQHandler  stm32f4xx_hal_dma.o
    0x080017b8   0x000000d4   Code   RO         1442    i.HAL_DMA_Init      stm32f4xx_hal_dma.o
    0x0800188c   0x0000006e   Code   RO         1446    i.HAL_DMA_Start_IT  stm32f4xx_hal_dma.o
    0x080018fa   0x00000002   PAD
    0x080018fc   0x00000024   Code   RO         1861    i.HAL_Delay         stm32f4xx_hal.o
    0x08001920   0x0000000a   Code   RO         5090    i.HAL_GPIO_EXTI_Callback  driver_irq.o
    0x0800192a   0x00000002   PAD
    0x0800192c   0x00000018   Code   RO         1328    i.HAL_GPIO_EXTI_IRQHandler  stm32f4xx_hal_gpio.o
    0x08001944   0x000001f0   Code   RO         1329    i.HAL_GPIO_Init     stm32f4xx_hal_gpio.o
    0x08001b34   0x0000000a   Code   RO         1331    i.HAL_GPIO_ReadPin  stm32f4xx_hal_gpio.o
    0x08001b3e   0x0000000a   Code   RO         1333    i.HAL_GPIO_WritePin  stm32f4xx_hal_gpio.o
    0x08001b48   0x0000000c   Code   RO         1867    i.HAL_GetTick       stm32f4xx_hal.o
    0x08001b54   0x00000188   Code   RO         2357    i.HAL_I2C_Init      stm32f4xx_hal_i2c.o
    0x08001cdc   0x00000130   Code   RO         2378    i.HAL_I2C_Mem_Write  stm32f4xx_hal_i2c.o
    0x08001e0c   0x00000068   Code   RO          456    i.HAL_I2C_MspInit   i2c.o
    0x08001e74   0x00000010   Code   RO         1873    i.HAL_IncTick       stm32f4xx_hal.o
    0x08001e84   0x00000034   Code   RO         1874    i.HAL_Init          stm32f4xx_hal.o
    0x08001eb8   0x00000098   Code   RO          657    i.HAL_InitTick      stm32f4xx_hal_timebase_tim.o
    0x08001f50   0x00000038   Code   RO          633    i.HAL_MspInit       stm32f4xx_hal_msp.o
    0x08001f88   0x0000001a   Code   RO         1719    i.HAL_NVIC_EnableIRQ  stm32f4xx_hal_cortex.o
    0x08001fa2   0x00000002   PAD
    0x08001fa4   0x00000040   Code   RO         1725    i.HAL_NVIC_SetPriority  stm32f4xx_hal_cortex.o
    0x08001fe4   0x00000024   Code   RO         1726    i.HAL_NVIC_SetPriorityGrouping  stm32f4xx_hal_cortex.o
    0x08002008   0x00000134   Code   RO          975    i.HAL_RCC_ClockConfig  stm32f4xx_hal_rcc.o
    0x0800213c   0x00000040   Code   RO          979    i.HAL_RCC_GetClockConfig  stm32f4xx_hal_rcc.o
    0x0800217c   0x00000020   Code   RO          982    i.HAL_RCC_GetPCLK1Freq  stm32f4xx_hal_rcc.o
    0x0800219c   0x00000020   Code   RO          983    i.HAL_RCC_GetPCLK2Freq  stm32f4xx_hal_rcc.o
    0x080021bc   0x00000060   Code   RO          984    i.HAL_RCC_GetSysClockFreq  stm32f4xx_hal_rcc.o
    0x0800221c   0x0000036c   Code   RO          987    i.HAL_RCC_OscConfig  stm32f4xx_hal_rcc.o
    0x08002588   0x00000002   Code   RO         3507    i.HAL_TIMEx_BreakCallback  stm32f4xx_hal_tim_ex.o
    0x0800258a   0x00000002   Code   RO         3508    i.HAL_TIMEx_CommutCallback  stm32f4xx_hal_tim_ex.o
    0x0800258c   0x0000005a   Code   RO         2803    i.HAL_TIM_Base_Init  stm32f4xx_hal_tim.o
    0x080025e6   0x00000002   Code   RO         2805    i.HAL_TIM_Base_MspInit  stm32f4xx_hal_tim.o
    0x080025e8   0x00000080   Code   RO         2808    i.HAL_TIM_Base_Start_IT  stm32f4xx_hal_tim.o
    0x08002668   0x00000002   Code   RO         2837    i.HAL_TIM_IC_CaptureCallback  stm32f4xx_hal_tim.o
    0x0800266a   0x00000130   Code   RO         2851    i.HAL_TIM_IRQHandler  stm32f4xx_hal_tim.o
    0x0800279a   0x00000002   Code   RO         2854    i.HAL_TIM_OC_DelayElapsedCallback  stm32f4xx_hal_tim.o
    0x0800279c   0x00000002   Code   RO         2881    i.HAL_TIM_PWM_PulseFinishedCallback  stm32f4xx_hal_tim.o
    0x0800279e   0x00000002   PAD
    0x080027a0   0x00000014   Code   RO           14    i.HAL_TIM_PeriodElapsedCallback  main.o
    0x080027b4   0x00000002   Code   RO         2894    i.HAL_TIM_TriggerCallback  stm32f4xx_hal_tim.o
    0x080027b6   0x00000064   Code   RO         3804    i.HAL_UART_Init     stm32f4xx_hal_uart.o
    0x0800281a   0x00000002   PAD
    0x0800281c   0x0000006c   Code   RO          498    i.HAL_UART_MspInit  usart.o
    0x08002888   0x000000a0   Code   RO         3812    i.HAL_UART_Transmit  stm32f4xx_hal_uart.o
    0x08002928   0x00000002   Code   RO          556    i.HardFault_Handler  stm32f4xx_it.o
    0x0800292a   0x0000002e   Code   RO         2400    i.I2C_IsAcknowledgeFailed  stm32f4xx_hal_i2c.o
    0x08002958   0x000000a8   Code   RO         2411    i.I2C_RequestMemoryWrite  stm32f4xx_hal_i2c.o
    0x08002a00   0x00000056   Code   RO         2415    i.I2C_WaitOnBTFFlagUntilTimeout  stm32f4xx_hal_i2c.o
    0x08002a56   0x00000002   PAD
    0x08002a58   0x00000090   Code   RO         2416    i.I2C_WaitOnFlagUntilTimeout  stm32f4xx_hal_i2c.o
    0x08002ae8   0x000000bc   Code   RO         2417    i.I2C_WaitOnMasterAddressFlagUntilTimeout  stm32f4xx_hal_i2c.o
    0x08002ba4   0x00000056   Code   RO         2419    i.I2C_WaitOnTXEFlagUntilTimeout  stm32f4xx_hal_i2c.o
    0x08002bfa   0x00000002   PAD
    0x08002bfc   0x00000064   Code   RO         5142    i.Int2String        page.o
    0x08002c60   0x00000014   Code   RO         4296    i.JoyStickInit      driver_joystick.o
    0x08002c74   0x00000038   Code   RO         4297    i.JoyStickValueCal  driver_joystick.o
    0x08002cac   0x00000024   Code   RO         4298    i.JoystickButton_IRQ_Callback  driver_joystick.o
    0x08002cd0   0x00000048   Code   RO         5117    i.Joystick_Task     joystick.o
    0x08002d18   0x00000078   Code   RO          343    i.MX_ADC1_Init      adc.o
    0x08002d90   0x00000044   Code   RO          385    i.MX_CAN1_Init      can.o
    0x08002dd4   0x0000002c   Code   RO          431    i.MX_DMA_Init       dma.o
    0x08002e00   0x00000114   Code   RO          249    i.MX_FREERTOS_Init  freertos.o
    0x08002f14   0x000000ac   Code   RO          225    i.MX_GPIO_Init      gpio.o
    0x08002fc0   0x00000040   Code   RO          457    i.MX_I2C1_Init      i2c.o
    0x08003000   0x00000038   Code   RO          499    i.MX_USART1_UART_Init  usart.o
    0x08003038   0x00000002   Code   RO          557    i.MemManage_Handler  stm32f4xx_it.o
    0x0800303a   0x00000004   Code   RO         4345    i.MotorCommInit     driver_motorcomm.o
    0x0800303e   0x00000002   PAD
    0x08003040   0x0000005c   Code   RO         5401    i.MotorPIDInit      pid.o
    0x0800309c   0x00000038   Code   RO         5367    i.MotorPid_Task     motor.o
    0x080030d4   0x00000030   Code   RO         5368    i.Motor_Task        motor.o
    0x08003104   0x00000038   Code   RO          386    i.MyCAN_Init        can.o
    0x0800313c   0x00000002   Code   RO          558    i.NMI_Handler       stm32f4xx_it.o
    0x0800313e   0x00000006   Code   RO         4175    i.OLED_CLS          driver_oled.o
    0x08003144   0x0000003e   Code   RO         4176    i.OLED_DrawBMP      driver_oled.o
    0x08003182   0x00000002   PAD
    0x08003184   0x00000038   Code   RO         4177    i.OLED_Fill         driver_oled.o
    0x080031bc   0x000000b4   Code   RO         4178    i.OLED_Init         driver_oled.o
    0x08003270   0x00000026   Code   RO         4181    i.OLED_SetPos       driver_oled.o
    0x08003296   0x00000002   PAD
    0x08003298   0x000000d8   Code   RO         4186    i.OLED_ShowStr      driver_oled.o
    0x08003370   0x00000086   Code   RO         5402    i.PID_Calc          pid.o
    0x080033f6   0x0000000e   Code   RO         5403    i.PID_Init          pid.o
    0x08003404   0x00000050   Code   RO         5143    i.PageDown          page.o
    0x08003454   0x00000050   Code   RO         5144    i.PageIn            page.o
    0x080034a4   0x0000004c   Code   RO         5145    i.PageOut           page.o
    0x080034f0   0x00000050   Code   RO         5146    i.PageUp            page.o
    0x08003540   0x00000020   Code   RO         5147    i.PagesInfInit      page.o
    0x08003560   0x0000005c   Code   RO         4347    i.SendMessage2Motor  driver_motorcomm.o
    0x080035bc   0x0000003a   Code   RO         5148    i.SlideLeft         page.o
    0x080035f6   0x0000003c   Code   RO         5149    i.SlideRight        page.o
    0x08003632   0x00000002   Code   RO          250    i.StartDefaultTask  freertos.o
    0x08003634   0x0000001a   Code   RO         6556    i.SysTick_Handler   cmsis_os2.o
    0x0800364e   0x00000002   PAD
    0x08003650   0x00000094   Code   RO           15    i.SystemClock_Config  main.o
    0x080036e4   0x00000010   Code   RO         4138    i.SystemInit        system_stm32f4xx.o
    0x080036f4   0x0000000c   Code   RO          559    i.TIM4_IRQHandler   stm32f4xx_it.o
    0x08003700   0x000000d8   Code   RO         2896    i.TIM_Base_SetConfig  stm32f4xx_hal_tim.o
    0x080037d8   0x0000004e   Code   RO         3827    i.UART_EndRxTransfer  stm32f4xx_hal_uart.o
    0x08003826   0x00000002   PAD
    0x08003828   0x0000010c   Code   RO         3830    i.UART_SetConfig    stm32f4xx_hal_uart.o
    0x08003934   0x00000072   Code   RO         3833    i.UART_WaitOnFlagUntilTimeout  stm32f4xx_hal_uart.o
    0x080039a6   0x00000002   PAD
    0x080039a8   0x000001c0   Code   RO         5327    i.UIAction_Task     ui.o
    0x08003b68   0x0000001c   Code   RO         5328    i.UI_Init           ui.o
    0x08003b84   0x000000ac   Code   RO         5329    i.UI_Task           ui.o
    0x08003c30   0x00000002   Code   RO          560    i.UsageFault_Handler  stm32f4xx_it.o
    0x08003c32   0x00000002   PAD
    0x08003c34   0x00000024   Code   RO         4187    i.WriteCmd          driver_oled.o
    0x08003c58   0x00000024   Code   RO         4188    i.WriteDat          driver_oled.o
    0x08003c7c   0x00000020   Code   RO         7476    i.__0printf         mc_w.l(printfa.o)
    0x08003c9c   0x00000020   Code   RO         1732    i.__NVIC_SetPriority  stm32f4xx_hal_cortex.o
    0x08003cbc   0x0000000e   Code   RO         7618    i.__scatterload_copy  mc_w.l(handlers.o)
    0x08003cca   0x00000002   Code   RO         7619    i.__scatterload_null  mc_w.l(handlers.o)
    0x08003ccc   0x0000000e   Code   RO         7620    i.__scatterload_zeroinit  mc_w.l(handlers.o)
    0x08003cda   0x00000002   PAD
    0x08003cdc   0x00000164   Code   RO         7483    i._fp_digits        mc_w.l(printfa.o)
    0x08003e40   0x000006dc   Code   RO         7484    i._printf_core      mc_w.l(printfa.o)
    0x0800451c   0x00000024   Code   RO         7485    i._printf_post_padding  mc_w.l(printfa.o)
    0x08004540   0x0000002e   Code   RO         7486    i._printf_pre_padding  mc_w.l(printfa.o)
    0x0800456e   0x00000002   PAD
    0x08004570   0x0000002c   Code   RO         5404    i.cascade_loop      pid.o
    0x0800459c   0x0000004c   Code   RO         5150    i.clearArrows       page.o
    0x080045e8   0x00000026   Code   RO         5151    i.clearBackArrow    page.o
    0x0800460e   0x00000002   PAD
    0x08004610   0x00000030   Code   RO         5153    i.clearMainIcon     page.o
    0x08004640   0x00000030   Code   RO         5154    i.clearPage         page.o
    0x08004670   0x00000034   Code   RO         5155    i.clearString       page.o
    0x080046a4   0x00000018   Code   RO          501    i.fputc             usart.o
    0x080046bc   0x00000010   Code   RO         5156    i.getCurrentpage    page.o
    0x080046cc   0x0000000c   Code   RO         5157    i.getCurrentpageId  page.o
    0x080046d8   0x0000002e   Code   RO           16    i.main              main.o
    0x08004706   0x00000002   PAD
    0x08004708   0x00000024   Code   RO         6572    i.osKernelInitialize  cmsis_os2.o
    0x0800472c   0x00000038   Code   RO         6575    i.osKernelStart     cmsis_os2.o
    0x08004764   0x00000088   Code   RO         6617    i.osThreadNew       cmsis_os2.o
    0x080047ec   0x0000005c   Code   RO         6020    i.prvAddCurrentTaskToDelayedList  tasks.o
    0x08004848   0x000000d0   Code   RO         6021    i.prvAddNewTaskToReadyList  tasks.o
    0x08004918   0x00000058   Code   RO         6385    i.prvCheckForValidListAndQueue  timers.o
    0x08004970   0x00000026   Code   RO         5617    i.prvCopyDataFromQueue  queue.o
    0x08004996   0x0000006c   Code   RO         5618    i.prvCopyDataToQueue  queue.o
    0x08004a02   0x00000034   Code   RO         6022    i.prvDeleteTCB      tasks.o
    0x08004a36   0x00000002   PAD
    0x08004a38   0x0000004c   Code   RO         7066    i.prvHeapInit       heap_4.o
    0x08004a84   0x00000060   Code   RO         6023    i.prvIdleTask       tasks.o
    0x08004ae4   0x00000022   Code   RO         5620    i.prvInitialiseNewQueue  queue.o
    0x08004b06   0x00000002   PAD
    0x08004b08   0x000000b0   Code   RO         6024    i.prvInitialiseNewTask  tasks.o
    0x08004bb8   0x0000004c   Code   RO         7067    i.prvInsertBlockIntoFreeList  heap_4.o
    0x08004c04   0x00000038   Code   RO         6387    i.prvInsertTimerInActiveList  timers.o
    0x08004c3c   0x0000001c   Code   RO         5621    i.prvIsQueueEmpty   queue.o
    0x08004c58   0x000000fc   Code   RO         6388    i.prvProcessReceivedCommands  timers.o
    0x08004d54   0x000000c0   Code   RO         6389    i.prvProcessTimerOrBlockTask  timers.o
    0x08004e14   0x00000020   Code   RO         6026    i.prvResetNextTaskUnblockTime  tasks.o
    0x08004e34   0x00000028   Code   RO         6390    i.prvSampleTimeNow  timers.o
    0x08004e5c   0x0000006c   Code   RO         6391    i.prvSwitchTimerLists  timers.o
    0x08004ec8   0x00000028   Code   RO         7122    i.prvTaskExitError  port.o
    0x08004ef0   0x00000014   Code   RO         5458    i.prvTestWaitCondition  event_groups.o
    0x08004f04   0x00000024   Code   RO         6392    i.prvTimerTask      timers.o
    0x08004f28   0x0000006a   Code   RO         5622    i.prvUnlockQueue    queue.o
    0x08004f92   0x00000002   PAD
    0x08004f94   0x000000dc   Code   RO         7068    i.pvPortMalloc      heap_4.o
    0x08005070   0x0000002c   Code   RO         7123    i.pxPortInitialiseStack  port.o
    0x0800509c   0x0000001c   Code   RO         5158    i.setCurrentpage    page.o
    0x080050b8   0x00000020   Code   RO         5159    i.setPagedata       page.o
    0x080050d8   0x0000002c   Code   RO         5160    i.showArrows        page.o
    0x08005104   0x00000018   Code   RO         5161    i.showBackArrow     page.o
    0x0800511c   0x0000003c   Code   RO         5162    i.showPage          page.o
    0x08005158   0x00000090   Code   RO         5163    i.showString        page.o
    0x080051e8   0x00000088   Code   RO         5164    i.showbar           page.o
    0x08005270   0x00000036   Code   RO         5165    i.showbarFrame      page.o
    0x080052a6   0x00000002   PAD
    0x080052a8   0x0000004c   Code   RO         5166    i.showbardata       page.o
    0x080052f4   0x00000026   Code   RO         5577    i.uxListRemove      list.o
    0x0800531a   0x00000002   PAD
    0x0800531c   0x00000018   Code   RO         6038    i.uxTaskResetEventItemValue  tasks.o
    0x08005334   0x00000014   Code   RO         6629    i.vApplicationGetIdleTaskMemory  cmsis_os2.o
    0x08005348   0x00000018   Code   RO         6630    i.vApplicationGetTimerTaskMemory  cmsis_os2.o
    0x08005360   0x00000016   Code   RO         5578    i.vListInitialise   list.o
    0x08005376   0x00000006   Code   RO         5579    i.vListInitialiseItem  list.o
    0x0800537c   0x00000030   Code   RO         5580    i.vListInsert       list.o
    0x080053ac   0x00000018   Code   RO         5581    i.vListInsertEnd    list.o
    0x080053c4   0x00000040   Code   RO         7125    i.vPortEnterCritical  port.o
    0x08005404   0x00000028   Code   RO         7126    i.vPortExitCritical  port.o
    0x0800542c   0x00000064   Code   RO         7069    i.vPortFree         heap_4.o
    0x08005490   0x00000024   Code   RO         7127    i.vPortSetupTimerInterrupt  port.o
    0x080054b4   0x00000054   Code   RO         7128    i.vPortValidateInterruptPriority  port.o
    0x08005508   0x00000028   Code   RO         5628    i.vQueueAddToRegistry  queue.o
    0x08005530   0x00000044   Code   RO         5632    i.vQueueWaitForMessageRestricted  queue.o
    0x08005574   0x0000004c   Code   RO         6039    i.vTaskDelay        tasks.o
    0x080055c0   0x00000010   Code   RO         6044    i.vTaskInternalSetTimeOutState  tasks.o
    0x080055d0   0x0000000c   Code   RO         6045    i.vTaskMissedYield  tasks.o
    0x080055dc   0x00000030   Code   RO         6047    i.vTaskPlaceOnEventList  tasks.o
    0x0800560c   0x00000038   Code   RO         6048    i.vTaskPlaceOnEventListRestricted  tasks.o
    0x08005644   0x00000050   Code   RO         6049    i.vTaskPlaceOnUnorderedEventList  tasks.o
    0x08005694   0x00000070   Code   RO         6052    i.vTaskRemoveFromUnorderedEventList  tasks.o
    0x08005704   0x00000088   Code   RO         6056    i.vTaskStartScheduler  tasks.o
    0x0800578c   0x0000009c   Code   RO         6057    i.vTaskSuspend      tasks.o
    0x08005828   0x00000010   Code   RO         6058    i.vTaskSuspendAll   tasks.o
    0x08005838   0x00000064   Code   RO         6059    i.vTaskSwitchContext  tasks.o
    0x0800589c   0x00000040   Code   RO         5464    i.xEventGroupClearBits  event_groups.o
    0x080058dc   0x0000001c   Code   RO         5466    i.xEventGroupCreate  event_groups.o
    0x080058f8   0x0000008c   Code   RO         5469    i.xEventGroupSetBits  event_groups.o
    0x08005984   0x00000108   Code   RO         5472    i.xEventGroupWaitBits  event_groups.o
    0x08005a8c   0x000000f4   Code   RO         7129    i.xPortStartScheduler  port.o
    0x08005b80   0x0000002c   Code   RO         7130    i.xPortSysTickHandler  port.o
    0x08005bac   0x00000042   Code   RO         5637    i.xQueueGenericCreate  queue.o
    0x08005bee   0x00000066   Code   RO         5638    i.xQueueGenericCreateStatic  queue.o
    0x08005c54   0x00000088   Code   RO         5639    i.xQueueGenericReset  queue.o
    0x08005cdc   0x00000160   Code   RO         5640    i.xQueueGenericSend  queue.o
    0x08005e3c   0x000000be   Code   RO         5641    i.xQueueGenericSendFromISR  queue.o
    0x08005efa   0x00000002   PAD
    0x08005efc   0x00000138   Code   RO         5650    i.xQueueReceive     queue.o
    0x08006034   0x00000074   Code   RO         6061    i.xTaskCheckForTimeOut  tasks.o
    0x080060a8   0x0000005a   Code   RO         6062    i.xTaskCreate       tasks.o
    0x08006102   0x00000056   Code   RO         6063    i.xTaskCreateStatic  tasks.o
    0x08006158   0x0000001c   Code   RO         6067    i.xTaskGetSchedulerState  tasks.o
    0x08006174   0x0000000c   Code   RO         6068    i.xTaskGetTickCount  tasks.o
    0x08006180   0x000000c8   Code   RO         6070    i.xTaskIncrementTick  tasks.o
    0x08006248   0x00000080   Code   RO         6073    i.xTaskPriorityDisinherit  tasks.o
    0x080062c8   0x00000070   Code   RO         6075    i.xTaskRemoveFromEventList  tasks.o
    0x08006338   0x000000c4   Code   RO         6076    i.xTaskResumeAll    tasks.o
    0x080063fc   0x00000060   Code   RO         6401    i.xTimerCreateTimerTask  timers.o
    0x0800645c   0x00000068   Code   RO         6402    i.xTimerGenericCommand  timers.o
    0x080064c4   0x00000024   Data   RO          251    .constdata          freertos.o
    0x080064e8   0x00000008   Data   RO         1448    .constdata          stm32f4xx_hal_dma.o
    0x080064f0   0x00000010   Data   RO         4139    .constdata          system_stm32f4xx.o
    0x08006500   0x00000008   Data   RO         4140    .constdata          system_stm32f4xx.o
    0x08006508   0x00000938   Data   RO         4191    .constdata          driver_oled.o
    0x08006e40   0x00000120   Data   RO         5167    .constdata          page.o
    0x08006f60   0x00000120   Data   RO         5168    .constdata          page.o
    0x08007080   0x00000120   Data   RO         5169    .constdata          page.o
    0x080071a0   0x00000120   Data   RO         5170    .constdata          page.o
    0x080072c0   0x00000120   Data   RO         5171    .constdata          page.o
    0x080073e0   0x00000120   Data   RO         5172    .constdata          page.o
    0x08007500   0x00000120   Data   RO         5173    .constdata          page.o
    0x08007620   0x00000120   Data   RO         5174    .constdata          page.o
    0x08007740   0x00000120   Data   RO         5175    .constdata          page.o
    0x08007860   0x00000120   Data   RO         5176    .constdata          page.o
    0x08007980   0x000000a4   Data   RO         5177    .constdata          page.o
    0x08007a24   0x0000000c   Data   RO          252    .conststring        freertos.o
    0x08007a30   0x0000005d   Data   RO         5178    .conststring        page.o
    0x08007a8d   0x00000003   PAD
    0x08007a90   0x00000020   Data   RO         7616    Region$$Table       anon$$obj.o


    Execution Region RW_IRAM1 (Base: 0x20000000, Size: 0x000051a8, Max: 0x0001c000, ABSOLUTE, COMPRESSED[0x00000040])

    Base Addr    Size         Type   Attr      Idx    E Section Name        Object

    0x20000000   0x00000014   Data   RW          253    .data               freertos.o
    0x20000014   0x0000000c   Data   RW         1881    .data               stm32f4xx_hal.o
    0x20000020   0x00000004   Data   RW         4141    .data               system_stm32f4xx.o
    0x20000024   0x00000001   Data   RW         4301    .data               driver_joystick.o
    0x20000025   0x00000003   PAD
    0x20000028   0x00000008   Data   RW         4348    .data               driver_motorcomm.o
    0x20000030   0x0000008c   Data   RW         5179    .data               page.o
    0x200000bc   0x00000004   Data   RW         5330    .data               ui.o
    0x200000c0   0x0000003c   Data   RW         6079    .data               tasks.o
    0x200000fc   0x00000014   Data   RW         6410    .data               timers.o
    0x20000110   0x00000004   Data   RW         6632    .data               cmsis_os2.o
    0x20000114   0x00000020   Data   RW         7075    .data               heap_4.o
    0x20000134   0x0000000c   Data   RW         7131    .data               port.o
    0x20000140   0x00000004   Data   RW         7583    .data               mc_w.l(stdout.o)
    0x20000144   0x000000a8   Zero   RW          344    .bss                adc.o
    0x200001ec   0x00000028   Zero   RW          387    .bss                can.o
    0x20000214   0x00000054   Zero   RW          458    .bss                i2c.o
    0x20000268   0x00000048   Zero   RW          502    .bss                usart.o
    0x200002b0   0x00000048   Zero   RW          660    .bss                stm32f4xx_hal_timebase_tim.o
    0x200002f8   0x00000190   Zero   RW         4300    .bss                driver_joystick.o
    0x20000488   0x00000048   Zero   RW         5406    .bss                pid.o
    0x200004d0   0x00000040   Zero   RW         5654    .bss                queue.o
    0x20000510   0x000004c4   Zero   RW         6078    .bss                tasks.o
    0x200009d4   0x00000118   Zero   RW         6409    .bss                timers.o
    0x20000aec   0x000006b8   Zero   RW         6631    .bss                cmsis_os2.o
    0x200011a4   0x00003c00   Zero   RW         7074    .bss                heap_4.o
    0x20004da4   0x00000004   PAD
    0x20004da8   0x00000400   Zero   RW            1    STACK               startup_stm32f407xx.o


    Execution Region RW_IRAM2 (Base: 0x2001c000, Size: 0x00000000, Max: 0x00004000, ABSOLUTE)

    **** No section assigned to this execution region ****


==============================================================================

Image component sizes


      Code (inc. data)   RO Data    RW Data    ZI Data      Debug   Object Name

       272         34          0          0        168       1887   adc.o
       248         28          0          0         40       2354   can.o
       298         22          0          4       1720      61349   cmsis_os2.o
        44          4          0          0          0        838   dma.o
        10          0          0          0          0        561   driver_irq.o
       112         24          0          1        400       2976   driver_joystick.o
       172         16          0          8          0       3112   driver_motorcomm.o
       630         20       2360          0          0       6301   driver_oled.o
       516          4          0          0          0      26042   event_groups.o
       278        128         48         20          0      10619   freertos.o
       172         12          0          0          0       1019   gpio.o
       472         24          0         32      15360       4811   heap_4.o
       168         26          0          0         84       1769   i2c.o
        72          6          0          0          0        632   joystick.o
       138          0          0          0          0       3538   list.o
       218         16          0          0          0     740752   main.o
       104         22          0          0          0       1557   motor.o
      1454        104       3137        140          0      17275   page.o
       284         30          0          0         72       2992   pid.o
       786         82          0         12          0      11825   port.o
      1580         20          0          0         64      17226   queue.o
        36          8        392          0       1024        868   startup_stm32f407xx.o
       116         18          0         12          0       8906   stm32f4xx_hal.o
      1200         66          0          0          0       7357   stm32f4xx_hal_adc.o
      1638          6          0          0          0      14023   stm32f4xx_hal_can.o
       158         14          0          0          0      32854   stm32f4xx_hal_cortex.o
       902         16          8          0          0       5367   stm32f4xx_hal_dma.o
       540         52          0          0          0       3390   stm32f4xx_hal_gpio.o
      1414         32          0          0          0       8767   stm32f4xx_hal_i2c.o
        56          4          0          0          0        930   stm32f4xx_hal_msp.o
      1408         82          0          0          0       5849   stm32f4xx_hal_rcc.o
       748         74          0          0          0       7628   stm32f4xx_hal_tim.o
         4          0          0          0          0       1725   stm32f4xx_hal_tim_ex.o
       152         20          0          0         72       1523   stm32f4xx_hal_timebase_tim.o
       720         10          0          0          0       4500   stm32f4xx_hal_uart.o
        54         18          0          0          0       4986   stm32f4xx_it.o
         0          0          0          0          0        384   stream_buffer.o
        16          4         24          4          0       1223   system_stm32f4xx.o
      2456        198          0         60       1220      29492   tasks.o
       972         80          0         20        280      29455   timers.o
       648         88          0          4          0       3004   ui.o
       188         26          0          0         72       2394   usart.o

    ----------------------------------------------------------------------
     21510       1438       6004        320      20580    1094060   Object Totals
         0          0         32          0          0          0   (incl. Generated)
        56          0          3          3          4          0   (incl. Padding)

    ----------------------------------------------------------------------

      Code (inc. data)   RO Data    RW Data    ZI Data      Debug   Library Member Name

        86          0          0          0          0          0   __dczerorl2.o
         0          0          0          0          0          0   entry.o
         0          0          0          0          0          0   entry10a.o
         0          0          0          0          0          0   entry11a.o
         8          4          0          0          0          0   entry2.o
         4          0          0          0          0          0   entry5.o
         0          0          0          0          0          0   entry7b.o
         0          0          0          0          0          0   entry8b.o
         8          4          0          0          0          0   entry9a.o
        30          0          0          0          0          0   handlers.o
        36          8          0          0          0         68   init.o
         0          0          0          0          0          0   iusefp.o
        30          0          0          0          0         68   llshl.o
        36          0          0          0          0         68   llsshr.o
        32          0          0          0          0         68   llushr.o
        36          0          0          0          0         68   memcpya.o
        36          0          0          0          0        108   memseta.o
      2226         90          0          0          0        444   printfa.o
         0          0          0          4          0          0   stdout.o
        14          0          0          0          0         68   strlen.o
        44          0          0          0          0         80   uidiv.o
        98          0          0          0          0         92   uldiv.o
        48          0          0          0          0         68   cdrcmple.o
       334          0          0          0          0        148   dadd.o
       222          0          0          0          0        100   ddiv.o
       186          0          0          0          0        176   depilogue.o
        62          0          0          0          0         80   dfixi.o
        48          0          0          0          0         68   dfixul.o
       228          0          0          0          0         96   dmul.o
        38          0          0          0          0         68   f2d.o

    ----------------------------------------------------------------------
      3894        106          0          4          0       1936   Library Totals
         4          0          0          0          0          0   (incl. Padding)

    ----------------------------------------------------------------------

      Code (inc. data)   RO Data    RW Data    ZI Data      Debug   Library Name

      2724        106          0          4          0       1132   mc_w.l
      1166          0          0          0          0        804   mf_w.l

    ----------------------------------------------------------------------
      3894        106          0          4          0       1936   Library Totals

    ----------------------------------------------------------------------

==============================================================================


      Code (inc. data)   RO Data    RW Data    ZI Data      Debug   

     25404       1544       6004        324      20580    1072792   Grand Totals
     25404       1544       6004         64      20580    1072792   ELF Image Totals (compressed)
     25404       1544       6004         64          0          0   ROM Totals

==============================================================================

    Total RO  Size (Code + RO Data)                31408 (  30.67kB)
    Total RW  Size (RW Data + ZI Data)             20904 (  20.41kB)
    Total ROM Size (Code + RO Data + RW Data)      31472 (  30.73kB)

==============================================================================

