<html>
<body>
<pre>
<h1>µVision Build Log</h1>
<h2>Tool Versions:</h2>
IDE-Version: ¦ÌVision V5.14.0.0
Copyright (C) 2015 ARM Ltd and ARM Germany GmbH. All rights reserved.
License Information: NI Ervin, Ni, LIC=14HV2-9XZVI-SBPEJ-UFA04-XHREG-II879
 
Tool Versions:
Toolchain:       MDK-ARM Standard  Version: 5.14.0.0
Toolchain Path:  D:\MDK5\ARM\ARMCC\Bin
C Compiler:      Armcc.exe V5.05 update 1 (build 106)
Assembler:       Armasm.exe V5.05 update 1 (build 106)
Linker/Locator:  ArmLink.exe V5.05 update 1 (build 106)
Library Manager: ArmAr.exe V5.05 update 1 (build 106)
Hex Converter:   FromElf.exe V5.05 update 1 (build 106)
CPU DLL:         SARMCM3.DLL V5.14.0.0
Dialog DLL:      DCM.DLL V1.13.1.0
Target DLL:      STLink\ST-LINKIII-KEIL_SWO.dll V2.0.14.0_KEIL
Dialog DLL:      TCM.DLL V1.14.4.0
 
<h2>Project:</h2>
C:\Users\16081\Desktop\gimbal\gimbal_firmware\Handheld-Gimbal\MDK-ARM\DriverTester_F407.uvprojx
Project File Date:  04/05/2024

<h2>Output:</h2>
Build target 'DriverTester_F407'
assembling startup_stm32f407xx.s...
compiling main.c...
compiling gpio.c...
compiling freertos.c...
compiling adc.c...
compiling can.c...
compiling dma.c...
compiling i2c.c...
compiling usart.c...
compiling stm32f4xx_it.c...
compiling stm32f4xx_hal_msp.c...
compiling stm32f4xx_hal_timebase_tim.c...
compiling stm32f4xx_hal_adc.c...
compiling stm32f4xx_hal_adc_ex.c...
compiling stm32f4xx_ll_adc.c...
compiling stm32f4xx_hal_rcc.c...
compiling stm32f4xx_hal_rcc_ex.c...
compiling stm32f4xx_hal_flash.c...
compiling stm32f4xx_hal_flash_ex.c...
compiling stm32f4xx_hal_flash_ramfunc.c...
compiling stm32f4xx_hal_gpio.c...
compiling stm32f4xx_hal_dma_ex.c...
compiling stm32f4xx_hal_dma.c...
compiling stm32f4xx_hal_pwr.c...
compiling stm32f4xx_hal_pwr_ex.c...
compiling stm32f4xx_hal_cortex.c...
compiling stm32f4xx_hal.c...
compiling stm32f4xx_hal_exti.c...
compiling stm32f4xx_hal_can.c...
compiling stm32f4xx_hal_i2c.c...
compiling stm32f4xx_hal_i2c_ex.c...
compiling stm32f4xx_hal_tim.c...
compiling stm32f4xx_hal_tim_ex.c...
compiling stm32f4xx_hal_uart.c...
compiling system_stm32f4xx.c...
compiling driver_lcd.c...
compiling driver_oled.c...
..\Drivers\USER_Driver\driver_oled.c(159): warning:  #177-D: function "OLED_WriteData" was declared but never referenced
  static int OLED_WriteData(uint8_t data)
..\Drivers\USER_Driver\driver_oled.c(207): warning:  #177-D: function "OLED_H_Scroll" was declared but never referenced
  static void OLED_H_Scroll(H_SCROLL_DIR dir, uint8_t start, uint8_t fr_time, uint8_t end)
..\Drivers\USER_Driver\driver_oled.c(231): warning:  #177-D: function "OLED_HV_Scroll" was declared but never referenced
  static void OLED_HV_Scroll(HV_SCROLL_DIR dir, uint8_t start, uint8_t fr_time, uint8_t end, uint8_t offset)
..\Drivers\USER_Driver\driver_oled.c(251): warning:  #177-D: function "OLED_SetVScrollArea" was declared but never referenced
  static void OLED_SetVScrollArea(uint8_t area, uint8_t row_num)
..\Drivers\USER_Driver\driver_oled.c(301): warning:  #177-D: function "OLED_SetColAddr_HV" was declared but never referenced
  static void OLED_SetColAddr_HV(uint8_t start, uint8_t end)
..\Drivers\USER_Driver\driver_oled.c(318): warning:  #177-D: function "OLED_SetPageAddr_HV" was declared but never referenced
  static void OLED_SetPageAddr_HV(uint8_t start, uint8_t end)
..\Drivers\USER_Driver\driver_oled.c(424): warning:  #177-D: function "OLED_SetPreChargePeriod" was declared but never referenced
  static void OLED_SetPreChargePeriod(uint8_t phase1, uint8_t phase2)
..\Drivers\USER_Driver\driver_oled.c(438): warning:  #177-D: function "OLED_SetVcomhLevel" was declared but never referenced
  static void OLED_SetVcomhLevel(VCOMH_LEVEL level)
..\Drivers\USER_Driver\driver_oled.c: 8 warnings, 0 errors
compiling driver_joystick.c...
..\Drivers\USER_Driver\driver_joystick.c(51): warning:  #223-D: function "printf" declared implicitly
                printf("xValue = %d, yValue = %d\n", value.xValue, value.yValue);
..\Drivers\USER_Driver\driver_joystick.c: 1 warning, 0 errors
compiling driver_motorComm.c...
..\Drivers\USER_Driver\driver_motorComm.c(46): warning:  #223-D: function "memcpy" declared implicitly
                memcpy(&data[(motorID-1)*2], &(int16_t){voltage*1000}, 2);
..\Drivers\USER_Driver\driver_motorComm.c(51): warning:  #223-D: function "memcpy" declared implicitly
                memcpy(&data[(motorID-5)*2], &(int16_t){voltage*1000}, 2);
..\Drivers\USER_Driver\driver_motorComm.c(87): warning:  #223-D: function "printf" declared implicitly
                printf("angle is %f\n", g_motorStatus.angle);
..\Drivers\USER_Driver\driver_motorComm.c: 3 warnings, 0 errors
compiling inv_mpu.c...
compiling inv_mpu_dmp_motion_driver.c...
compiling mpu6050.c...
compiling mpu6050_IIC.c...
compiling driver_led.c...
compiling croutine.c...
compiling event_groups.c...
compiling list.c...
compiling queue.c...
compiling stream_buffer.c...
compiling tasks.c...
compiling timers.c...
compiling cmsis_os2.c...
compiling heap_4.c...
compiling port.c...
linking...
Program Size: Code=29448 RO-data=3728 RW-data=228 ZI-data=20524  
FromELF: creating hex file...
"DriverTester_F407\DriverTester_F407.axf" - 0 Error(s), 12 Warning(s).

<h2>Software Packages used:</h2>

Package Vendor: ARM
                http://www.keil.com/pack/ARM.CMSIS.4.2.0.pack
                ARM::CMSIS:CORE:3.40.0
                CMSIS (Cortex Microcontroller Software Interface Standard)
   * Component: CORE Version: 3.40.0

<h2>Collection of Component include folders:</h2>
  C:\Users\16081\Desktop\gimbal\gimbal_firmware\Handheld-Gimbal\MDK-ARM\RTE
  D:\MDK5\ARM\PACK\ARM\CMSIS\4.2.0\CMSIS\Include
  D:\MDK5\ARM\PACK\Keil\STM32F4xx_DFP\2.17.1

<h2>Collection of Component Files used:</h2>

   * Component: ARM::CMSIS:CORE:3.40.0
      Source file:   CMSIS\UserCodeTemplates\ARM\ITM_Retarget.c
</pre>
</body>
</html>
