Component: ARM Compiler 5.05 update 1 (build 106) Tool: armlink [4d0efa]

==============================================================================

Section Cross References

    startup_stm32f407xx.o(STACK) refers (Special) to heapauxi.o(.text) for __use_two_region_memory
    startup_stm32f407xx.o(HEAP) refers (Special) to heapauxi.o(.text) for __use_two_region_memory
    startup_stm32f407xx.o(RESET) refers (Special) to heapauxi.o(.text) for __use_two_region_memory
    startup_stm32f407xx.o(RESET) refers to startup_stm32f407xx.o(STACK) for __initial_sp
    startup_stm32f407xx.o(RESET) refers to startup_stm32f407xx.o(.text) for Reset_Handler
    startup_stm32f407xx.o(RESET) refers to stm32f4xx_it.o(i.NMI_Handler) for NMI_Handler
    startup_stm32f407xx.o(RESET) refers to stm32f4xx_it.o(i.HardFault_Handler) for HardFault_Handler
    startup_stm32f407xx.o(RESET) refers to stm32f4xx_it.o(i.MemManage_Handler) for MemManage_Handler
    startup_stm32f407xx.o(RESET) refers to stm32f4xx_it.o(i.BusFault_Handler) for BusFault_Handler
    startup_stm32f407xx.o(RESET) refers to stm32f4xx_it.o(i.UsageFault_Handler) for UsageFault_Handler
    startup_stm32f407xx.o(RESET) refers to port.o(.emb_text) for SVC_Handler
    startup_stm32f407xx.o(RESET) refers to stm32f4xx_it.o(i.DebugMon_Handler) for DebugMon_Handler
    startup_stm32f407xx.o(RESET) refers to cmsis_os2.o(i.SysTick_Handler) for SysTick_Handler
    startup_stm32f407xx.o(RESET) refers to stm32f4xx_it.o(i.EXTI3_IRQHandler) for EXTI3_IRQHandler
    startup_stm32f407xx.o(RESET) refers to stm32f4xx_it.o(i.CAN1_RX0_IRQHandler) for CAN1_RX0_IRQHandler
    startup_stm32f407xx.o(RESET) refers to stm32f4xx_it.o(i.TIM4_IRQHandler) for TIM4_IRQHandler
    startup_stm32f407xx.o(RESET) refers to stm32f4xx_it.o(i.DMA2_Stream0_IRQHandler) for DMA2_Stream0_IRQHandler
    startup_stm32f407xx.o(RESET) refers to stm32f4xx_it.o(i.USART6_IRQHandler) for USART6_IRQHandler
    startup_stm32f407xx.o(.text) refers (Special) to heapauxi.o(.text) for __use_two_region_memory
    startup_stm32f407xx.o(.text) refers to system_stm32f4xx.o(i.SystemInit) for SystemInit
    startup_stm32f407xx.o(.text) refers to __main.o(!!!main) for __main
    startup_stm32f407xx.o(.text) refers to startup_stm32f407xx.o(HEAP) for Heap_Mem
    startup_stm32f407xx.o(.text) refers to startup_stm32f407xx.o(STACK) for Stack_Mem
    main.o(i.HAL_TIM_PeriodElapsedCallback) refers to stm32f4xx_hal.o(i.HAL_IncTick) for HAL_IncTick
    main.o(i.SystemClock_Config) refers to rt_memclr_w.o(.text) for __aeabi_memclr4
    main.o(i.SystemClock_Config) refers to stm32f4xx_hal_rcc.o(i.HAL_RCC_OscConfig) for HAL_RCC_OscConfig
    main.o(i.SystemClock_Config) refers to stm32f4xx_hal_rcc.o(i.HAL_RCC_ClockConfig) for HAL_RCC_ClockConfig
    main.o(i.main) refers to stm32f4xx_hal.o(i.HAL_Init) for HAL_Init
    main.o(i.main) refers to main.o(i.SystemClock_Config) for SystemClock_Config
    main.o(i.main) refers to gpio.o(i.MX_GPIO_Init) for MX_GPIO_Init
    main.o(i.main) refers to dma.o(i.MX_DMA_Init) for MX_DMA_Init
    main.o(i.main) refers to can.o(i.MX_CAN1_Init) for MX_CAN1_Init
    main.o(i.main) refers to usart.o(i.MX_USART1_UART_Init) for MX_USART1_UART_Init
    main.o(i.main) refers to adc.o(i.MX_ADC1_Init) for MX_ADC1_Init
    main.o(i.main) refers to i2c.o(i.MX_I2C1_Init) for MX_I2C1_Init
    main.o(i.main) refers to usart.o(i.MX_USART6_UART_Init) for MX_USART6_UART_Init
    main.o(i.main) refers to usart.o(i.EnableUART6IRQ) for EnableUART6IRQ
    main.o(i.main) refers to cmsis_os2.o(i.osKernelInitialize) for osKernelInitialize
    main.o(i.main) refers to freertos.o(i.MX_FREERTOS_Init) for MX_FREERTOS_Init
    main.o(i.main) refers to cmsis_os2.o(i.osKernelStart) for osKernelStart
    gpio.o(i.MX_GPIO_Init) refers to rt_memclr_w.o(.text) for __aeabi_memclr4
    gpio.o(i.MX_GPIO_Init) refers to stm32f4xx_hal_gpio.o(i.HAL_GPIO_WritePin) for HAL_GPIO_WritePin
    gpio.o(i.MX_GPIO_Init) refers to stm32f4xx_hal_gpio.o(i.HAL_GPIO_Init) for HAL_GPIO_Init
    gpio.o(i.MX_GPIO_Init) refers to stm32f4xx_hal_cortex.o(i.HAL_NVIC_SetPriority) for HAL_NVIC_SetPriority
    gpio.o(i.MX_GPIO_Init) refers to stm32f4xx_hal_cortex.o(i.HAL_NVIC_EnableIRQ) for HAL_NVIC_EnableIRQ
    freertos.o(i.MX_FREERTOS_Init) refers to driver_oled.o(i.OLED_Init) for OLED_Init
    freertos.o(i.MX_FREERTOS_Init) refers to driver_joystick.o(i.JoyStickInit) for JoyStickInit
    freertos.o(i.MX_FREERTOS_Init) refers to driver_motorcomm.o(i.MotorCommInit) for MotorCommInit
    freertos.o(i.MX_FREERTOS_Init) refers to __2printf.o(.text) for __2printf
    freertos.o(i.MX_FREERTOS_Init) refers to queue.o(i.xQueueGenericCreate) for xQueueGenericCreate
    freertos.o(i.MX_FREERTOS_Init) refers to cmsis_os2.o(i.osThreadNew) for osThreadNew
    freertos.o(i.MX_FREERTOS_Init) refers to tasks.o(i.xTaskCreate) for xTaskCreate
    freertos.o(i.MX_FREERTOS_Init) refers to event_groups.o(i.xEventGroupCreate) for xEventGroupCreate
[...]
    MQTTstrlen                               0x08003e81   Thumb Code    14  mqttpacket.o(i.MQTTstrlen)
    MX_ADC1_Init                             0x08003e91   Thumb Code   106  adc.o(i.MX_ADC1_Init)
    MX_CAN1_Init                             0x08003f09   Thumb Code    58  can.o(i.MX_CAN1_Init)
    MX_DMA_Init                              0x08003f4d   Thumb Code    40  dma.o(i.MX_DMA_Init)
    MX_FREERTOS_Init                         0x08003f79   Thumb Code   258  freertos.o(i.MX_FREERTOS_Init)
    MX_GPIO_Init                             0x08004115   Thumb Code   176  gpio.o(i.MX_GPIO_Init)
    MX_I2C1_Init                             0x080041d1   Thumb Code    50  i2c.o(i.MX_I2C1_Init)
    MX_USART1_UART_Init                      0x08004211   Thumb Code    48  usart.o(i.MX_USART1_UART_Init)
    MX_USART6_UART_Init                      0x08004249   Thumb Code    48  usart.o(i.MX_USART6_UART_Init)
    MemManage_Handler                        0x08004281   Thumb Code     2  stm32f4xx_it.o(i.MemManage_Handler)
    MotorCommInit                            0x08004283   Thumb Code     4  driver_motorcomm.o(i.MotorCommInit)
    MotorPIDInit                             0x08004289   Thumb Code    76  pid.o(i.MotorPIDInit)
    MotorPid_Task                            0x080042ed   Thumb Code   110  motor.o(i.MotorPid_Task)
    MqttTask                                 0x08004369   Thumb Code   210  mqttapp.o(i.MqttTask)
    MyCAN_Init                               0x080044a9   Thumb Code    52  can.o(i.MyCAN_Init)
    NMI_Handler                              0x080044e1   Thumb Code     2  stm32f4xx_it.o(i.NMI_Handler)
    OLED_CLS                                 0x080044e3   Thumb Code     6  driver_oled.o(i.OLED_CLS)
    OLED_DrawBMP                             0x080044e9   Thumb Code    62  driver_oled.o(i.OLED_DrawBMP)
    OLED_Fill                                0x08004529   Thumb Code    56  driver_oled.o(i.OLED_Fill)
    OLED_Init                                0x08004561   Thumb Code   180  driver_oled.o(i.OLED_Init)
    OLED_SetPos                              0x08004615   Thumb Code    38  driver_oled.o(i.OLED_SetPos)
    OLED_ShowStr                             0x0800463d   Thumb Code   208  driver_oled.o(i.OLED_ShowStr)
    PageDown                                 0x080047a9   Thumb Code   122  page.o(i.PageDown)
    PageIn                                   0x08004829   Thumb Code   118  page.o(i.PageIn)
    PageInit                                 0x080048a9   Thumb Code    48  page.o(i.PageInit)
    PageOut                                  0x080048dd   Thumb Code   138  page.o(i.PageOut)
    PageUp                                   0x08004971   Thumb Code   122  page.o(i.PageUp)
    SendMessage2Motor                        0x080049f1   Thumb Code    58  driver_motorcomm.o(i.SendMessage2Motor)
    SlideLeft                                0x08004a35   Thumb Code    54  page.o(i.SlideLeft)
    SlideRight                               0x08004a6b   Thumb Code    58  page.o(i.SlideRight)
    StartDefaultTask                         0x08004aa5   Thumb Code     8  freertos.o(i.StartDefaultTask)
    SysTick_Handler                          0x08004aad   Thumb Code    26  cmsis_os2.o(i.SysTick_Handler)
    SystemClock_Config                       0x08004ac9   Thumb Code   138  main.o(i.SystemClock_Config)
    SystemInit                               0x08004b5d   Thumb Code    12  system_stm32f4xx.o(i.SystemInit)
    TIM4_IRQHandler                          0x08004b6d   Thumb Code     6  stm32f4xx_it.o(i.TIM4_IRQHandler)
    TIM_Base_SetConfig                       0x08004b79   Thumb Code   170  stm32f4xx_hal_tim.o(i.TIM_Base_SetConfig)
    UART_Start_Receive_IT                    0x08004e7d   Thumb Code    54  stm32f4xx_hal_uart.o(i.UART_Start_Receive_IT)
    UIAction_Task                            0x08004f25   Thumb Code   860  ui.o(i.UIAction_Task)
    UI_Init                                  0x08005301   Thumb Code    18  ui.o(i.UI_Init)
    UI_Task                                  0x08005315   Thumb Code   460  ui.o(i.UI_Task)
    USART2_ClearBuf                          0x08005511   Thumb Code    14  usart.o(i.USART2_ClearBuf)
    USART2_Receive                           0x08005529   Thumb Code    16  usart.o(i.USART2_Receive)
    USART2_Transmit                          0x08005541   Thumb Code    12  usart.o(i.USART2_Transmit)
    USART6_IRQHandler                        0x08005551   Thumb Code    32  stm32f4xx_it.o(i.USART6_IRQHandler)
    UsageFault_Handler                       0x08005579   Thumb Code     2  stm32f4xx_it.o(i.UsageFault_Handler)
    WriteCmd                                 0x0800557d   Thumb Code    30  driver_oled.o(i.WriteCmd)
    WriteDat                                 0x080055a1   Thumb Code    30  driver_oled.o(i.WriteDat)
    _is_digit                                0x080055e5   Thumb Code    14  __printf_wp.o(i._is_digit)
    _sys_exit                                0x080055fd   Thumb Code     2  usart.o(i._sys_exit)
    bufchar                                  0x08005601   Thumb Code    30  mqttpacket.o(i.bufchar)
    cascade_loop                             0x08005625   Thumb Code    46  pid.o(i.cascade_loop)
    configureTimerForRunTimeStats            0x080056d9   Thumb Code     2  freertos.o(i.configureTimerForRunTimeStats)
    fputc                                    0x08005771   Thumb Code    18  usart.o(i.fputc)
    getCurrentpage                           0x08005789   Thumb Code    12  page.o(i.getCurrentpage)
    getCurrentpageId                         0x08005799   Thumb Code     6  page.o(i.getCurrentpageId)
    getMotorAngle                            0x080057a5   Thumb Code    20  motor.o(i.getMotorAngle)
    getMotorSpeed                            0x080057bd   Thumb Code    20  motor.o(i.getMotorSpeed)
    getPagedata                              0x080057e9   Thumb Code    28  page.o(i.getPagedata)
    getRunTimeCounterValue                   0x08005809   Thumb Code    18  driver_timer.o(i.getRunTimeCounterValue)
    main                                     0x0800581b   Thumb Code    54  main.o(i.main)
    makeMsg                                  0x08005851   Thumb Code    90  mqttapp.o(i.makeMsg)
    mqtt_barNotify                           0x08005b11   Thumb Code    26  ui.o(i.mqtt_barNotify)
    mqtt_connect                             0x08005bd9   Thumb Code     4  mqttclient.o(i.mqtt_connect)
    mqtt_keep_alive                          0x08006145   Thumb Code   120  mqttclient.o(i.mqtt_keep_alive)
    mqtt_lease                               0x0800620d   Thumb Code    34  mqttclient.o(i.mqtt_lease)
    mqtt_list_add_tail                       0x0800622f   Thumb Code    10  mqtt_list.o(i.mqtt_list_add_tail)
    mqtt_list_del                            0x08006239   Thumb Code     8  mqtt_list.o(i.mqtt_list_del)
    mqtt_list_del_init                       0x08006241   Thumb Code    14  mqtt_list.o(i.mqtt_list_del_init)
    mqtt_list_init                           0x0800624f   Thumb Code     6  mqtt_list.o(i.mqtt_list_init)
    mqtt_list_is_empty                       0x08006255   Thumb Code    14  mqtt_list.o(i.mqtt_list_is_empty)
    mqtt_publish                             0x08006421   Thumb Code   286  mqttclient.o(i.mqtt_publish)
    mqtt_set_clean_session                   0x080068b1   Thumb Code    42  mqttclient.o(i.mqtt_set_clean_session)
    mqtt_set_client_id                       0x0800692d   Thumb Code    34  mqttclient.o(i.mqtt_set_client_id)
    mqtt_set_host                            0x080069bd   Thumb Code    34  mqttclient.o(i.mqtt_set_host)
    mqtt_set_password                        0x08006a31   Thumb Code    34  mqttclient.o(i.mqtt_set_password)
    mqtt_set_port                            0x08006aa5   Thumb Code    34  mqttclient.o(i.mqtt_set_port)
    mqtt_set_user_name                       0x08006b19   Thumb Code    34  mqttclient.o(i.mqtt_set_user_name)
    mqtt_subscribe                           0x08006c4d   Thumb Code   154  mqttclient.o(i.mqtt_subscribe)
    mqtt_switchNotify                        0x08006ced   Thumb Code    86  ui.o(i.mqtt_switchNotify)
    nettype_tcp_connect                      0x0800716d   Thumb Code    24  nettype_tcp.o(i.nettype_tcp_connect)
    nettype_tcp_disconnect                   0x08007185   Thumb Code    20  nettype_tcp.o(i.nettype_tcp_disconnect)
    nettype_tcp_read                         0x08007199   Thumb Code     6  nettype_tcp.o(i.nettype_tcp_read)
    nettype_tcp_write                        0x0800719f   Thumb Code     6  nettype_tcp.o(i.nettype_tcp_write)
    network_connect                          0x080071a5   Thumb Code     4  network.o(i.network_connect)
    network_disconnect                       0x080071a9   Thumb Code     4  network.o(i.network_disconnect)
    network_init                             0x080071ad   Thumb Code    20  network.o(i.network_init)
    network_read                             0x080071c1   Thumb Code     4  network.o(i.network_read)
    network_write                            0x080071c5   Thumb Code     4  network.o(i.network_write)
    osKernelInitialize                       0x080071c9   Thumb Code    32  cmsis_os2.o(i.osKernelInitialize)
    osKernelStart                            0x080071ed   Thumb Code    48  cmsis_os2.o(i.osKernelStart)
    osThreadNew                              0x08007225   Thumb Code   136  cmsis_os2.o(i.osThreadNew)
    platform_memory_alloc                    0x080072ad   Thumb Code    30  platform_memory.o(i.platform_memory_alloc)
    platform_memory_free                     0x080072ed   Thumb Code     4  platform_memory.o(i.platform_memory_free)
    platform_mutex_init                      0x080072f1   Thumb Code    16  platform_mutex.o(i.platform_mutex_init)
    platform_mutex_lock                      0x08007301   Thumb Code    10  platform_mutex.o(i.platform_mutex_lock)
    platform_mutex_unlock                    0x0800730b   Thumb Code    12  platform_mutex.o(i.platform_mutex_unlock)
    platform_net_socket_close                0x08007319   Thumb Code    18  platform_net_socket.o(i.platform_net_socket_close)
    platform_net_socket_connect              0x0800733d   Thumb Code   138  platform_net_socket.o(i.platform_net_socket_connect)
    platform_net_socket_recv_timeout         0x08007439   Thumb Code    50  platform_net_socket.o(i.platform_net_socket_recv_timeout)
    platform_net_socket_write_timeout        0x0800746d   Thumb Code    62  platform_net_socket.o(i.platform_net_socket_write_timeout)
    platform_thread_destroy                  0x080074dd   Thumb Code    22  platform_thread.o(i.platform_thread_destroy)
    platform_thread_init                     0x080074f3   Thumb Code    56  platform_thread.o(i.platform_thread_init)
    platform_thread_start                    0x0800752b   Thumb Code     6  platform_thread.o(i.platform_thread_start)
    platform_thread_startup                  0x08007531   Thumb Code     2  platform_thread.o(i.platform_thread_startup)
    platform_thread_stop                     0x08007533   Thumb Code     6  platform_thread.o(i.platform_thread_stop)
    platform_timer_cutdown                   0x08007539   Thumb Code    16  platform_timer.o(i.platform_timer_cutdown)
    platform_timer_init                      0x08007549   Thumb Code     6  platform_timer.o(i.platform_timer_init)
    platform_timer_is_expired                0x0800754f   Thumb Code    22  platform_timer.o(i.platform_timer_is_expired)
    platform_timer_now                       0x08007565   Thumb Code     4  platform_timer.o(i.platform_timer_now)
    platform_timer_remain                    0x08007569   Thumb Code    22  platform_timer.o(i.platform_timer_remain)
    pvPortMalloc                             0x08007d8d   Thumb Code   216  heap_4.o(i.pvPortMalloc)
    pvTaskIncrementMutexHeldCount            0x08007e69   Thumb Code    18  tasks.o(i.pvTaskIncrementMutexHeldCount)
    pxPortInitialiseStack                    0x08007e81   Thumb Code    40  port.o(i.pxPortInitialiseStack)
    random_number                            0x08007ead   Thumb Code    42  random.o(i.random_number)
    random_string                            0x08007edd   Thumb Code   180  random.o(i.random_string)
    readChar                                 0x08007f95   Thumb Code    12  mqttpacket.o(i.readChar)
    readInt                                  0x08007fa1   Thumb Code    18  mqttpacket.o(i.readInt)
    readMQTTLenString                        0x08007fb3   Thumb Code    52  mqttpacket.o(i.readMQTTLenString)
    setCurrentPagedata                       0x08007fe9   Thumb Code    44  page.o(i.setCurrentPagedata)
    setCurrentpage                           0x08008019   Thumb Code    20  page.o(i.setCurrentpage)
    setIntens                                0x08008031   Thumb Code    26  pid.o(i.setIntens)
    setPagedata                              0x08008051   Thumb Code    36  page.o(i.setPagedata)
    setScreenBri                             0x08008079   Thumb Code    20  page.o(i.setScreenBri)
    showBottomData                           0x080080a5   Thumb Code   100  page.o(i.showBottomData)
    showbar                                  0x08008269   Thumb Code   132  page.o(i.showbar)
    sonPageSwitch                            0x080082f1   Thumb Code   152  page.o(i.sonPageSwitch)
    system_get_ns                            0x08008391   Thumb Code    58  driver_timer.o(i.system_get_ns)
    uxListRemove                             0x080083d5   Thumb Code    38  list.o(i.uxListRemove)
    uxTaskResetEventItemValue                0x080083fd   Thumb Code    20  tasks.o(i.uxTaskResetEventItemValue)
    vApplicationGetIdleTaskMemory            0x08008415   Thumb Code    16  cmsis_os2.o(i.vApplicationGetIdleTaskMemory)
    vApplicationGetTimerTaskMemory           0x08008429   Thumb Code    18  cmsis_os2.o(i.vApplicationGetTimerTaskMemory)
    vApplicationIdleHook                     0x08008441   Thumb Code     2  freertos.o(i.vApplicationIdleHook)
    vEventGroupSetBitsCallback               0x08008443   Thumb Code     4  event_groups.o(i.vEventGroupSetBitsCallback)
    vListInitialise                          0x08008447   Thumb Code    22  list.o(i.vListInitialise)
    vListInitialiseItem                      0x0800845d   Thumb Code     6  list.o(i.vListInitialiseItem)
    vListInsert                              0x08008463   Thumb Code    48  list.o(i.vListInsert)
    vListInsertEnd                           0x08008493   Thumb Code    24  list.o(i.vListInsertEnd)
    vPortEnterCritical                       0x080084ad   Thumb Code    54  port.o(i.vPortEnterCritical)
    vPortExitCritical                        0x080084ed   Thumb Code    34  port.o(i.vPortExitCritical)
    vPortFree                                0x08008515   Thumb Code    94  heap_4.o(i.vPortFree)
    vPortSetupTimerInterrupt                 0x08008579   Thumb Code    32  port.o(i.vPortSetupTimerInterrupt)
    vPortValidateInterruptPriority           0x0800859d   Thumb Code    74  port.o(i.vPortValidateInterruptPriority)
    vQueueAddToRegistry                      0x080085f1   Thumb Code    34  queue.o(i.vQueueAddToRegistry)
    vQueueWaitForMessageRestricted           0x08008619   Thumb Code    68  queue.o(i.vQueueWaitForMessageRestricted)
    vTaskDelay                               0x0800865d   Thumb Code    66  tasks.o(i.vTaskDelay)
    vTaskDelete                              0x080086a9   Thumb Code   130  tasks.o(i.vTaskDelete)
    vTaskInternalSetTimeOutState             0x08008739   Thumb Code    12  tasks.o(i.vTaskInternalSetTimeOutState)
    vTaskMissedYield                         0x08008749   Thumb Code     8  tasks.o(i.vTaskMissedYield)
    vTaskPlaceOnEventList                    0x08008755   Thumb Code    44  tasks.o(i.vTaskPlaceOnEventList)
    vTaskPlaceOnEventListRestricted          0x08008785   Thumb Code    52  tasks.o(i.vTaskPlaceOnEventListRestricted)
    vTaskPlaceOnUnorderedEventList           0x080087bd   Thumb Code    76  tasks.o(i.vTaskPlaceOnUnorderedEventList)
    vTaskPriorityDisinheritAfterTimeout      0x0800880d   Thumb Code   134  tasks.o(i.vTaskPriorityDisinheritAfterTimeout)
    vTaskRemoveFromUnorderedEventList        0x0800889d   Thumb Code   102  tasks.o(i.vTaskRemoveFromUnorderedEventList)
    vTaskResume                              0x0800890d   Thumb Code   110  tasks.o(i.vTaskResume)
    vTaskStartScheduler                      0x08008989   Thumb Code   122  tasks.o(i.vTaskStartScheduler)
    vTaskSuspend                             0x08008a15   Thumb Code   144  tasks.o(i.vTaskSuspend)
    vTaskSuspendAll                          0x08008ab1   Thumb Code    10  tasks.o(i.vTaskSuspendAll)
    vTaskSwitchContext                       0x08008ac1   Thumb Code   114  tasks.o(i.vTaskSwitchContext)
    writeCString                             0x08008b3d   Thumb Code    40  mqttpacket.o(i.writeCString)
    writeChar                                0x08008b65   Thumb Code    12  mqttpacket.o(i.writeChar)
    writeInt                                 0x08008b71   Thumb Code    30  mqttpacket.o(i.writeInt)
    writeMQTTString                          0x08008b8f   Thumb Code    54  mqttpacket.o(i.writeMQTTString)
    xEventGroupClearBits                     0x08008bc5   Thumb Code    64  event_groups.o(i.xEventGroupClearBits)
    xEventGroupCreate                        0x08008c05   Thumb Code    28  event_groups.o(i.xEventGroupCreate)
    xEventGroupSetBits                       0x08008c21   Thumb Code   140  event_groups.o(i.xEventGroupSetBits)
    xEventGroupSetBitsFromISR                0x08008cad   Thumb Code    12  event_groups.o(i.xEventGroupSetBitsFromISR)
    xEventGroupWaitBits                      0x08008cbd   Thumb Code   260  event_groups.o(i.xEventGroupWaitBits)
    xPortStartScheduler                      0x08008dc5   Thumb Code   222  port.o(i.xPortStartScheduler)
    xPortSysTickHandler                      0x08008eb9   Thumb Code    38  port.o(i.xPortSysTickHandler)
    xQueueCreateMutex                        0x08008ee5   Thumb Code    22  queue.o(i.xQueueCreateMutex)
    xQueueGenericCreate                      0x08008efb   Thumb Code    66  queue.o(i.xQueueGenericCreate)
    xQueueGenericCreateStatic                0x08008f3d   Thumb Code   102  queue.o(i.xQueueGenericCreateStatic)
    xQueueGenericReset                       0x08008fa5   Thumb Code   132  queue.o(i.xQueueGenericReset)
    xQueueGenericSend                        0x0800902d   Thumb Code   346  queue.o(i.xQueueGenericSend)
    xQueueGenericSendFromISR                 0x0800918d   Thumb Code   190  queue.o(i.xQueueGenericSendFromISR)
    xQueuePeek                               0x0800924d   Thumb Code   302  queue.o(i.xQueuePeek)
    xQueueReceive                            0x08009381   Thumb Code   308  queue.o(i.xQueueReceive)
    xQueueSemaphoreTake                      0x080094b9   Thumb Code   372  queue.o(i.xQueueSemaphoreTake)
    xTaskCheckForTimeOut                     0x08009631   Thumb Code   112  tasks.o(i.xTaskCheckForTimeOut)
    xTaskCreate                              0x080096a5   Thumb Code    90  tasks.o(i.xTaskCreate)
    xTaskCreateStatic                        0x080096ff   Thumb Code    86  tasks.o(i.xTaskCreateStatic)
    xTaskGetSchedulerState                   0x08009755   Thumb Code    22  tasks.o(i.xTaskGetSchedulerState)
    xTaskGetTickCount                        0x08009771   Thumb Code     6  tasks.o(i.xTaskGetTickCount)
    xTaskIncrementTick                       0x0800977d   Thumb Code   192  tasks.o(i.xTaskIncrementTick)
    xTaskPriorityDisinherit                  0x08009845   Thumb Code   118  tasks.o(i.xTaskPriorityDisinherit)
    xTaskPriorityInherit                     0x080098c5   Thumb Code   112  tasks.o(i.xTaskPriorityInherit)
    xTaskRemoveFromEventList                 0x0800993d   Thumb Code    98  tasks.o(i.xTaskRemoveFromEventList)
    xTaskResumeAll                           0x080099ad   Thumb Code   182  tasks.o(i.xTaskResumeAll)
    xTimerCreateTimerTask                    0x08009a71   Thumb Code    78  timers.o(i.xTimerCreateTimerTask)
    xTimerGenericCommand                     0x08009ad1   Thumb Code    98  timers.o(i.xTimerGenericCommand)
    xTimerPendFunctionCallFromISR            0x08009b39   Thumb Code    34  timers.o(i.xTimerPendFunctionCallFromISR)
    __aeabi_d2f                              0x08009b61   Thumb Code     0  d2f.o(x$fpl$d2f)
    _d2f                                     0x08009b61   Thumb Code    98  d2f.o(x$fpl$d2f)
    __aeabi_dadd                             0x08009bc5   Thumb Code     0  daddsub_clz.o(x$fpl$dadd)
    _dadd                                    0x08009bc5   Thumb Code   332  daddsub_clz.o(x$fpl$dadd)
    __fpl_dcmp_Inf                           0x08009d15   Thumb Code    24  dcmpi.o(x$fpl$dcmpinf)
    __aeabi_ddiv                             0x08009d2d   Thumb Code     0  ddiv.o(x$fpl$ddiv)
    _ddiv                                    0x08009d2d   Thumb Code   552  ddiv.o(x$fpl$ddiv)
    __aeabi_d2uiz                            0x08009fdd   Thumb Code     0  dfixu.o(x$fpl$dfixu)
    _dfixu                                   0x08009fdd   Thumb Code    90  dfixu.o(x$fpl$dfixu)
    __aeabi_cdcmple                          0x0800a039   Thumb Code     0  dleqf.o(x$fpl$dleqf)
    _dcmple                                  0x0800a039   Thumb Code   120  dleqf.o(x$fpl$dleqf)
    __fpl_dcmple_InfNaN                      0x0800a09b   Thumb Code     0  dleqf.o(x$fpl$dleqf)
    __aeabi_dmul                             0x0800a0b1   Thumb Code     0  dmul.o(x$fpl$dmul)
    _dmul                                    0x0800a0b1   Thumb Code   332  dmul.o(x$fpl$dmul)
    __fpl_dnaninf                            0x0800a205   Thumb Code   156  dnaninf.o(x$fpl$dnaninf)
    __fpl_dretinf                            0x0800a2a1   Thumb Code    12  dretinf.o(x$fpl$dretinf)
    __aeabi_cdrcmple                         0x0800a2ad   Thumb Code     0  drleqf.o(x$fpl$drleqf)
    _drcmple                                 0x0800a2ad   Thumb Code   108  drleqf.o(x$fpl$drleqf)
    __aeabi_drsub                            0x0800a319   Thumb Code     0  daddsub_clz.o(x$fpl$drsb)
    _drsb                                    0x0800a319   Thumb Code    22  daddsub_clz.o(x$fpl$drsb)
    __aeabi_dsub                             0x0800a331   Thumb Code     0  daddsub_clz.o(x$fpl$dsub)
    _dsub                                    0x0800a331   Thumb Code   464  daddsub_clz.o(x$fpl$dsub)
    __aeabi_f2d                              0x0800a505   Thumb Code     0  f2d.o(x$fpl$f2d)
    _f2d                                     0x0800a505   Thumb Code    86  f2d.o(x$fpl$f2d)
    __fpl_fnaninf                            0x0800a55b   Thumb Code   140  fnaninf.o(x$fpl$fnaninf)
    _fp_init                                 0x0800a5e7   Thumb Code    10  fpinit.o(x$fpl$fpinit)
    __fplib_config_fpu_vfp                   0x0800a5ef   Thumb Code     0  fpinit.o(x$fpl$fpinit)
    __fplib_config_pureend_doubles           0x0800a5ef   Thumb Code     0  fpinit.o(x$fpl$fpinit)
    __fpl_fretinf                            0x0800a5f1   Thumb Code    10  fretinf.o(x$fpl$fretinf)
    __I$use$fp                               0x0800a5fa   Number         0  usenofp.o(x$fpl$usenofp)
    defaultTask_attributes                   0x0800a5fc   Data          36  freertos.o(.constdata)
    AHBPrescTable                            0x0800a628   Data          16  system_stm32f4xx.o(.constdata)
    APBPrescTable                            0x0800a638   Data           8  system_stm32f4xx.o(.constdata)
    BMP_Init_64x64                           0x0800a640   Data         288  driver_oled.o(.constdata)
    F6x8                                     0x0800a760   Data         552  driver_oled.o(.constdata)
    F8X16                                    0x0800a988   Data        1520  driver_oled.o(.constdata)
    BMP_LIGHT1_48x48                         0x0800af78   Data         288  page.o(.constdata)
    BMP_LIGHT2_48x48                         0x0800b098   Data         288  page.o(.constdata)
    BMP_LIGHT3_48x48                         0x0800b1b8   Data         288  page.o(.constdata)
    BMP_SETTINGS_48x48                       0x0800b2d8   Data         272  page.o(.constdata)
    BMP_OFF_48x48                            0x0800b3e8   Data         288  page.o(.constdata)
    BMP_ON_48x48                             0x0800b508   Data         288  page.o(.constdata)
    BMP_BRIGHT1_48x48                        0x0800b628   Data         288  page.o(.constdata)
    BMP_BRIGHT2_48x48                        0x0800b748   Data         288  page.o(.constdata)
    BMP_BRIGHT3_48x48                        0x0800b868   Data         288  page.o(.constdata)
    BMP_SWITCH_48x48                         0x0800b988   Data         288  page.o(.constdata)
    BMP_Right_16x16                          0x0800baaf   Data          32  page.o(.constdata)
    BMP_Left_16x16                           0x0800bacf   Data          32  page.o(.constdata)
    PageMapTable                             0x0800baef   Data          20  page.o(.constdata)
    Region$$Table$$Base                      0x0800bed0   Number         0  anon$$obj.o(Region$$Table)
    Region$$Table$$Limit                     0x0800bef0   Number         0  anon$$obj.o(Region$$Table)
    MotorPidTaskHandle                       0x20000000   Data           4  freertos.o(.data)
    TargetAngleQueueHandle                   0x20000004   Data           4  freertos.o(.data)
    AngleDiffQueueHandle                     0x20000008   Data           4  freertos.o(.data)
    rawSpeedHandle                           0x2000000c   Data           4  freertos.o(.data)
    rawAngleHandle                           0x20000010   Data           4  freertos.o(.data)
    realSpeedHandle                          0x20000014   Data           4  freertos.o(.data)
    realAngleHandle                          0x20000018   Data           4  freertos.o(.data)
    MotorPidSemaphore                        0x2000001c   Data           4  freertos.o(.data)
    UIActionSemaphore                        0x20000020   Data           4  freertos.o(.data)
    UIResponseEvent                          0x20000024   Data           4  freertos.o(.data)
    MqttNotifyEvent                          0x20000028   Data           4  freertos.o(.data)
    defaultTaskHandle                        0x2000002c   Data           4  freertos.o(.data)
    __stdout                                 0x20000048   Data           4  usart.o(.data)
    uwTickFreq                               0x2000004c   Data           1  stm32f4xx_hal.o(.data)
    uwTickPrio                               0x20000050   Data           4  stm32f4xx_hal.o(.data)
    uwTick                                   0x20000054   Data           4  stm32f4xx_hal.o(.data)
    SystemCoreClock                          0x20000058   Data           4  system_stm32f4xx.o(.data)
    g_currentId                              0x2000005f   Data           1  page.o(.data)
    g_currentPage                            0x20000068   Data           8  page.o(.data)
    bottomStr                                0x20000070   Data         156  page.o(.data)
    UIpages                                  0x2000010c   Data         104  page.o(.data)
    client                                   0x20000178   Data           4  mqttapp.o(.data)
    g_remain_len                             0x2000017c   Data           4  mqttclient.o(.data)
    pxCurrentTCB                             0x20000188   Data           4  tasks.o(.data)
    hadc1                                    0x20000210   Data          72  adc.o(.bss)
    hdma_adc1                                0x20000258   Data          96  adc.o(.bss)
    hcan1                                    0x200002b8   Data          40  can.o(.bss)
    hi2c1                                    0x200002e0   Data          84  i2c.o(.bss)
    huart1                                   0x200003fc   Data          72  usart.o(.bss)
    huart6                                   0x20000444   Data          72  usart.o(.bss)
    htim4                                    0x2000088c   Data          72  stm32f4xx_hal_timebase_tim.o(.bss)
    xQueueRegistry                           0x20000aac   Data          64  queue.o(.bss)
    _random_number_data                      0x20007a98   Data         228  rand.o(.bss)
    __libspace_start                         0x20007b7c   Data          96  libspace.o(.bss)
    __temporary_stack_top$libspace           0x20007bdc   Data           0  libspace.o(.bss)



==============================================================================

Memory Map of the image

  Image Entry point : 0x08000189

  Load Region LR_IROM1 (Base: 0x08000000, Size: 0x0000c100, Max: 0x00080000, ABSOLUTE, COMPRESSED[0x0000bf6c])

    Execution Region ER_IROM1 (Base: 0x08000000, Size: 0x0000bef0, Max: 0x00080000, ABSOLUTE)

    Base Addr    Size         Type   Attr      Idx    E Section Name        Object

    0x08000000   0x00000188   Data   RO            3    RESET               startup_stm32f407xx.o
    0x08000188   0x00000008   Code   RO         8147  * !!!main             c_w.l(__main.o)
    0x08000190   0x00000034   Code   RO         8414    !!!scatter          c_w.l(__scatter.o)
    0x080001c4   0x0000005a   Code   RO         8412    !!dczerorl2         c_w.l(__dczerorl2.o)
    0x0800021e   0x00000002   PAD
    0x08000220   0x0000001c   Code   RO         8416    !!handler_zi        c_w.l(__scatter_zi.o)
    0x0800023c   0x00000000   Code   RO         8115    .ARM.Collect$$_printf_percent$$00000000  c_w.l(_printf_percent.o)
    0x0800023c   0x00000006   Code   RO         8112    .ARM.Collect$$_printf_percent$$00000009  c_w.l(_printf_d.o)
    0x08000242   0x00000006   Code   RO         8111    .ARM.Collect$$_printf_percent$$0000000C  c_w.l(_printf_x.o)
    0x08000248   0x00000006   Code   RO         8110    .ARM.Collect$$_printf_percent$$00000014  c_w.l(_printf_s.o)
    0x0800024e   0x00000004   Code   RO         8196    .ARM.Collect$$_printf_percent$$00000017  c_w.l(_printf_percent_end.o)
    0x08000252   0x00000002   Code   RO         8343    .ARM.Collect$$libinit$$00000000  c_w.l(libinit.o)
    0x08000254   0x00000004   Code   RO         8197    .ARM.Collect$$libinit$$00000001  c_w.l(libinit2.o)
    0x08000258   0x00000000   Code   RO         8200    .ARM.Collect$$libinit$$00000004  c_w.l(libinit2.o)
    0x08000258   0x00000000   Code   RO         8203    .ARM.Collect$$libinit$$0000000A  c_w.l(libinit2.o)
    0x08000258   0x00000000   Code   RO         8205    .ARM.Collect$$libinit$$0000000C  c_w.l(libinit2.o)
    0x08000258   0x00000004   Code   RO         8206    .ARM.Collect$$libinit$$0000000D  c_w.l(libinit2.o)
    0x0800025c   0x00000000   Code   RO         8207    .ARM.Collect$$libinit$$0000000E  c_w.l(libinit2.o)
    0x0800025c   0x00000000   Code   RO         8210    .ARM.Collect$$libinit$$00000011  c_w.l(libinit2.o)
    0x0800025c   0x00000000   Code   RO         8212    .ARM.Collect$$libinit$$00000013  c_w.l(libinit2.o)
    0x0800025c   0x00000000   Code   RO         8214    .ARM.Collect$$libinit$$00000015  c_w.l(libinit2.o)
    0x0800025c   0x00000000   Code   RO         8216    .ARM.Collect$$libinit$$00000017  c_w.l(libinit2.o)
    0x0800025c   0x00000000   Code   RO         8218    .ARM.Collect$$libinit$$00000019  c_w.l(libinit2.o)
    0x0800025c   0x00000000   Code   RO         8220    .ARM.Collect$$libinit$$0000001B  c_w.l(libinit2.o)
    0x0800025c   0x00000000   Code   RO         8222    .ARM.Collect$$libinit$$0000001D  c_w.l(libinit2.o)
    0x0800025c   0x00000000   Code   RO         8224    .ARM.Collect$$libinit$$0000001F  c_w.l(libinit2.o)
    0x0800025c   0x00000000   Code   RO         8226    .ARM.Collect$$libinit$$00000021  c_w.l(libinit2.o)
    0x0800025c   0x00000000   Code   RO         8228    .ARM.Collect$$libinit$$00000023  c_w.l(libinit2.o)
    0x0800025c   0x00000000   Code   RO         8230    .ARM.Collect$$libinit$$00000025  c_w.l(libinit2.o)
    0x0800025c   0x00000000   Code   RO         8234    .ARM.Collect$$libinit$$0000002C  c_w.l(libinit2.o)
    0x0800025c   0x00000000   Code   RO         8236    .ARM.Collect$$libinit$$0000002E  c_w.l(libinit2.o)
    0x0800025c   0x00000000   Code   RO         8238    .ARM.Collect$$libinit$$00000030  c_w.l(libinit2.o)
    0x0800025c   0x00000000   Code   RO         8240    .ARM.Collect$$libinit$$00000032  c_w.l(libinit2.o)
    0x0800025c   0x00000002   Code   RO         8241    .ARM.Collect$$libinit$$00000033  c_w.l(libinit2.o)
    0x0800025e   0x00000002   Code   RO         8380    .ARM.Collect$$libshutdown$$00000000  c_w.l(libshutdown.o)
    0x08000260   0x00000000   Code   RO         8397    .ARM.Collect$$libshutdown$$00000003  c_w.l(libshutdown2.o)
    0x08000260   0x00000000   Code   RO         8400    .ARM.Collect$$libshutdown$$00000006  c_w.l(libshutdown2.o)
    0x08000260   0x00000000   Code   RO         8403    .ARM.Collect$$libshutdown$$00000009  c_w.l(libshutdown2.o)
    0x08000260   0x00000000   Code   RO         8405    .ARM.Collect$$libshutdown$$0000000B  c_w.l(libshutdown2.o)
    0x08000260   0x00000000   Code   RO         8408    .ARM.Collect$$libshutdown$$0000000E  c_w.l(libshutdown2.o)
    0x08000260   0x00000002   Code   RO         8409    .ARM.Collect$$libshutdown$$0000000F  c_w.l(libshutdown2.o)
    0x08000262   0x00000000   Code   RO         8177    .ARM.Collect$$rtentry$$00000000  c_w.l(__rtentry.o)
    0x08000262   0x00000000   Code   RO         8254    .ARM.Collect$$rtentry$$00000002  c_w.l(__rtentry2.o)
    0x08000262   0x00000006   Code   RO         8266    .ARM.Collect$$rtentry$$00000004  c_w.l(__rtentry4.o)
    0x08000268   0x00000000   Code   RO         8256    .ARM.Collect$$rtentry$$00000009  c_w.l(__rtentry2.o)
    0x08000268   0x00000004   Code   RO         8257    .ARM.Collect$$rtentry$$0000000A  c_w.l(__rtentry2.o)
    0x0800026c   0x00000000   Code   RO         8259    .ARM.Collect$$rtentry$$0000000C  c_w.l(__rtentry2.o)
    0x0800026c   0x00000008   Code   RO         8260    .ARM.Collect$$rtentry$$0000000D  c_w.l(__rtentry2.o)
    0x08000274   0x00000002   Code   RO         8346    .ARM.Collect$$rtexit$$00000000  c_w.l(rtexit.o)
    0x08000276   0x00000000   Code   RO         8362    .ARM.Collect$$rtexit$$00000002  c_w.l(rtexit2.o)
    0x08000276   0x00000004   Code   RO         8363    .ARM.Collect$$rtexit$$00000003  c_w.l(rtexit2.o)
    0x0800027a   0x00000006   Code   RO         8364    .ARM.Collect$$rtexit$$00000004  c_w.l(rtexit2.o)
    0x08000280   0x000000be   Code   RO         7965    .emb_text           port.o
    0x0800033e   0x00000002   PAD
    0x08000340   0x00000034   Code   RO         8116    .emb_text           c_w.l(rand.o)
    0x08000374   0x00000040   Code   RO            4    .text               startup_stm32f407xx.o
    0x080003b4   0x00000002   Code   RO         8044    .text               c_w.l(use_no_semi_2.o)
    0x080003b6   0x000000ee   Code   RO         8046    .text               c_w.l(lludivv7m.o)
    0x080004a4   0x00000018   Code   RO         8048    .text               c_w.l(__2printf.o)
    0x080004bc   0x0000002c   Code   RO         8050    .text               c_w.l(__2sprintf.o)
    0x080004e8   0x0000004e   Code   RO         8062    .text               c_w.l(_printf_pad.o)
    0x08000536   0x00000052   Code   RO         8064    .text               c_w.l(_printf_str.o)
    0x08000588   0x00000078   Code   RO         8066    .text               c_w.l(_printf_dec.o)
    0x08000600   0x00000058   Code   RO         8071    .text               c_w.l(_printf_hex_int.o)
    0x08000658   0x00000138   Code   RO         8101    .text               c_w.l(__printf_flags_wp.o)
    0x08000790   0x0000003c   Code   RO         8117    .text               c_w.l(rand.o)
    0x080007cc   0x00000024   Code   RO         8121    .text               c_w.l(strstr.o)
    0x080007f0   0x0000003e   Code   RO         8127    .text               c_w.l(strlen.o)
    0x0800082e   0x00000096   Code   RO         8129    .text               c_w.l(strncmp.o)
    0x080008c4   0x00000018   Code   RO         8131    .text               c_w.l(strcat.o)
    0x080008dc   0x0000008a   Code   RO         8133    .text               c_w.l(rt_memcpy_v6.o)
    0x08000966   0x00000064   Code   RO         8135    .text               c_w.l(rt_memcpy_w.o)
    0x080009ca   0x00000010   Code   RO         8139    .text               c_w.l(aeabi_memset.o)
    0x080009da   0x00000044   Code   RO         8141    .text               c_w.l(rt_memclr.o)
    0x08000a1e   0x0000004e   Code   RO         8143    .text               c_w.l(rt_memclr_w.o)
    0x08000a6c   0x00000006   Code   RO         8145    .text               c_w.l(heapauxi.o)
    0x08000a72   0x00000002   Code   RO         8175    .text               c_w.l(use_no_semi.o)
    0x08000a74   0x000000b2   Code   RO         8182    .text               c_w.l(_printf_intcommon.o)
    0x08000b26   0x00000002   PAD
    0x08000b28   0x00000030   Code   RO         8186    .text               c_w.l(_printf_char_common.o)
    0x08000b58   0x0000000a   Code   RO         8188    .text               c_w.l(_sputc.o)
    0x08000b62   0x0000002c   Code   RO         8192    .text               c_w.l(_printf_char.o)
    0x08000b8e   0x00000002   PAD
    0x08000b90   0x00000024   Code   RO         8194    .text               c_w.l(_printf_char_file.o)
    0x08000bb4   0x00000008   Code   RO         8306    .text               c_w.l(ferror.o)
    0x08000bbc   0x00000008   Code   RO         8321    .text               c_w.l(libspace.o)
    0x08000bc4   0x0000004a   Code   RO         8324    .text               c_w.l(sys_stackheap_outer.o)
    0x08000c0e   0x0000000c   Code   RO         8326    .text               c_w.l(exit.o)
    0x08000c1a   0x0000006e   Code   RO          809    i.ADC_DMAConvCplt   stm32f4xx_hal_adc.o
    0x08000c88   0x00000016   Code   RO          810    i.ADC_DMAError      stm32f4xx_hal_adc.o
    0x08000c9e   0x0000000a   Code   RO          811    i.ADC_DMAHalfConvCplt  stm32f4xx_hal_adc.o
    0x08000ca8   0x00000128   Code   RO          812    i.ADC_Init          stm32f4xx_hal_adc.o
    0x08000dd0   0x00000002   Code   RO          658    i.BusFault_Handler  stm32f4xx_it.o
    0x08000dd2   0x00000002   PAD
    0x08000dd4   0x0000000c   Code   RO          659    i.CAN1_RX0_IRQHandler  stm32f4xx_it.o
    0x08000de0   0x00000088   Code   RO         4646    i.CalMotorData_Task  motor.o
    0x08000e68   0x0000000c   Code   RO          660    i.DMA2_Stream0_IRQHandler  stm32f4xx_it.o
    0x08000e74   0x00000028   Code   RO         1546    i.DMA_CalcBaseAndBitshift  stm32f4xx_hal_dma.o
    0x08000e9c   0x00000054   Code   RO         1547    i.DMA_CheckFifoParam  stm32f4xx_hal_dma.o
    0x08000ef0   0x00000028   Code   RO         1548    i.DMA_SetConfig     stm32f4xx_hal_dma.o
    0x08000f18   0x00000002   Code   RO          661    i.DebugMon_Handler  stm32f4xx_it.o
    0x08000f1a   0x00000002   PAD
    0x08000f1c   0x00000138   Code   RO          509    i.ESP8266DataProcessCallback  usart.o
    0x08001054   0x00000030   Code   RO          510    i.ESP8266ReadPacket  usart.o
    0x08001084   0x00000098   Code   RO          511    i.ESP8266_GetIP     usart.o
    0x0800111c   0x000000b4   Code   RO          512    i.ESP8266_SendCommand  usart.o
    0x080011d0   0x00000060   Code   RO          513    i.ESP8266_SendRawData  usart.o
    0x08001230   0x00000060   Code   RO          515    i.ESP8266_Send_Packet  usart.o
    0x08001290   0x00000006   Code   RO          662    i.EXTI3_IRQHandler  stm32f4xx_it.o
    0x08001296   0x00000002   PAD
    0x08001298   0x00000024   Code   RO          516    i.EnableUART6IRQ    usart.o
    0x080012bc   0x00000004   Code   RO           13    i.Error_Handler     main.o
    0x080012c0   0x0000014c   Code   RO          814    i.HAL_ADC_ConfigChannel  stm32f4xx_hal_adc.o
    0x0800140c   0x00000002   Code   RO          815    i.HAL_ADC_ConvCpltCallback  stm32f4xx_hal_adc.o
    0x0800140e   0x00000002   Code   RO          816    i.HAL_ADC_ConvHalfCpltCallback  stm32f4xx_hal_adc.o
    0x08001410   0x00000002   Code   RO          818    i.HAL_ADC_ErrorCallback  stm32f4xx_hal_adc.o
    0x08001412   0x00000054   Code   RO          823    i.HAL_ADC_Init      stm32f4xx_hal_adc.o
    0x08001466   0x00000002   PAD
    0x08001468   0x00000098   Code   RO          354    i.HAL_ADC_MspInit   adc.o
    0x08001500   0x00000154   Code   RO          830    i.HAL_ADC_Start_DMA  stm32f4xx_hal_adc.o
    0x08001654   0x00000024   Code   RO         2226    i.HAL_CAN_ActivateNotification  stm32f4xx_hal_can.o
    0x08001678   0x000000bc   Code   RO         2227    i.HAL_CAN_AddTxMessage  stm32f4xx_hal_can.o
    0x08001734   0x0000010c   Code   RO         2228    i.HAL_CAN_ConfigFilter  stm32f4xx_hal_can.o
    0x08001840   0x00000002   Code   RO         2231    i.HAL_CAN_ErrorCallback  stm32f4xx_hal_can.o
    0x08001842   0x000000f4   Code   RO         2234    i.HAL_CAN_GetRxMessage  stm32f4xx_hal_can.o
    0x08001936   0x000001fc   Code   RO         2238    i.HAL_CAN_IRQHandler  stm32f4xx_hal_can.o
    0x08001b32   0x0000011a   Code   RO         2239    i.HAL_CAN_Init      stm32f4xx_hal_can.o
    0x08001c4c   0x0000007c   Code   RO          396    i.HAL_CAN_MspInit   can.o
    0x08001cc8   0x00000002   Code   RO         2246    i.HAL_CAN_RxFifo0FullCallback  stm32f4xx_hal_can.o
    0x08001cca   0x00000002   PAD
    0x08001ccc   0x0000005c   Code   RO         4459    i.HAL_CAN_RxFifo0MsgPendingCallback  driver_motorcomm.o
    0x08001d28   0x00000002   Code   RO         2248    i.HAL_CAN_RxFifo1FullCallback  stm32f4xx_hal_can.o
    0x08001d2a   0x00000002   Code   RO         2249    i.HAL_CAN_RxFifo1MsgPendingCallback  stm32f4xx_hal_can.o
    0x08001d2c   0x00000002   Code   RO         2250    i.HAL_CAN_SleepCallback  stm32f4xx_hal_can.o
    0x08001d2e   0x00000002   PAD
    0x08001d30   0x00000058   Code   RO         2251    i.HAL_CAN_Start     stm32f4xx_hal_can.o
    0x08001d88   0x00000002   Code   RO         2253    i.HAL_CAN_TxMailbox0AbortCallback  stm32f4xx_hal_can.o
    0x08001d8a   0x00000002   Code   RO         2254    i.HAL_CAN_TxMailbox0CompleteCallback  stm32f4xx_hal_can.o
    0x08001d8c   0x00000002   Code   RO         2255    i.HAL_CAN_TxMailbox1AbortCallback  stm32f4xx_hal_can.o
    0x08001d8e   0x00000002   Code   RO         2256    i.HAL_CAN_TxMailbox1CompleteCallback  stm32f4xx_hal_can.o
    0x08001d90   0x00000002   Code   RO         2257    i.HAL_CAN_TxMailbox2AbortCallback  stm32f4xx_hal_can.o
    0x08001d92   0x00000002   Code   RO         2258    i.HAL_CAN_TxMailbox2CompleteCallback  stm32f4xx_hal_can.o
    0x08001d94   0x00000002   Code   RO         2260    i.HAL_CAN_WakeUpFromRxMsgCallback  stm32f4xx_hal_can.o
    0x08001d96   0x00000092   Code   RO         1549    i.HAL_DMA_Abort     stm32f4xx_hal_dma.o
    0x08001e28   0x00000024   Code   RO         1550    i.HAL_DMA_Abort_IT  stm32f4xx_hal_dma.o
    0x08001e4c   0x000001a0   Code   RO         1554    i.HAL_DMA_IRQHandler  stm32f4xx_hal_dma.o
    0x08001fec   0x000000d4   Code   RO         1555    i.HAL_DMA_Init      stm32f4xx_hal_dma.o
    0x080020c0   0x0000006e   Code   RO         1559    i.HAL_DMA_Start_IT  stm32f4xx_hal_dma.o
    0x0800212e   0x00000002   PAD
    0x08002130   0x00000024   Code   RO         1974    i.HAL_Delay         stm32f4xx_hal.o
    0x08002154   0x0000000a   Code   RO         4544    i.HAL_GPIO_EXTI_Callback  driver_irq.o
    0x0800215e   0x00000002   PAD
    0x08002160   0x00000018   Code   RO         1441    i.HAL_GPIO_EXTI_IRQHandler  stm32f4xx_hal_gpio.o
    0x08002178   0x000001f0   Code   RO         1442    i.HAL_GPIO_Init     stm32f4xx_hal_gpio.o
    0x08002368   0x0000000a   Code   RO         1444    i.HAL_GPIO_ReadPin  stm32f4xx_hal_gpio.o
    0x08002372   0x0000000a   Code   RO         1446    i.HAL_GPIO_WritePin  stm32f4xx_hal_gpio.o
    0x0800237c   0x0000000c   Code   RO         1980    i.HAL_GetTick       stm32f4xx_hal.o
    0x08002388   0x00000188   Code   RO         2470    i.HAL_I2C_Init      stm32f4xx_hal_i2c.o
    0x08002510   0x00000130   Code   RO         2491    i.HAL_I2C_Mem_Write  stm32f4xx_hal_i2c.o
    0x08002640   0x00000068   Code   RO          468    i.HAL_I2C_MspInit   i2c.o
    0x080026a8   0x00000010   Code   RO         1986    i.HAL_IncTick       stm32f4xx_hal.o
    0x080026b8   0x00000034   Code   RO         1987    i.HAL_Init          stm32f4xx_hal.o
    0x080026ec   0x00000098   Code   RO          770    i.HAL_InitTick      stm32f4xx_hal_timebase_tim.o
    0x08002784   0x00000038   Code   RO          746    i.HAL_MspInit       stm32f4xx_hal_msp.o
    0x080027bc   0x0000001a   Code   RO         1832    i.HAL_NVIC_EnableIRQ  stm32f4xx_hal_cortex.o
    0x080027d6   0x00000002   PAD
    0x080027d8   0x00000040   Code   RO         1838    i.HAL_NVIC_SetPriority  stm32f4xx_hal_cortex.o
    0x08002818   0x00000024   Code   RO         1839    i.HAL_NVIC_SetPriorityGrouping  stm32f4xx_hal_cortex.o
    0x0800283c   0x00000134   Code   RO         1088    i.HAL_RCC_ClockConfig  stm32f4xx_hal_rcc.o
    0x08002970   0x00000040   Code   RO         1092    i.HAL_RCC_GetClockConfig  stm32f4xx_hal_rcc.o
    0x080029b0   0x00000020   Code   RO         1095    i.HAL_RCC_GetPCLK1Freq  stm32f4xx_hal_rcc.o
    0x080029d0   0x00000020   Code   RO         1096    i.HAL_RCC_GetPCLK2Freq  stm32f4xx_hal_rcc.o
    0x080029f0   0x00000060   Code   RO         1097    i.HAL_RCC_GetSysClockFreq  stm32f4xx_hal_rcc.o
    0x08002a50   0x0000036c   Code   RO         1100    i.HAL_RCC_OscConfig  stm32f4xx_hal_rcc.o
    0x08002dbc   0x00000002   Code   RO         3620    i.HAL_TIMEx_BreakCallback  stm32f4xx_hal_tim_ex.o
    0x08002dbe   0x00000002   Code   RO         3621    i.HAL_TIMEx_CommutCallback  stm32f4xx_hal_tim_ex.o
    0x08002dc0   0x0000005a   Code   RO         2916    i.HAL_TIM_Base_Init  stm32f4xx_hal_tim.o
    0x08002e1a   0x00000002   Code   RO         2918    i.HAL_TIM_Base_MspInit  stm32f4xx_hal_tim.o
    0x08002e1c   0x00000080   Code   RO         2921    i.HAL_TIM_Base_Start_IT  stm32f4xx_hal_tim.o
    0x08002e9c   0x00000002   Code   RO         2950    i.HAL_TIM_IC_CaptureCallback  stm32f4xx_hal_tim.o
    0x08002e9e   0x00000130   Code   RO         2964    i.HAL_TIM_IRQHandler  stm32f4xx_hal_tim.o
    0x08002fce   0x00000002   Code   RO         2967    i.HAL_TIM_OC_DelayElapsedCallback  stm32f4xx_hal_tim.o
    0x08002fd0   0x00000002   Code   RO         2994    i.HAL_TIM_PWM_PulseFinishedCallback  stm32f4xx_hal_tim.o
    0x08002fd2   0x00000002   PAD
    0x08002fd4   0x00000014   Code   RO           14    i.HAL_TIM_PeriodElapsedCallback  main.o
    0x08002fe8   0x00000002   Code   RO         3007    i.HAL_TIM_TriggerCallback  stm32f4xx_hal_tim.o
    0x08002fea   0x00000002   Code   RO         3899    i.HAL_UARTEx_RxEventCallback  stm32f4xx_hal_uart.o
    0x08002fec   0x00000002   Code   RO         3913    i.HAL_UART_ErrorCallback  stm32f4xx_hal_uart.o
    0x08002fee   0x00000002   PAD
    0x08002ff0   0x00000270   Code   RO         3916    i.HAL_UART_IRQHandler  stm32f4xx_hal_uart.o
    0x08003260   0x00000064   Code   RO         3917    i.HAL_UART_Init     stm32f4xx_hal_uart.o
    0x080032c4   0x000000bc   Code   RO          518    i.HAL_UART_MspInit  usart.o
    0x08003380   0x0000001c   Code   RO         3922    i.HAL_UART_Receive_IT  stm32f4xx_hal_uart.o
    0x0800339c   0x00000040   Code   RO          519    i.HAL_UART_RxCpltCallback  usart.o
    0x080033dc   0x000000a0   Code   RO         3925    i.HAL_UART_Transmit  stm32f4xx_hal_uart.o
    0x0800347c   0x00000002   Code   RO         3928    i.HAL_UART_TxCpltCallback  stm32f4xx_hal_uart.o
    0x0800347e   0x00000002   Code   RO          663    i.HardFault_Handler  stm32f4xx_it.o
    0x08003480   0x0000002e   Code   RO         2513    i.I2C_IsAcknowledgeFailed  stm32f4xx_hal_i2c.o
    0x080034ae   0x00000002   PAD
    0x080034b0   0x000000a8   Code   RO         2524    i.I2C_RequestMemoryWrite  stm32f4xx_hal_i2c.o
    0x08003558   0x00000056   Code   RO         2528    i.I2C_WaitOnBTFFlagUntilTimeout  stm32f4xx_hal_i2c.o
    0x080035ae   0x00000002   PAD
    0x080035b0   0x00000090   Code   RO         2529    i.I2C_WaitOnFlagUntilTimeout  stm32f4xx_hal_i2c.o
    0x08003640   0x000000bc   Code   RO         2530    i.I2C_WaitOnMasterAddressFlagUntilTimeout  stm32f4xx_hal_i2c.o
    0x080036fc   0x00000056   Code   RO         2532    i.I2C_WaitOnTXEFlagUntilTimeout  stm32f4xx_hal_i2c.o
    0x08003752   0x00000002   PAD
    0x08003754   0x00000064   Code   RO         4752    i.Int2String        page.o
    0x080037b8   0x00000014   Code   RO         4409    i.JoyStickInit      driver_joystick.o
    0x080037cc   0x00000038   Code   RO         4410    i.JoyStickValueCal  driver_joystick.o
    0x08003804   0x00000028   Code   RO         4411    i.JoystickButton_IRQ_Callback  driver_joystick.o
    0x0800382c   0x00000048   Code   RO         4615    i.Joystick_Task     joystick.o
    0x08003874   0x00000048   Code   RO         5981    i.MQTTDeserialize_ack  mqttdeserializepublish.o
    0x080038bc   0x0000005c   Code   RO         5894    i.MQTTDeserialize_connack  mqttconnectclient.o
    0x08003918   0x0000008a   Code   RO         5982    i.MQTTDeserialize_publish  mqttdeserializepublish.o
    0x080039a2   0x0000007c   Code   RO         6207    i.MQTTDeserialize_suback  mqttsubscribeclient.o
    0x08003a1e   0x00000026   Code   RO         6249    i.MQTTDeserialize_unsuback  mqttunsubscribeclient.o
    0x08003a44   0x00000036   Code   RO         6057    i.MQTTPacket_decode  mqttpacket.o
    0x08003a7a   0x00000002   PAD
    0x08003a7c   0x00000014   Code   RO         6058    i.MQTTPacket_decodeBuf  mqttpacket.o
    0x08003a90   0x00000028   Code   RO         6059    i.MQTTPacket_encode  mqttpacket.o
    0x08003ab8   0x00000034   Code   RO         6060    i.MQTTPacket_equals  mqttpacket.o
    0x08003aec   0x00000028   Code   RO         6061    i.MQTTPacket_len    mqttpacket.o
    0x08003b14   0x00000048   Code   RO         6165    i.MQTTSerialize_ack  mqttserializepublish.o
    0x08003b5c   0x00000118   Code   RO         5895    i.MQTTSerialize_connect  mqttconnectclient.o
    0x08003c74   0x00000076   Code   RO         5896    i.MQTTSerialize_connectLength  mqttconnectclient.o
    0x08003cea   0x00000006   Code   RO         5898    i.MQTTSerialize_pingreq  mqttconnectclient.o
    0x08003cf0   0x00000086   Code   RO         6168    i.MQTTSerialize_publish  mqttserializepublish.o
    0x08003d76   0x0000001e   Code   RO         6169    i.MQTTSerialize_publishLength  mqttserializepublish.o
    0x08003d94   0x0000008c   Code   RO         6208    i.MQTTSerialize_subscribe  mqttsubscribeclient.o
    0x08003e20   0x0000002e   Code   RO         6209    i.MQTTSerialize_subscribeLength  mqttsubscribeclient.o
    0x08003e4e   0x00000032   Code   RO         5899    i.MQTTSerialize_zero  mqttconnectclient.o
    0x08003e80   0x0000000e   Code   RO         6064    i.MQTTstrlen        mqttpacket.o
    0x08003e8e   0x00000002   PAD
    0x08003e90   0x00000078   Code   RO          355    i.MX_ADC1_Init      adc.o
    0x08003f08   0x00000044   Code   RO          397    i.MX_CAN1_Init      can.o
    0x08003f4c   0x0000002c   Code   RO          443    i.MX_DMA_Init       dma.o
    0x08003f78   0x0000019c   Code   RO          252    i.MX_FREERTOS_Init  freertos.o
    0x08004114   0x000000bc   Code   RO          228    i.MX_GPIO_Init      gpio.o
    0x080041d0   0x00000040   Code   RO          469    i.MX_I2C1_Init      i2c.o
    0x08004210   0x00000038   Code   RO          520    i.MX_USART1_UART_Init  usart.o
    0x08004248   0x00000038   Code   RO          521    i.MX_USART6_UART_Init  usart.o
    0x08004280   0x00000002   Code   RO          664    i.MemManage_Handler  stm32f4xx_it.o
    0x08004282   0x00000004   Code   RO         4460    i.MotorCommInit     driver_motorcomm.o
    0x08004286   0x00000002   PAD
    0x08004288   0x00000064   Code   RO         4698    i.MotorPIDInit      pid.o
    0x080042ec   0x0000007c   Code   RO         4647    i.MotorPid_Task     motor.o
    0x08004368   0x00000140   Code   RO         4987    i.MqttTask          mqttapp.o
    0x080044a8   0x00000038   Code   RO          398    i.MyCAN_Init        can.o
    0x080044e0   0x00000002   Code   RO          665    i.NMI_Handler       stm32f4xx_it.o
    0x080044e2   0x00000006   Code   RO         4288    i.OLED_CLS          driver_oled.o
    0x080044e8   0x0000003e   Code   RO         4289    i.OLED_DrawBMP      driver_oled.o
    0x08004526   0x00000002   PAD
    0x08004528   0x00000038   Code   RO         4290    i.OLED_Fill         driver_oled.o
    0x08004560   0x000000b4   Code   RO         4291    i.OLED_Init         driver_oled.o
    0x08004614   0x00000026   Code   RO         4294    i.OLED_SetPos       driver_oled.o
    0x0800463a   0x00000002   PAD
    0x0800463c   0x000000d8   Code   RO         4299    i.OLED_ShowStr      driver_oled.o
    0x08004714   0x00000086   Code   RO         4699    i.PID_Calc          pid.o
    0x0800479a   0x0000000e   Code   RO         4700    i.PID_Init          pid.o
    0x080047a8   0x00000080   Code   RO         4753    i.PageDown          page.o
    0x08004828   0x00000080   Code   RO         4754    i.PageIn            page.o
    0x080048a8   0x00000034   Code   RO         4755    i.PageInit          page.o
    0x080048dc   0x00000094   Code   RO         4756    i.PageOut           page.o
    0x08004970   0x00000080   Code   RO         4757    i.PageUp            page.o
    0x080049f0   0x00000044   Code   RO         4462    i.SendMessage2Motor  driver_motorcomm.o
    0x08004a34   0x00000036   Code   RO         4758    i.SlideLeft         page.o
    0x08004a6a   0x0000003a   Code   RO         4759    i.SlideRight        page.o
    0x08004aa4   0x00000008   Code   RO          253    i.StartDefaultTask  freertos.o
    0x08004aac   0x0000001a   Code   RO         7397    i.SysTick_Handler   cmsis_os2.o
    0x08004ac6   0x00000002   PAD
    0x08004ac8   0x00000094   Code   RO           15    i.SystemClock_Config  main.o
    0x08004b5c   0x00000010   Code   RO         4251    i.SystemInit        system_stm32f4xx.o
    0x08004b6c   0x0000000c   Code   RO          666    i.TIM4_IRQHandler   stm32f4xx_it.o
    0x08004b78   0x000000d8   Code   RO         3009    i.TIM_Base_SetConfig  stm32f4xx_hal_tim.o
    0x08004c50   0x00000010   Code   RO         3930    i.UART_DMAAbortOnError  stm32f4xx_hal_uart.o
    0x08004c60   0x0000004e   Code   RO         3940    i.UART_EndRxTransfer  stm32f4xx_hal_uart.o
    0x08004cae   0x000000c2   Code   RO         3942    i.UART_Receive_IT   stm32f4xx_hal_uart.o
    0x08004d70   0x0000010c   Code   RO         3943    i.UART_SetConfig    stm32f4xx_hal_uart.o
    0x08004e7c   0x00000036   Code   RO         3945    i.UART_Start_Receive_IT  stm32f4xx_hal_uart.o
    0x08004eb2   0x00000072   Code   RO         3946    i.UART_WaitOnFlagUntilTimeout  stm32f4xx_hal_uart.o
    0x08004f24   0x000003dc   Code   RO         4927    i.UIAction_Task     ui.o
    0x08005300   0x00000012   Code   RO         4929    i.UI_Init           ui.o
    0x08005312   0x00000002   PAD
    0x08005314   0x000001fc   Code   RO         4930    i.UI_Task           ui.o
    0x08005510   0x00000018   Code   RO          522    i.USART2_ClearBuf   usart.o
    0x08005528   0x00000018   Code   RO          523    i.USART2_Receive    usart.o
    0x08005540   0x00000010   Code   RO          524    i.USART2_Transmit   usart.o
    0x08005550   0x00000028   Code   RO          667    i.USART6_IRQHandler  stm32f4xx_it.o
    0x08005578   0x00000002   Code   RO          668    i.UsageFault_Handler  stm32f4xx_it.o
    0x0800557a   0x00000002   PAD
    0x0800557c   0x00000024   Code   RO         4300    i.WriteCmd          driver_oled.o
    0x080055a0   0x00000024   Code   RO         4301    i.WriteDat          driver_oled.o
    0x080055c4   0x00000020   Code   RO         1845    i.__NVIC_SetPriority  stm32f4xx_hal_cortex.o
    0x080055e4   0x0000000e   Code   RO         8099    i._is_digit         c_w.l(__printf_wp.o)
    0x080055f2   0x0000000a   Code   RO         5800    i._mqtt_list_add    mqtt_list.o
    0x080055fc   0x00000002   Code   RO          526    i._sys_exit         usart.o
    0x080055fe   0x00000002   PAD
    0x08005600   0x00000024   Code   RO         6065    i.bufchar           mqttpacket.o
    0x08005624   0x00000034   Code   RO         4701    i.cascade_loop      pid.o
    0x08005658   0x0000004c   Code   RO         4760    i.clearArrows       page.o
    0x080056a4   0x00000034   Code   RO         4761    i.clearString       page.o
    0x080056d8   0x00000002   Code   RO          254    i.configureTimerForRunTimeStats  freertos.o
    0x080056da   0x00000002   PAD
    0x080056dc   0x00000084   Code   RO         5103    i.default_msg_handler  mqttclient.o
    0x08005760   0x0000000e   Code   RO         5860    i.do_random         random.o
    0x0800576e   0x00000002   PAD
    0x08005770   0x00000018   Code   RO          528    i.fputc             usart.o
    0x08005788   0x00000010   Code   RO         4762    i.getCurrentpage    page.o
    0x08005798   0x0000000c   Code   RO         4763    i.getCurrentpageId  page.o
    0x080057a4   0x00000018   Code   RO         4648    i.getMotorAngle     motor.o
    0x080057bc   0x00000018   Code   RO         4649    i.getMotorSpeed     motor.o
    0x080057d4   0x00000014   Code   RO         4764    i.getPage           page.o
    0x080057e8   0x00000020   Code   RO         4765    i.getPagedata       page.o
    0x08005808   0x00000012   Code   RO         4571    i.getRunTimeCounterValue  driver_timer.o
    0x0800581a   0x00000036   Code   RO           16    i.main              main.o
    0x08005850   0x00000098   Code   RO         4988    i.makeMsg           mqttapp.o
    0x080058e8   0x00000016   Code   RO         5104    i.mqtt_ack_handler_destroy  mqttclient.o
    0x080058fe   0x00000002   PAD
    0x08005900   0x000000a0   Code   RO         5105    i.mqtt_ack_handler_resend  mqttclient.o
    0x080059a0   0x000000ae   Code   RO         5106    i.mqtt_ack_list_record  mqttclient.o
    0x08005a4e   0x0000005e   Code   RO         5107    i.mqtt_ack_list_scan  mqttclient.o
    0x08005aac   0x00000062   Code   RO         5108    i.mqtt_ack_list_unrecord  mqttclient.o
    0x08005b0e   0x00000002   PAD
    0x08005b10   0x00000024   Code   RO         4931    i.mqtt_barNotify    ui.o
    0x08005b34   0x000000a4   Code   RO         5109    i.mqtt_clean_session  mqttclient.o
    0x08005bd8   0x00000004   Code   RO         5110    i.mqtt_connect      mqttclient.o
    0x08005bdc   0x0000033c   Code   RO         5111    i.mqtt_connect_with_results  mqttclient.o
    0x08005f18   0x00000060   Code   RO         5112    i.mqtt_deliver_message  mqttclient.o
    0x08005f78   0x0000008e   Code   RO         5114    i.mqtt_get_msg_handler  mqttclient.o
    0x08006006   0x00000028   Code   RO         5115    i.mqtt_get_next_packet_id  mqttclient.o
    0x0800602e   0x00000002   PAD
    0x08006030   0x000000f8   Code   RO         5116    i.mqtt_init         mqttclient.o
    0x08006128   0x0000001c   Code   RO         5117    i.mqtt_is_connected  mqttclient.o
    0x08006144   0x000000c8   Code   RO         5118    i.mqtt_keep_alive   mqttclient.o
    0x0800620c   0x00000022   Code   RO         5119    i.mqtt_lease        mqttclient.o
    0x0800622e   0x0000000a   Code   RO         5802    i.mqtt_list_add_tail  mqtt_list.o
    0x08006238   0x00000008   Code   RO         5803    i.mqtt_list_del     mqtt_list.o
    0x08006240   0x0000000e   Code   RO         5804    i.mqtt_list_del_init  mqtt_list.o
    0x0800624e   0x00000006   Code   RO         5805    i.mqtt_list_init    mqtt_list.o
    0x08006254   0x0000000e   Code   RO         5806    i.mqtt_list_is_empty  mqtt_list.o
    0x08006262   0x00000028   Code   RO         5121    i.mqtt_msg_handler_create  mqttclient.o
    0x0800628a   0x00000016   Code   RO         5122    i.mqtt_msg_handler_destory  mqttclient.o
    0x080062a0   0x00000080   Code   RO         5123    i.mqtt_msg_handler_is_exist  mqttclient.o
    0x08006320   0x0000001e   Code   RO         5124    i.mqtt_new_message_data  mqttclient.o
    0x0800633e   0x000000e0   Code   RO         5125    i.mqtt_packet_handle  mqttclient.o
    0x0800641e   0x00000002   PAD
    0x08006420   0x0000018c   Code   RO         5126    i.mqtt_publish      mqttclient.o
    0x080065ac   0x00000088   Code   RO         5127    i.mqtt_publish_ack_packet  mqttclient.o
    0x08006634   0x000000e2   Code   RO         5128    i.mqtt_publish_packet_handle  mqttclient.o
    0x08006716   0x00000002   PAD
    0x08006718   0x00000134   Code   RO         5129    i.mqtt_read_packet  mqttclient.o
    0x0800684c   0x00000064   Code   RO         5131    i.mqtt_send_packet  mqttclient.o
    0x080068b0   0x0000007c   Code   RO         5133    i.mqtt_set_clean_session  mqttclient.o
    0x0800692c   0x00000074   Code   RO         5134    i.mqtt_set_client_id  mqttclient.o
    0x080069a0   0x0000001c   Code   RO         5135    i.mqtt_set_client_state  mqttclient.o
    0x080069bc   0x00000074   Code   RO         5137    i.mqtt_set_host     mqttclient.o
    0x08006a30   0x00000074   Code   RO         5140    i.mqtt_set_password  mqttclient.o
    0x08006aa4   0x00000074   Code   RO         5141    i.mqtt_set_port     mqttclient.o
    0x08006b18   0x00000074   Code   RO         5146    i.mqtt_set_user_name  mqttclient.o
    0x08006b8c   0x000000c0   Code   RO         5152    i.mqtt_suback_packet_handle  mqttclient.o
    0x08006c4c   0x000000a0   Code   RO         5153    i.mqtt_subscribe    mqttclient.o
    0x08006cec   0x00000060   Code   RO         4932    i.mqtt_switchNotify  ui.o
    0x08006d4c   0x000000ac   Code   RO         5154    i.mqtt_try_do_reconnect  mqttclient.o
    0x08006df8   0x00000134   Code   RO         5155    i.mqtt_try_resubscribe  mqttclient.o
    0x08006f2c   0x00000108   Code   RO         5157    i.mqtt_yield        mqttclient.o
    0x08007034   0x00000138   Code   RO         5158    i.mqtt_yield_thread  mqttclient.o
    0x0800716c   0x00000018   Code   RO         5470    i.nettype_tcp_connect  nettype_tcp.o
    0x08007184   0x00000014   Code   RO         5471    i.nettype_tcp_disconnect  nettype_tcp.o
    0x08007198   0x00000006   Code   RO         5472    i.nettype_tcp_read  nettype_tcp.o
    0x0800719e   0x00000006   Code   RO         5473    i.nettype_tcp_write  nettype_tcp.o
    0x080071a4   0x00000004   Code   RO         5506    i.network_connect   network.o
    0x080071a8   0x00000004   Code   RO         5507    i.network_disconnect  network.o
    0x080071ac   0x00000014   Code   RO         5508    i.network_init      network.o
    0x080071c0   0x00000004   Code   RO         5509    i.network_read      network.o
    0x080071c4   0x00000004   Code   RO         5514    i.network_write     network.o
    0x080071c8   0x00000024   Code   RO         7413    i.osKernelInitialize  cmsis_os2.o
    0x080071ec   0x00000038   Code   RO         7416    i.osKernelStart     cmsis_os2.o
    0x08007224   0x00000088   Code   RO         7458    i.osThreadNew       cmsis_os2.o
    0x080072ac   0x00000040   Code   RO         5569    i.platform_memory_alloc  platform_memory.o
    0x080072ec   0x00000004   Code   RO         5571    i.platform_memory_free  platform_memory.o
    0x080072f0   0x00000010   Code   RO         5616    i.platform_mutex_init  platform_mutex.o
    0x08007300   0x0000000a   Code   RO         5617    i.platform_mutex_lock  platform_mutex.o
    0x0800730a   0x0000000c   Code   RO         5619    i.platform_mutex_unlock  platform_mutex.o
    0x08007316   0x00000002   PAD
    0x08007318   0x00000024   Code   RO         5657    i.platform_net_socket_close  platform_net_socket.o
    0x0800733c   0x000000fc   Code   RO         5658    i.platform_net_socket_connect  platform_net_socket.o
    0x08007438   0x00000032   Code   RO         5660    i.platform_net_socket_recv_timeout  platform_net_socket.o
    0x0800746a   0x00000002   PAD
    0x0800746c   0x00000070   Code   RO         5662    i.platform_net_socket_write_timeout  platform_net_socket.o
    0x080074dc   0x00000016   Code   RO         5714    i.platform_thread_destroy  platform_thread.o
    0x080074f2   0x00000038   Code   RO         5715    i.platform_thread_init  platform_thread.o
    0x0800752a   0x00000006   Code   RO         5716    i.platform_thread_start  platform_thread.o
    0x08007530   0x00000002   Code   RO         5717    i.platform_thread_startup  platform_thread.o
    0x08007532   0x00000006   Code   RO         5718    i.platform_thread_stop  platform_thread.o
    0x08007538   0x00000010   Code   RO         5753    i.platform_timer_cutdown  platform_timer.o
    0x08007548   0x00000006   Code   RO         5754    i.platform_timer_init  platform_timer.o
    0x0800754e   0x00000016   Code   RO         5755    i.platform_timer_is_expired  platform_timer.o
    0x08007564   0x00000004   Code   RO         5756    i.platform_timer_now  platform_timer.o
    0x08007568   0x00000016   Code   RO         5757    i.platform_timer_remain  platform_timer.o
    0x0800757e   0x00000016   Code   RO         5759    i.platform_uptime_ms  platform_timer.o
    0x08007594   0x0000005c   Code   RO         6844    i.prvAddCurrentTaskToDelayedList  tasks.o
    0x080075f0   0x000000d0   Code   RO         6845    i.prvAddNewTaskToReadyList  tasks.o
    0x080076c0   0x00000058   Code   RO         7226    i.prvCheckForValidListAndQueue  timers.o
    0x08007718   0x00000026   Code   RO         6447    i.prvCopyDataFromQueue  queue.o
    0x0800773e   0x0000006c   Code   RO         6448    i.prvCopyDataToQueue  queue.o
    0x080077aa   0x00000034   Code   RO         6846    i.prvDeleteTCB      tasks.o
    0x080077de   0x00000002   PAD
    0x080077e0   0x00000048   Code   RO         7910    i.prvHeapInit       heap_4.o
    0x08007828   0x00000064   Code   RO         6847    i.prvIdleTask       tasks.o
    0x0800788c   0x00000016   Code   RO         6449    i.prvInitialiseMutex  queue.o
    0x080078a2   0x00000002   PAD
    0x080078a4   0x00000022   Code   RO         6450    i.prvInitialiseNewQueue  queue.o
    0x080078c6   0x00000002   PAD
    0x080078c8   0x000000b2   Code   RO         6848    i.prvInitialiseNewTask  tasks.o
    0x0800797a   0x00000002   PAD
    0x0800797c   0x0000004c   Code   RO         7911    i.prvInsertBlockIntoFreeList  heap_4.o
    0x080079c8   0x00000038   Code   RO         7228    i.prvInsertTimerInActiveList  timers.o
    0x08007a00   0x0000001c   Code   RO         6451    i.prvIsQueueEmpty   queue.o
    0x08007a1c   0x000000fc   Code   RO         7229    i.prvProcessReceivedCommands  timers.o
    0x08007b18   0x000000c0   Code   RO         7230    i.prvProcessTimerOrBlockTask  timers.o
    0x08007bd8   0x00000020   Code   RO         6850    i.prvResetNextTaskUnblockTime  tasks.o
    0x08007bf8   0x00000028   Code   RO         7231    i.prvSampleTimeNow  timers.o
    0x08007c20   0x0000006c   Code   RO         7232    i.prvSwitchTimerLists  timers.o
    0x08007c8c   0x00000028   Code   RO         7966    i.prvTaskExitError  port.o
    0x08007cb4   0x00000034   Code   RO         6852    i.prvTaskIsTaskSuspended  tasks.o
    0x08007ce8   0x00000014   Code   RO         6300    i.prvTestWaitCondition  event_groups.o
    0x08007cfc   0x00000024   Code   RO         7233    i.prvTimerTask      timers.o
    0x08007d20   0x0000006a   Code   RO         6452    i.prvUnlockQueue    queue.o
    0x08007d8a   0x00000002   PAD
    0x08007d8c   0x000000dc   Code   RO         7912    i.pvPortMalloc      heap_4.o
    0x08007e68   0x00000018   Code   RO         6854    i.pvTaskIncrementMutexHeldCount  tasks.o
    0x08007e80   0x0000002c   Code   RO         7967    i.pxPortInitialiseStack  port.o
    0x08007eac   0x00000030   Code   RO         5861    i.random_number     random.o
    0x08007edc   0x000000b8   Code   RO         5863    i.random_string     random.o
    0x08007f94   0x0000000c   Code   RO         6067    i.readChar          mqttpacket.o
    0x08007fa0   0x00000012   Code   RO         6068    i.readInt           mqttpacket.o
    0x08007fb2   0x00000034   Code   RO         6069    i.readMQTTLenString  mqttpacket.o
    0x08007fe6   0x00000002   PAD
    0x08007fe8   0x00000030   Code   RO         4766    i.setCurrentPagedata  page.o
    0x08008018   0x00000018   Code   RO         4767    i.setCurrentpage    page.o
    0x08008030   0x00000020   Code   RO         4702    i.setIntens         pid.o
    0x08008050   0x00000028   Code   RO         4768    i.setPagedata       page.o
    0x08008078   0x00000014   Code   RO         4769    i.setScreenBri      page.o
    0x0800808c   0x00000018   Code   RO         4770    i.showBackArrow     page.o
    0x080080a4   0x00000070   Code   RO         4771    i.showBottomData    page.o
    0x08008114   0x000000c4   Code   RO         4772    i.showPage          page.o
    0x080081d8   0x00000090   Code   RO         4773    i.showString        page.o
    0x08008268   0x00000088   Code   RO         4774    i.showbar           page.o
    0x080082f0   0x000000a0   Code   RO         4775    i.sonPageSwitch     page.o
    0x08008390   0x00000044   Code   RO         4573    i.system_get_ns     driver_timer.o
    0x080083d4   0x00000026   Code   RO         6410    i.uxListRemove      list.o
    0x080083fa   0x00000002   PAD
    0x080083fc   0x00000018   Code   RO         6863    i.uxTaskResetEventItemValue  tasks.o
    0x08008414   0x00000014   Code   RO         7470    i.vApplicationGetIdleTaskMemory  cmsis_os2.o
    0x08008428   0x00000018   Code   RO         7471    i.vApplicationGetTimerTaskMemory  cmsis_os2.o
    0x08008440   0x00000002   Code   RO          256    i.vApplicationIdleHook  freertos.o
    0x08008442   0x00000004   Code   RO         6304    i.vEventGroupSetBitsCallback  event_groups.o
    0x08008446   0x00000016   Code   RO         6411    i.vListInitialise   list.o
    0x0800845c   0x00000006   Code   RO         6412    i.vListInitialiseItem  list.o
    0x08008462   0x00000030   Code   RO         6413    i.vListInsert       list.o
    0x08008492   0x00000018   Code   RO         6414    i.vListInsertEnd    list.o
    0x080084aa   0x00000002   PAD
    0x080084ac   0x00000040   Code   RO         7969    i.vPortEnterCritical  port.o
    0x080084ec   0x00000028   Code   RO         7970    i.vPortExitCritical  port.o
    0x08008514   0x00000064   Code   RO         7913    i.vPortFree         heap_4.o
    0x08008578   0x00000024   Code   RO         7971    i.vPortSetupTimerInterrupt  port.o
    0x0800859c   0x00000054   Code   RO         7972    i.vPortValidateInterruptPriority  port.o
    0x080085f0   0x00000028   Code   RO         6458    i.vQueueAddToRegistry  queue.o
    0x08008618   0x00000044   Code   RO         6462    i.vQueueWaitForMessageRestricted  queue.o
    0x0800865c   0x0000004c   Code   RO         6864    i.vTaskDelay        tasks.o
    0x080086a8   0x00000090   Code   RO         6866    i.vTaskDelete       tasks.o
    0x08008738   0x00000010   Code   RO         6870    i.vTaskInternalSetTimeOutState  tasks.o
    0x08008748   0x0000000c   Code   RO         6872    i.vTaskMissedYield  tasks.o
    0x08008754   0x00000030   Code   RO         6874    i.vTaskPlaceOnEventList  tasks.o
    0x08008784   0x00000038   Code   RO         6875    i.vTaskPlaceOnEventListRestricted  tasks.o
    0x080087bc   0x00000050   Code   RO         6876    i.vTaskPlaceOnUnorderedEventList  tasks.o
    0x0800880c   0x00000090   Code   RO         6877    i.vTaskPriorityDisinheritAfterTimeout  tasks.o
    0x0800889c   0x00000070   Code   RO         6879    i.vTaskRemoveFromUnorderedEventList  tasks.o
    0x0800890c   0x0000007c   Code   RO         6880    i.vTaskResume       tasks.o
    0x08008988   0x0000008c   Code   RO         6883    i.vTaskStartScheduler  tasks.o
    0x08008a14   0x0000009c   Code   RO         6884    i.vTaskSuspend      tasks.o
    0x08008ab0   0x00000010   Code   RO         6885    i.vTaskSuspendAll   tasks.o
    0x08008ac0   0x0000007c   Code   RO         6886    i.vTaskSwitchContext  tasks.o
    0x08008b3c   0x00000028   Code   RO         6070    i.writeCString      mqttpacket.o
    0x08008b64   0x0000000c   Code   RO         6071    i.writeChar         mqttpacket.o
    0x08008b70   0x0000001e   Code   RO         6072    i.writeInt          mqttpacket.o
    0x08008b8e   0x00000036   Code   RO         6073    i.writeMQTTString   mqttpacket.o
    0x08008bc4   0x00000040   Code   RO         6306    i.xEventGroupClearBits  event_groups.o
    0x08008c04   0x0000001c   Code   RO         6308    i.xEventGroupCreate  event_groups.o
    0x08008c20   0x0000008c   Code   RO         6311    i.xEventGroupSetBits  event_groups.o
    0x08008cac   0x00000010   Code   RO         6312    i.xEventGroupSetBitsFromISR  event_groups.o
    0x08008cbc   0x00000108   Code   RO         6314    i.xEventGroupWaitBits  event_groups.o
    0x08008dc4   0x000000f4   Code   RO         7973    i.xPortStartScheduler  port.o
    0x08008eb8   0x0000002c   Code   RO         7974    i.xPortSysTickHandler  port.o
    0x08008ee4   0x00000016   Code   RO         6465    i.xQueueCreateMutex  queue.o
    0x08008efa   0x00000042   Code   RO         6467    i.xQueueGenericCreate  queue.o
    0x08008f3c   0x00000066   Code   RO         6468    i.xQueueGenericCreateStatic  queue.o
    0x08008fa2   0x00000002   PAD
    0x08008fa4   0x00000088   Code   RO         6469    i.xQueueGenericReset  queue.o
    0x0800902c   0x00000160   Code   RO         6470    i.xQueueGenericSend  queue.o
    0x0800918c   0x000000be   Code   RO         6471    i.xQueueGenericSendFromISR  queue.o
    0x0800924a   0x00000002   PAD
    0x0800924c   0x00000134   Code   RO         6478    i.xQueuePeek        queue.o
    0x08009380   0x00000138   Code   RO         6480    i.xQueueReceive     queue.o
    0x080094b8   0x00000178   Code   RO         6482    i.xQueueSemaphoreTake  queue.o
    0x08009630   0x00000074   Code   RO         6888    i.xTaskCheckForTimeOut  tasks.o
    0x080096a4   0x0000005a   Code   RO         6889    i.xTaskCreate       tasks.o
    0x080096fe   0x00000056   Code   RO         6890    i.xTaskCreateStatic  tasks.o
    0x08009754   0x0000001c   Code   RO         6894    i.xTaskGetSchedulerState  tasks.o
    0x08009770   0x0000000c   Code   RO         6895    i.xTaskGetTickCount  tasks.o
    0x0800977c   0x000000c8   Code   RO         6897    i.xTaskIncrementTick  tasks.o
    0x08009844   0x00000080   Code   RO         6900    i.xTaskPriorityDisinherit  tasks.o
    0x080098c4   0x00000078   Code   RO         6901    i.xTaskPriorityInherit  tasks.o
    0x0800993c   0x00000070   Code   RO         6902    i.xTaskRemoveFromEventList  tasks.o
    0x080099ac   0x000000c4   Code   RO         6903    i.xTaskResumeAll    tasks.o
    0x08009a70   0x00000060   Code   RO         7242    i.xTimerCreateTimerTask  timers.o
    0x08009ad0   0x00000068   Code   RO         7243    i.xTimerGenericCommand  timers.o
    0x08009b38   0x00000028   Code   RO         7249    i.xTimerPendFunctionCallFromISR  timers.o
    0x08009b60   0x00000062   Code   RO         8149    x$fpl$d2f           fz_wm.l(d2f.o)
    0x08009bc2   0x00000002   PAD
    0x08009bc4   0x00000150   Code   RO         8151    x$fpl$dadd          fz_wm.l(daddsub_clz.o)
    0x08009d14   0x00000018   Code   RO         8242    x$fpl$dcmpinf       fz_wm.l(dcmpi.o)
    0x08009d2c   0x000002b0   Code   RO         8158    x$fpl$ddiv          fz_wm.l(ddiv.o)
    0x08009fdc   0x0000005a   Code   RO         8161    x$fpl$dfixu         fz_wm.l(dfixu.o)
    0x0800a036   0x00000002   PAD
    0x0800a038   0x00000078   Code   RO         8165    x$fpl$dleqf         fz_wm.l(dleqf.o)
    0x0800a0b0   0x00000154   Code   RO         8167    x$fpl$dmul          fz_wm.l(dmul.o)
    0x0800a204   0x0000009c   Code   RO         8244    x$fpl$dnaninf       fz_wm.l(dnaninf.o)
    0x0800a2a0   0x0000000c   Code   RO         8246    x$fpl$dretinf       fz_wm.l(dretinf.o)
    0x0800a2ac   0x0000006c   Code   RO         8169    x$fpl$drleqf        fz_wm.l(drleqf.o)
    0x0800a318   0x00000016   Code   RO         8152    x$fpl$drsb          fz_wm.l(daddsub_clz.o)
    0x0800a32e   0x00000002   PAD
    0x0800a330   0x000001d4   Code   RO         8153    x$fpl$dsub          fz_wm.l(daddsub_clz.o)
    0x0800a504   0x00000056   Code   RO         8171    x$fpl$f2d           fz_wm.l(f2d.o)
    0x0800a55a   0x0000008c   Code   RO         8248    x$fpl$fnaninf       fz_wm.l(fnaninf.o)
    0x0800a5e6   0x0000000a   Code   RO         8315    x$fpl$fpinit        fz_wm.l(fpinit.o)
    0x0800a5f0   0x0000000a   Code   RO         8250    x$fpl$fretinf       fz_wm.l(fretinf.o)
    0x0800a5fa   0x00000000   Code   RO         8252    x$fpl$usenofp       fz_wm.l(usenofp.o)
    0x0800a5fa   0x00000002   PAD
    0x0800a5fc   0x00000024   Data   RO          257    .constdata          freertos.o
    0x0800a620   0x00000008   Data   RO         1561    .constdata          stm32f4xx_hal_dma.o
    0x0800a628   0x00000010   Data   RO         4252    .constdata          system_stm32f4xx.o
    0x0800a638   0x00000008   Data   RO         4253    .constdata          system_stm32f4xx.o
    0x0800a640   0x00000938   Data   RO         4304    .constdata          driver_oled.o
    0x0800af78   0x00000120   Data   RO         4776    .constdata          page.o
    0x0800b098   0x00000120   Data   RO         4777    .constdata          page.o
    0x0800b1b8   0x00000120   Data   RO         4778    .constdata          page.o
    0x0800b2d8   0x00000110   Data   RO         4779    .constdata          page.o
    0x0800b3e8   0x00000120   Data   RO         4780    .constdata          page.o
    0x0800b508   0x00000120   Data   RO         4781    .constdata          page.o
    0x0800b628   0x00000120   Data   RO         4782    .constdata          page.o
    0x0800b748   0x00000120   Data   RO         4783    .constdata          page.o
    0x0800b868   0x00000120   Data   RO         4784    .constdata          page.o
    0x0800b988   0x00000120   Data   RO         4785    .constdata          page.o
    0x0800baa8   0x0000005b   Data   RO         4786    .constdata          page.o
    0x0800bb03   0x00000001   PAD
    0x0800bb04   0x000002e4   Data   RO         5159    .constdata          mqttclient.o
    0x0800bde8   0x00000028   Data   RO         8072    .constdata          c_w.l(_printf_hex_int.o)
    0x0800be10   0x00000011   Data   RO         8102    .constdata          c_w.l(__printf_flags_wp.o)
    0x0800be21   0x00000003   PAD
    0x0800be24   0x0000000c   Data   RO          258    .conststring        freertos.o
    0x0800be30   0x00000055   Data   RO         4787    .conststring        page.o
    0x0800be85   0x00000003   PAD
    0x0800be88   0x00000046   Data   RO         5160    .conststring        mqttclient.o
    0x0800bece   0x00000002   PAD
    0x0800bed0   0x00000020   Data   RO         8410    Region$$Table       anon$$obj.o


    Execution Region RW_IRAM1 (Base: 0x20000000, Size: 0x000081e0, Max: 0x0001c000, ABSOLUTE, COMPRESSED[0x0000007c])

    Base Addr    Size         Type   Attr      Idx    E Section Name        Object

    0x20000000   0x00000030   Data   RW          259    .data               freertos.o
    0x20000030   0x00000018   Data   RW          530    .data               usart.o
    0x20000048   0x00000004   Data   RW          531    .data               usart.o
    0x2000004c   0x0000000c   Data   RW         1994    .data               stm32f4xx_hal.o
    0x20000058   0x00000004   Data   RW         4254    .data               system_stm32f4xx.o
    0x2000005c   0x00000118   Data   RW         4788    .data               page.o
    0x20000174   0x00000001   Data   RW         4933    .data               ui.o
    0x20000175   0x00000003   PAD
    0x20000178   0x00000004   Data   RW         4989    .data               mqttapp.o
    0x2000017c   0x00000004   Data   RW         5161    .data               mqttclient.o
    0x20000180   0x00000004   Data   RW         5864    .data               random.o
    0x20000184   0x00000004   Data   RW         6074    .data               mqttpacket.o
    0x20000188   0x00000044   Data   RW         6906    .data               tasks.o
    0x200001cc   0x00000014   Data   RW         7251    .data               timers.o
    0x200001e0   0x00000004   Data   RW         7474    .data               cmsis_os2.o
    0x200001e4   0x00000020   Data   RW         7919    .data               heap_4.o
    0x20000204   0x0000000c   Data   RW         7975    .data               port.o
    0x20000210   0x000000a8   Zero   RW          356    .bss                adc.o
    0x200002b8   0x00000028   Zero   RW          399    .bss                can.o
    0x200002e0   0x00000054   Zero   RW          470    .bss                i2c.o
    0x20000334   0x00000558   Zero   RW          529    .bss                usart.o
    0x2000088c   0x00000048   Zero   RW          773    .bss                stm32f4xx_hal_timebase_tim.o
    0x200008d4   0x00000190   Zero   RW         4413    .bss                driver_joystick.o
    0x20000a64   0x00000048   Zero   RW         4704    .bss                pid.o
    0x20000aac   0x00000040   Zero   RW         6484    .bss                queue.o
    0x20000aec   0x000004c4   Zero   RW         6905    .bss                tasks.o
    0x20000fb0   0x00000118   Zero   RW         7250    .bss                timers.o
    0x200010c8   0x000006c0   Zero   RW         7473    .bss                cmsis_os2.o
    0x20001788   0x00006310   Zero   RW         7918    .bss                heap_4.o
    0x20007a98   0x000000e4   Zero   RW         8118    .bss                c_w.l(rand.o)
    0x20007b7c   0x00000060   Zero   RW         8322    .bss                c_w.l(libspace.o)
    0x20007bdc   0x00000004   PAD
    0x20007be0   0x00000200   Zero   RW            2    HEAP                startup_stm32f407xx.o
    0x20007de0   0x00000400   Zero   RW            1    STACK               startup_stm32f407xx.o


    Execution Region RW_IRAM2 (Base: 0x2001c000, Size: 0x00000000, Max: 0x00004000, ABSOLUTE)

    **** No section assigned to this execution region ****


==============================================================================

Image component sizes


      Code (inc. data)   RO Data    RW Data    ZI Data      Debug   Object Name

       272         34          0          0        168       1947   adc.o
       248         28          0          0         40       2418   can.o
       298         22          0          4       1728      57669   cmsis_os2.o
        44          4          0          0          0        866   dma.o
        10          0          0          0          0        573   driver_irq.o
       116         22          0          0        400       3282   driver_joystick.o
       164         18          0          0          0       2680   driver_motorcomm.o
       630         20       2360          0          0       6437   driver_oled.o
        86         10          0          0          0       1781   driver_timer.o
       536          8          0          0          0      24947   event_groups.o
         0          0          0          0          0        384   fifo.o
       424        154         48         48          0       8629   freertos.o
       188         12          0          0          0       1079   gpio.o
       468         22          0         32      25360       4895   heap_4.o
       168         26          0          0         84       1821   i2c.o
        72          6          0          0          0        632   joystick.o
       138          0          0          0          0       3630   list.o
       226         16          0          0          0     743764   main.o
       308         46          0          0          0       3814   motor.o
        62          0          0          0          0       5316   mqtt_list.o
       472        172          0          4          0      16820   mqttapp.o
      6214       1840        810          4          0      44558   mqttclient.o
       546         18          0          0          0       7017   mqttconnectclient.o
       210          0          0          0          0       2280   mqttdeserializepublish.o
       474         22          0          4          0       9848   mqttpacket.o
       236          0          0          0          0       3006   mqttserializepublish.o
       310          0          0          0          0       3103   mqttsubscribeclient.o
        38          0          0          0          0        743   mqttunsubscribeclient.o
        56          0          0          0          0       2862   nettype_tcp.o
        36          0          0          0          0       3445   network.o
      1908        110       3040        280          0      19028   page.o
       332         36          0          0         72       3490   pid.o
        68         34          0          0          0       3755   platform_memory.o
        38          0          0          0          0       2724   platform_mutex.o
       450        182          0          0          0       3613   platform_net_socket.o
        92          0          0          0          0       4146   platform_thread.o
        92          0          0          0          0       4356   platform_timer.o
       786         82          0         12          0      11973   port.o
      2308         30          0          0         64      21685   queue.o
       246         10          0          4          0       2760   random.o
        64         26        392          0       1536        888   startup_stm32f407xx.o
       116         18          0         12          0       8998   stm32f4xx_hal.o
      1200         66          0          0          0       7493   stm32f4xx_hal_adc.o
      1638          6          0          0          0      14295   stm32f4xx_hal_can.o
       158         14          0          0          0      32918   stm32f4xx_hal_cortex.o
      1084         16          8          0          0       6954   stm32f4xx_hal_dma.o
       540         52          0          0          0       3454   stm32f4xx_hal_gpio.o
      1414         32          0          0          0       8883   stm32f4xx_hal_i2c.o
        56          4          0          0          0        958   stm32f4xx_hal_msp.o
      1408         82          0          0          0       5945   stm32f4xx_hal_rcc.o
       748         74          0          0          0       7764   stm32f4xx_hal_tim.o
         4          0          0          0          0       1765   stm32f4xx_hal_tim_ex.o
       152         20          0          0         72       1567   stm32f4xx_hal_timebase_tim.o
      1642         16          0          0          0      10960   stm32f4xx_hal_uart.o
        94         26          0          0          0       5718   stm32f4xx_it.o
        16          4         24          4          0       1259   system_stm32f4xx.o
      3098        254          0         68       1220      35113   tasks.o
      1012         86          0         20        280      30363   timers.o
      1646        208          0          1          0       4726   ui.o
      1374        246          0         28       1368      13046   usart.o

    ----------------------------------------------------------------------
     36920       4234       6720        528      32392    1250843   Object Totals
         0          0         32          0          0          0   (incl. Generated)
        86          0          6          3          0          0   (incl. Padding)

    ----------------------------------------------------------------------

      Code (inc. data)   RO Data    RW Data    ZI Data      Debug   Library Member Name

        24          4          0          0          0         84   __2printf.o
        44          6          0          0          0         84   __2sprintf.o
        90          0          0          0          0          0   __dczerorl2.o
         8          0          0          0          0         68   __main.o
       312          4         17          0          0         92   __printf_flags_wp.o
        14          0          0          0          0         68   __printf_wp.o
         0          0          0          0          0          0   __rtentry.o
        12          0          0          0          0          0   __rtentry2.o
         6          0          0          0          0          0   __rtentry4.o
        52          8          0          0          0          0   __scatter.o
        28          0          0          0          0          0   __scatter_zi.o
        44          0          0          0          0        108   _printf_char.o
        48          6          0          0          0         96   _printf_char_common.o
        36          4          0          0          0         80   _printf_char_file.o
         6          0          0          0          0          0   _printf_d.o
       120         16          0          0          0         92   _printf_dec.o
        88          4         40          0          0         88   _printf_hex_int.o
       178          0          0          0          0         88   _printf_intcommon.o
        78          0          0          0          0        108   _printf_pad.o
         0          0          0          0          0          0   _printf_percent.o
         4          0          0          0          0          0   _printf_percent_end.o
         6          0          0          0          0          0   _printf_s.o
        82          0          0          0          0         80   _printf_str.o
         6          0          0          0          0          0   _printf_x.o
        10          0          0          0          0         68   _sputc.o
        16          0          0          0          0         68   aeabi_memset.o
        12          0          0          0          0         72   exit.o
         8          0          0          0          0         68   ferror.o
         6          0          0          0          0        152   heapauxi.o
         2          0          0          0          0          0   libinit.o
        10          0          0          0          0          0   libinit2.o
         2          0          0          0          0          0   libshutdown.o
         2          0          0          0          0          0   libshutdown2.o
         8          4          0          0         96         68   libspace.o
       238          0          0          0          0        100   lludivv7m.o
       112         18          0          0        228        160   rand.o
        68          0          0          0          0         68   rt_memclr.o
        78          0          0          0          0         80   rt_memclr_w.o
       138          0          0          0          0         68   rt_memcpy_v6.o
       100          0          0          0          0         80   rt_memcpy_w.o
         2          0          0          0          0          0   rtexit.o
        10          0          0          0          0          0   rtexit2.o
        24          0          0          0          0         68   strcat.o
        62          0          0          0          0         76   strlen.o
       150          0          0          0          0         80   strncmp.o
        36          0          0          0          0         80   strstr.o
        74          0          0          0          0         80   sys_stackheap_outer.o
         2          0          0          0          0         68   use_no_semi.o
         2          0          0          0          0         68   use_no_semi_2.o
        98          4          0          0          0        140   d2f.o
       826         16          0          0          0        492   daddsub_clz.o
        24          0          0          0          0        116   dcmpi.o
       688        140          0          0          0        256   ddiv.o
        90          4          0          0          0        140   dfixu.o
       120          4          0          0          0        140   dleqf.o
       340         12          0          0          0        152   dmul.o
       156          4          0          0          0        140   dnaninf.o
        12          0          0          0          0        116   dretinf.o
       108          0          0          0          0        128   drleqf.o
        86          4          0          0          0        132   f2d.o
       140          4          0          0          0        132   fnaninf.o
        10          0          0          0          0        116   fpinit.o
        10          0          0          0          0        116   fretinf.o
         0          0          0          0          0          0   usenofp.o

    ----------------------------------------------------------------------
      5180        266         60          0        328       5024   Library Totals
        14          0          3          0          4          0   (incl. Padding)

    ----------------------------------------------------------------------

      Code (inc. data)   RO Data    RW Data    ZI Data      Debug   Library Name

      2458         74         57          0        324       2708   c_w.l
      2708        192          0          0          0       2316   fz_wm.l

    ----------------------------------------------------------------------
      5180        266         60          0        328       5024   Library Totals

    ----------------------------------------------------------------------

==============================================================================


      Code (inc. data)   RO Data    RW Data    ZI Data      Debug   

     42100       4500       6780        528      32720    1214859   Grand Totals
     42100       4500       6780        124      32720    1214859   ELF Image Totals (compressed)
     42100       4500       6780        124          0          0   ROM Totals

==============================================================================

    Total RO  Size (Code + RO Data)                48880 (  47.73kB)
    Total RW  Size (RW Data + ZI Data)             33248 (  32.47kB)
    Total ROM Size (Code + RO Data + RW Data)      49004 (  47.86kB)

==============================================================================

