<html>
<body>
<pre>
<h1>礦ision Build Log</h1>
<h2>Tool Versions:</h2>
IDE-Version: μVision V5.14.0.0
Copyright (C) 2015 ARM Ltd and ARM Germany GmbH. All rights reserved.
License Information: NI Ervin, Ni, LIC=14HV2-9XZVI-SBPEJ-UFA04-XHREG-II879
 
Tool Versions:
Toolchain:       MDK-ARM Standard  Version: 5.14.0.0
Toolchain Path:  D:\MDK5\ARM\ARMCC\Bin
C Compiler:      Armcc.exe V5.05 update 1 (build 106)
Assembler:       Armasm.exe V5.05 update 1 (build 106)
Linker/Locator:  ArmLink.exe V5.05 update 1 (build 106)
Library Manager: ArmAr.exe V5.05 update 1 (build 106)
Hex Converter:   FromElf.exe V5.05 update 1 (build 106)
CPU DLL:         SARMCM3.DLL V5.14.0.0
Dialog DLL:      DCM.DLL V1.13.1.0
Target DLL:      STLink\ST-LINKIII-KEIL_SWO.dll V2.0.14.0_KEIL
Dialog DLL:      TCM.DLL V1.14.4.0
 
<h2>Project:</h2>
C:\Users\16081\Desktop\publish\SmartTerminal\1.MainBoard\3.Software\SmartTerminal\MDK-ARM\DriverTester_F407.uvprojx
Project File Date:  09/08/2024

<h2>Output:</h2>
Build target 'DriverTester_F407'
assembling startup_stm32f407xx.s...
compiling main.c...
compiling gpio.c...
compiling freertos.c...
../Core/Src/freertos.c(83): warning:  #177-D: variable "pcWriteBuffer" was declared but never referenced
  static signed char pcWriteBuffer[200];
../Core/Src/freertos.c: 1 warning, 0 errors
compiling adc.c...
compiling can.c...
compiling dma.c...
compiling i2c.c...
compiling usart.c...
../Core/Src/usart.c(363): warning:  #223-D: function "strncmp" declared implicitly
                                if (strncmp(buf, "+IPD,", 5) == 0)
../Core/Src/usart.c(437): warning:  #223-D: function "memcpy" declared implicitly
        memcpy(rx_data, (uint8_t*)usart_rx_buf, rx_len);
../Core/Src/usart.c(451): warning:  #223-D: function "memset" declared implicitly
      memset((uint8_t*)usart_rx_buf, 0, 200);
../Core/Src/usart.c(462): warning:  #223-D: function "strcat" declared implicitly
        strcat(buf, cmd); //strcpy 
../Core/Src/usart.c(465): warning:  #223-D: function "strstr" declared implicitly
        if (strstr(buf, "\r\n") == 0)
../Core/Src/usart.c(474): warning:  #223-D: function "strlen" declared implicitly
        USART2_Transmit((uint8_t *)buf, strlen(buf), 500);
../Core/Src/usart.c(477): warning:  #223-D: function "memset" declared implicitly
        memset(buf, 0, 256); //buf清空
../Core/Src/usart.c(483): warning:  #223-D: function "strstr" declared implicitly
                        if (strstr(buf, reply)) 
../Core/Src/usart.c(510): warning:  #223-D: function "memset" declared implicitly
        memset(buf, 0, 256); //buf清空
../Core/Src/usart.c(516): warning:  #223-D: function "strstr" declared implicitly
                        if (strstr(buf, reply)) 
../Core/Src/usart.c(540): warning:  #223-D: function "strcat" declared implicitly
        strcat(buf, "AT+CIFSR\r\n");
../Core/Src/usart.c(546): warning:  #223-D: function "strlen" declared implicitly
        USART2_Transmit((uint8_t *)buf, strlen(buf), 500);
../Core/Src/usart.c(549): warning:  #223-D: function "memset" declared implicitly
        memset(buf, 0, 256); //buf清空
../Core/Src/usart.c(556): warning:  #223-D: function "strstr" declared implicitly
                        if (strstr(buf, "OK")) 
../Core/Src/usart.c(580): warning:  #223-D: function "strlen" declared implicitly
        uint8_t len = strlen(data);
../Core/Src/usart.c: 15 warnings, 0 errors
compiling stm32f4xx_it.c...
compiling stm32f4xx_hal_msp.c...
compiling stm32f4xx_hal_timebase_tim.c...
compiling stm32f4xx_hal_adc.c...
compiling stm32f4xx_hal_adc_ex.c...
compiling stm32f4xx_ll_adc.c...
compiling stm32f4xx_hal_rcc.c...
compiling stm32f4xx_hal_rcc_ex.c...
compiling stm32f4xx_hal_flash.c...
compiling stm32f4xx_hal_flash_ex.c...
compiling stm32f4xx_hal_flash_ramfunc.c...
compiling stm32f4xx_hal_gpio.c...
compiling stm32f4xx_hal_dma_ex.c...
compiling stm32f4xx_hal_dma.c...
compiling stm32f4xx_hal_pwr.c...
compiling stm32f4xx_hal_pwr_ex.c...
compiling stm32f4xx_hal_cortex.c...
compiling stm32f4xx_hal.c...
compiling stm32f4xx_hal_exti.c...
compiling stm32f4xx_hal_can.c...
compiling stm32f4xx_hal_i2c.c...
compiling stm32f4xx_hal_i2c_ex.c...
compiling stm32f4xx_hal_tim.c...
compiling stm32f4xx_hal_tim_ex.c...
compiling stm32f4xx_hal_uart.c...
compiling system_stm32f4xx.c...
compiling driver_oled.c...
..\Drivers\USER_Driver\driver_oled.c(243): warning:  #1-D: last line of file ends without a newline
       
..\Drivers\USER_Driver\driver_oled.c: 1 warning, 0 errors
compiling driver_joystick.c...
..\Drivers\USER_Driver\driver_joystick.c(86): warning:  #223-D: function "printf" declared implicitly
                printf("xValue = %d, yValue = %d, ButtonValue = %d\n", value.xValue, value.yValue, g_ButtonState);
..\Drivers\USER_Driver\driver_joystick.c(83): warning:  #177-D: variable "buttonValue" was declared but never referenced
        int buttonValue;
..\Drivers\USER_Driver\driver_joystick.c: 2 warnings, 0 errors
compiling driver_motorComm.c...
..\Drivers\USER_Driver\driver_motorComm.c(50): warning:  #223-D: function "memcpy" declared implicitly
                memcpy(&data[(motorID-1)*2], &(int16_t){voltage*1000}, 2);
..\Drivers\USER_Driver\driver_motorComm.c(55): warning:  #223-D: function "memcpy" declared implicitly
                memcpy(&data[(motorID-5)*2], &(int16_t){voltage*1000}, 2);
..\Drivers\USER_Driver\driver_motorComm.c(55): warning:  #175-D: subscript out of range
                memcpy(&data[(motorID-5)*2], &(int16_t){voltage*1000}, 2);
..\Drivers\USER_Driver\driver_motorComm.c(100): warning:  #223-D: function "printf" declared implicitly
        printf("angle is %f\n", getMotorAngle());
..\Drivers\USER_Driver\driver_motorComm.c: 4 warnings, 0 errors
compiling driver_led.c...
compiling driver_irq.c...
compiling driver_timer.c...
compiling Joystick.c...
compiling Motor.c...
..\App\Motor\Motor.c(98): warning:  #223-D: function "printf" declared implicitly
                printf("%f, %f, %f\n", getMotorAngle(), diffAngle, targetAngle);//物理角度，角度差值，目标角度
..\App\Motor\Motor.c: 1 warning, 0 errors
compiling pid.c...
compiling page.c...
..\App\UI\page.c(144): warning:  #188-D: enumerated type mixed with another type
        }while(getPage(id).InfMode==nStatic || getPage(id).InfMode==nBar || getPage(id).InfMode==nDynamic);
..\App\UI\page.c(144): warning:  #188-D: enumerated type mixed with another type
        }while(getPage(id).InfMode==nStatic || getPage(id).InfMode==nBar || getPage(id).InfMode==nDynamic);
..\App\UI\page.c(144): warning:  #188-D: enumerated type mixed with another type
        }while(getPage(id).InfMode==nStatic || getPage(id).InfMode==nBar || getPage(id).InfMode==nDynamic);
..\App\UI\page.c(149): warning:  #188-D: enumerated type mixed with another type
        setCurrentpage(id);
..\App\UI\page.c(178): warning:  #188-D: enumerated type mixed with another type
        }while(getPage(id).InfMode==nStatic || getPage(id).InfMode==nBar || getPage(id).InfMode==nDynamic);
..\App\UI\page.c(178): warning:  #188-D: enumerated type mixed with another type
        }while(getPage(id).InfMode==nStatic || getPage(id).InfMode==nBar || getPage(id).InfMode==nDynamic);
..\App\UI\page.c(178): warning:  #188-D: enumerated type mixed with another type
        }while(getPage(id).InfMode==nStatic || getPage(id).InfMode==nBar || getPage(id).InfMode==nDynamic);
..\App\UI\page.c(183): warning:  #188-D: enumerated type mixed with another type
        setCurrentpage(id);
..\App\UI\page.c(266): warning:  #188-D: enumerated type mixed with another type
        setCurrentpage(sonPage);
..\App\UI\page.c(294): warning:  #188-D: enumerated type mixed with another type
        setCurrentpage(faPage);
..\App\UI\page.c(311): warning:  #177-D: variable "j" was declared but never referenced
        int i, j;
..\App\UI\page.c(567): warning:  #177-D: variable "j" was declared but never referenced
        int i, j;
..\App\UI\page.c(589): warning:  #223-D: function "vTaskDelay" declared implicitly
                vTaskDelay(OLED_DELAY);
..\App\UI\page.c(619): warning:  #223-D: function "vTaskDelay" declared implicitly
                vTaskDelay(OLED_DELAY);
..\App\UI\page.c(896): warning:  #1-D: last line of file ends without a newline
  }
..\App\UI\page.c(617): warning:  #177-D: function "clearPage" was declared but never referenced
  static void clearPage(){
..\App\UI\page.c(822): warning:  #177-D: function "clearBottom" was declared but never referenced
  static void clearBottom(){
..\App\UI\page.c: 17 warnings, 0 errors
compiling UI.c...
..\App\UI\UI.c(61): warning:  #1035-D: single-precision operand implicitly converted to double-precision
                                        if(getMotorAngle()<_3_PI_4 - angleDiff)
..\App\UI\UI.c(67): warning:  #1035-D: single-precision operand implicitly converted to double-precision
                                        if(getMotorAngle()>_PI_4 - angleDiff)
..\App\UI\UI.c(86): warning:  #1035-D: single-precision operand implicitly converted to double-precision
                        float minAngle = _PI - angleDiff; //最小边界值
..\App\UI\UI.c(105): warning:  #1035-D: single-precision operand implicitly converted to double-precision
                                        case BriBar: setScreenBri((float)getCurrentpage().data*2.55);break;
..\App\UI\UI.c(106): warning:  #1035-D: single-precision operand implicitly converted to double-precision
                                        case IntensBar:setIntens((float)getCurrentpage().data*0.4+20);break;
..\App\UI\UI.c(36): warning:  #177-D: variable "targetAngle" was declared but never referenced
        float targetAngle = 0;
..\App\UI\UI.c(176): warning:  #1035-D: single-precision operand implicitly converted to double-precision
                                                        case Bright1: diffAngle = _PI - targetAngle;    break;
..\App\UI\UI.c(184): warning:  #1035-D: single-precision operand implicitly converted to double-precision
                                                diffAngle = -(float)getCurrentpage().data*_PI/50 + _PI - targetAngle;
..\App\UI\UI.c(236): warning:  #223-D: function "printf" declared implicitly
                printf("%d\n", getCurrentpageId());
..\App\UI\UI.c: 9 warnings, 0 errors
compiling mqttApp.c...
..\App\MQTT\mqttApp.c(48): warning:  #177-D: variable "cnt" was declared but never referenced
        int cnt = 0;
..\App\MQTT\mqttApp.c(140): warning:  #1-D: last line of file ends without a newline
  }
..\App\MQTT\mqttApp.c(140): warning:  #940-D: missing return statement at end of non-void function "makeMsg"
  }
..\App\MQTT\mqttApp.c(16): warning:  #177-D: function "smarthome_msg_handler" was declared but never referenced
  static void smarthome_msg_handler(void* client, message_data_t* msg)
..\App\MQTT\mqttApp.c: 4 warnings, 0 errors
compiling mqttclient.c...
compiling fifo.c...
compiling format.c...
compiling arch.c...
compiling nettype_tcp.c...
compiling network.c...
compiling platform_memory.c...
compiling platform_mutex.c...
compiling platform_net_socket.c...
compiling platform_thread.c...
compiling platform_timer.c...
compiling mqtt_list.c...
compiling random.c...
compiling MQTTConnectClient.c...
compiling MQTTConnectServer.c...
compiling MQTTDeserializePublish.c...
compiling MQTTFormat.c...
compiling MQTTPacket.c...
compiling MQTTSerializePublish.c...
compiling MQTTSubscribeClient.c...
compiling MQTTSubscribeServer.c...
compiling MQTTUnsubscribeClient.c...
compiling MQTTUnsubscribeServer.c...
compiling croutine.c...
compiling event_groups.c...
compiling list.c...
compiling queue.c...
compiling stream_buffer.c...
compiling tasks.c...
compiling timers.c...
compiling cmsis_os2.c...
compiling heap_4.c...
compiling port.c...
linking...
Program Size: Code=42100 RO-data=6780 RW-data=528 ZI-data=32720  
FromELF: creating hex file...
"DriverTester_F407\DriverTester_F407.axf" - 0 Error(s), 54 Warning(s).

<h2>Software Packages used:</h2>

Package Vendor: ARM
                http://www.keil.com/pack/ARM.CMSIS.4.2.0.pack
                ARM::CMSIS:CORE:3.40.0
                CMSIS (Cortex Microcontroller Software Interface Standard)
   * Component: CORE Version: 3.40.0

<h2>Collection of Component include folders:</h2>
  C:\Users\16081\Desktop\publish\SmartTerminal\1.MainBoard\3.Software\SmartTerminal\MDK-ARM\RTE
  D:\MDK5\ARM\PACK\ARM\CMSIS\4.2.0\CMSIS\Include
  D:\MDK5\ARM\PACK\Keil\STM32F4xx_DFP\2.17.1

<h2>Collection of Component Files used:</h2>

   * Component: ARM::CMSIS:CORE:3.40.0
      Source file:   CMSIS\UserCodeTemplates\ARM\ITM_Retarget.c
</pre>
</body>
</html>
