<html>
<body>
<pre>
<h1>礦ision Build Log</h1>
<h2>Tool Versions:</h2>
IDE-Version: μVision V5.14.0.0
Copyright (C) 2015 ARM Ltd and ARM Germany GmbH. All rights reserved.
License Information: NI Ervin, Ni, LIC=14HV2-9XZVI-SBPEJ-UFA04-XHREG-II879
 
Tool Versions:
Toolchain:       MDK-ARM Standard  Version: 5.14.0.0
Toolchain Path:  D:\MDK5\ARM\ARMCC\Bin
C Compiler:      Armcc.exe V5.05 update 1 (build 106)
Assembler:       Armasm.exe V5.05 update 1 (build 106)
Linker/Locator:  ArmLink.exe V5.05 update 1 (build 106)
Library Manager: ArmAr.exe V5.05 update 1 (build 106)
Hex Converter:   FromElf.exe V5.05 update 1 (build 106)
CPU DLL:         SARMCM3.DLL V5.14.0.0
Dialog DLL:      DCM.DLL V1.13.1.0
Target DLL:      STLink\ST-LINKIII-KEIL_SWO.dll V2.0.14.0_KEIL
Dialog DLL:      TCM.DLL V1.14.4.0
 
<h2>Project:</h2>
C:\Users\16081\Desktop\SmartTerminal\1.MainBoard\2.Hardware\SmartTerminal\MDK-ARM\DriverTester_F407.uvprojx
Project File Date:  05/08/2024

<h2>Output:</h2>
Build target 'DriverTester_F407'
assembling startup_stm32f407xx.s...
compiling main.c...
compiling gpio.c...
compiling freertos.c...
..\App\Joystick\joystick.h(7): warning:  #1-D: last line of file ends without a newline
  #endif
../Core/Src/freertos.c: 1 warning, 0 errors
compiling adc.c...
compiling can.c...
compiling dma.c...
compiling i2c.c...
compiling usart.c...
compiling stm32f4xx_it.c...
compiling stm32f4xx_hal_msp.c...
compiling stm32f4xx_hal_timebase_tim.c...
compiling stm32f4xx_hal_adc.c...
compiling stm32f4xx_hal_adc_ex.c...
compiling stm32f4xx_ll_adc.c...
compiling stm32f4xx_hal_rcc.c...
compiling stm32f4xx_hal_rcc_ex.c...
compiling stm32f4xx_hal_flash.c...
compiling stm32f4xx_hal_flash_ex.c...
compiling stm32f4xx_hal_flash_ramfunc.c...
compiling stm32f4xx_hal_gpio.c...
compiling stm32f4xx_hal_dma_ex.c...
compiling stm32f4xx_hal_dma.c...
compiling stm32f4xx_hal_pwr.c...
compiling stm32f4xx_hal_pwr_ex.c...
compiling stm32f4xx_hal_cortex.c...
compiling stm32f4xx_hal.c...
compiling stm32f4xx_hal_exti.c...
compiling stm32f4xx_hal_can.c...
compiling stm32f4xx_hal_i2c.c...
compiling stm32f4xx_hal_i2c_ex.c...
compiling stm32f4xx_hal_tim.c...
compiling stm32f4xx_hal_tim_ex.c...
compiling stm32f4xx_hal_uart.c...
compiling system_stm32f4xx.c...
compiling driver_oled.c...
..\Drivers\USER_Driver\driver_oled.c(243): warning:  #1-D: last line of file ends without a newline
       
..\Drivers\USER_Driver\driver_oled.c: 1 warning, 0 errors
compiling driver_joystick.c...
..\Drivers\USER_Driver\driver_joystick.c(86): warning:  #223-D: function "printf" declared implicitly
                printf("xValue = %d, yValue = %d, ButtonValue = %d\n", value.xValue, value.yValue, g_ButtonState);
..\Drivers\USER_Driver\driver_joystick.c(83): warning:  #177-D: variable "buttonValue" was declared but never referenced
        int buttonValue;
..\Drivers\USER_Driver\driver_joystick.c: 2 warnings, 0 errors
compiling driver_motorComm.c...
..\Drivers\USER_Driver\driver_motorComm.c(60): warning:  #223-D: function "memcpy" declared implicitly
                memcpy(&data[(motorID-1)*2], &(int16_t){voltage*1000}, 2);
..\Drivers\USER_Driver\driver_motorComm.c(65): warning:  #223-D: function "memcpy" declared implicitly
                memcpy(&data[(motorID-5)*2], &(int16_t){voltage*1000}, 2);
..\Drivers\USER_Driver\driver_motorComm.c(100): warning:  #223-D: function "printf" declared implicitly
        printf("angle is %f\n", getMotorAngle());
..\Drivers\USER_Driver\driver_motorComm.c: 3 warnings, 0 errors
compiling inv_mpu.c...
compiling inv_mpu_dmp_motion_driver.c...
compiling mpu6050.c...
compiling mpu6050_IIC.c...
compiling driver_led.c...
compiling driver_irq.c...
compiling Joystick.c...
..\App\Joystick\Joystick.c(39): warning:  #223-D: function "printf" declared implicitly
                printf("Button is pressed!\n");
..\App\Joystick\Joystick.c: 1 warning, 0 errors
compiling Motor.c...
..\App\Motor\Motor.c(55): warning:  #223-D: function "printf" declared implicitly
                printf("%f, %f, %f\n", getMotorAngle(), diffAngle, targetAngle);//物理角度，角度差值，目标角度
..\App\Motor\Motor.c: 1 warning, 0 errors
compiling pid.c...
compiling page.c...
..\App\UI\page.c(144): warning:  #188-D: enumerated type mixed with another type
        }while(getPage(id).InfMode==nStatic || getPage(id).InfMode==nBar || getPage(id).InfMode==nDynamic);
..\App\UI\page.c(144): warning:  #188-D: enumerated type mixed with another type
        }while(getPage(id).InfMode==nStatic || getPage(id).InfMode==nBar || getPage(id).InfMode==nDynamic);
..\App\UI\page.c(144): warning:  #188-D: enumerated type mixed with another type
        }while(getPage(id).InfMode==nStatic || getPage(id).InfMode==nBar || getPage(id).InfMode==nDynamic);
..\App\UI\page.c(149): warning:  #188-D: enumerated type mixed with another type
        setCurrentpage(id);
..\App\UI\page.c(178): warning:  #188-D: enumerated type mixed with another type
        }while(getPage(id).InfMode==nStatic || getPage(id).InfMode==nBar || getPage(id).InfMode==nDynamic);
..\App\UI\page.c(178): warning:  #188-D: enumerated type mixed with another type
        }while(getPage(id).InfMode==nStatic || getPage(id).InfMode==nBar || getPage(id).InfMode==nDynamic);
..\App\UI\page.c(178): warning:  #188-D: enumerated type mixed with another type
        }while(getPage(id).InfMode==nStatic || getPage(id).InfMode==nBar || getPage(id).InfMode==nDynamic);
..\App\UI\page.c(183): warning:  #188-D: enumerated type mixed with another type
        setCurrentpage(id);
..\App\UI\page.c(266): warning:  #188-D: enumerated type mixed with another type
        setCurrentpage(sonPage);
..\App\UI\page.c(294): warning:  #188-D: enumerated type mixed with another type
        setCurrentpage(faPage);
..\App\UI\page.c(311): warning:  #177-D: variable "j" was declared but never referenced
        int i, j;
..\App\UI\page.c(549): warning:  #177-D: variable "j" was declared but never referenced
        int i, j;
..\App\UI\page.c(571): warning:  #223-D: function "vTaskDelay" declared implicitly
                vTaskDelay(OLED_DELAY);
..\App\UI\page.c(601): warning:  #223-D: function "vTaskDelay" declared implicitly
                vTaskDelay(OLED_DELAY);
..\App\UI\page.c(878): warning:  #1-D: last line of file ends without a newline
  }
..\App\UI\page.c(599): warning:  #177-D: function "clearPage" was declared but never referenced
  static void clearPage(){
..\App\UI\page.c(804): warning:  #177-D: function "clearBottom" was declared but never referenced
  static void clearBottom(){
..\App\UI\page.c: 17 warnings, 0 errors
compiling UI.c...
..\App\UI\UI.c(66): warning:  #1035-D: single-precision operand implicitly converted to double-precision
                                        if(getMotorAngle()<_3_PI_4 - angleDiff){
..\App\UI\UI.c(76): warning:  #1035-D: single-precision operand implicitly converted to double-precision
                                        if(getMotorAngle()>_PI_4 - angleDiff){
..\App\UI\UI.c(77): warning:  #1035-D: single-precision operand implicitly converted to double-precision
                                                targetAngle = _PI - angleDiff;
..\App\UI\UI.c(107): warning:  #1035-D: single-precision operand implicitly converted to double-precision
                        float minAngle = _PI - angleDiff; //最小边界值
..\App\UI\UI.c(124): warning:  #1035-D: single-precision operand implicitly converted to double-precision
                                        case BriBar: setScreenBri((float)getCurrentpage().data*2.55);break;
..\App\UI\UI.c(125): warning:  #1035-D: single-precision operand implicitly converted to double-precision
                                        case IntensBar:setIntens((float)getCurrentpage().data*0.4+20);break;
..\App\UI\UI.c(194): warning:  #1035-D: single-precision operand implicitly converted to double-precision
                                                        case Bright1: diffAngle = _PI - targetAngle;    break;
..\App\UI\UI.c(202): warning:  #1035-D: single-precision operand implicitly converted to double-precision
                                                diffAngle = -(float)getCurrentpage().data*_PI/50 + _PI - targetAngle;
..\App\UI\UI.c(254): warning:  #223-D: function "printf" declared implicitly
                printf("%d\n", getCurrentpageId());
..\App\UI\UI.c: 9 warnings, 0 errors
compiling croutine.c...
compiling event_groups.c...
compiling list.c...
compiling queue.c...
compiling stream_buffer.c...
compiling tasks.c...
compiling timers.c...
compiling cmsis_os2.c...
compiling heap_4.c...
compiling port.c...
linking...
Program Size: Code=27996 RO-data=5908 RW-data=464 ZI-data=20576  
FromELF: creating hex file...
"DriverTester_F407\DriverTester_F407.axf" - 0 Error(s), 35 Warning(s).

<h2>Software Packages used:</h2>

Package Vendor: ARM
                http://www.keil.com/pack/ARM.CMSIS.4.2.0.pack
                ARM::CMSIS:CORE:3.40.0
                CMSIS (Cortex Microcontroller Software Interface Standard)
   * Component: CORE Version: 3.40.0

<h2>Collection of Component include folders:</h2>
  C:\Users\16081\Desktop\SmartTerminal\1.MainBoard\2.Hardware\SmartTerminal\MDK-ARM\RTE
  D:\MDK5\ARM\PACK\ARM\CMSIS\4.2.0\CMSIS\Include
  D:\MDK5\ARM\PACK\Keil\STM32F4xx_DFP\2.17.1

<h2>Collection of Component Files used:</h2>

   * Component: ARM::CMSIS:CORE:3.40.0
      Source file:   CMSIS\UserCodeTemplates\ARM\ITM_Retarget.c
</pre>
</body>
</html>
